cargo : warning: function `extract_cli_input_line_from_buffer` is never used
所在位置 行:1 字符: 1
+ cargo test --workspace --locked > test_output.txt 2>&1
+ ~~~~~~~~~~~~~~~~~~~~~~~~~~~~~~~~~~~~~~~~~~~~~~~~~~~~~~
    + CategoryInfo          : NotSpecified: (warning: functi...` is never used:String) [], RemoteException
    + FullyQualifiedErrorId : NativeCommandError
 
  --> crates\app\src\chat\cli_input.rs:16:15
   |
16 | pub(super) fn extract_cli_input_line_from_buffer(
   |               ^^^^^^^^^^^^^^^^^^^^^^^^^^^^^^^^^^
   |
   = note: `#[warn(dead_code)]` (part of `#[warn(unused)]`) on by default

warning: function `finalize_cli_input_buffer` is never used
  --> crates\app\src\chat\cli_input.rs:31:15
   |
31 | pub(super) fn finalize_cli_input_buffer(buffer: &mut Vec<u8>) -> CliResult<Option<String>> {
   |               ^^^^^^^^^^^^^^^^^^^^^^^^^

warning: function `normalize_cli_input_line_bytes` is never used
  --> crates\app\src\chat\cli_input.rs:44:4
   |
44 | fn normalize_cli_input_line_bytes(mut bytes: Vec<u8>) -> Vec<u8> {
   |    ^^^^^^^^^^^^^^^^^^^^^^^^^^^^^^

warning: `loong-app` (lib) generated 3 warnings
warning: unused import: `list_channel_catalog`
    --> crates\app\src\channel\registry_bridge.rs:1027:59
     |
1027 |         ChannelOperationHealth, channel_status_snapshots, list_channel_catalog,
     |                                                           ^^^^^^^^^^^^^^^^^^^^
     |
     = note: `#[warn(unused_imports)]` (part of `#[warn(unused)]`) on by default

warning: unused import: `crate::test_support::ScopedCurrentDir`
 --> crates\app\src\tools\tests/bash_exec_tests.rs:2:5
  |
2 | use crate::test_support::ScopedCurrentDir;
  |     ^^^^^^^^^^^^^^^^^^^^^^^^^^^^^^^^^^^^^

warning: unused import: `resolve_command_invocation`
   --> crates\app\src\process_launch.rs:276:9
    |
276 |         resolve_command_invocation, retry_executable_file_busy_async,
    |         ^^^^^^^^^^^^^^^^^^^^^^^^^^

warning: constant `ACPX_RUNTIME_TEST_TIMEOUT_SECONDS` is never used
   --> crates\app\src\acp\acpx.rs:761:11
    |
761 |     const ACPX_RUNTIME_TEST_TIMEOUT_SECONDS: f64 = 45.0;
    |           ^^^^^^^^^^^^^^^^^^^^^^^^^^^^^^^^^
    |
    = note: `#[warn(dead_code)]` (part of `#[warn(unused)]`) on by default

warning: function `execute_tool_core_with_trusted_subprocess_test_context` is never used
  --> crates\app\src\tools\tests/bash_exec_tests.rs:12:4
   |
12 | fn execute_tool_core_with_trusted_subprocess_test_context(
   |    ^^^^^^^^^^^^^^^^^^^^^^^^^^^^^^^^^^^^^^^^^^^^^^^^^^^^^^

warning: `loong-app` (lib test) generated 5 warnings (run `cargo fix --lib -p loong-app --tests` to apply 3 suggestions)
warning: unused import: `std::fs`
 --> crates\daemon\src\doctor_security_cli.rs:1:5
  |
1 | use std::fs;
  |     ^^^^^^^
  |
  = note: `#[warn(unused_imports)]` (part of `#[warn(unused)]`) on by default

warning: unreachable statement
   --> crates\daemon\src\gateway\state.rs:807:5
    |
804 |           return Ok(());
    |           ------------- any code following this expression is unreachable
...
807 | /     let dir = fs::File::open(parent).map_err(|error| {
808 | |         format!(
809 | |             "open {context} parent directory failed for {}: {error}",
810 | |             parent.display()
811 | |         )
812 | |     })?;
    | |________^ unreachable statement
    |
    = note: `#[warn(unreachable_code)]` (part of `#[warn(unused)]`) on by default

warning: constant `GATEWAY_CONTROL_TOKEN_FILE_MODE` is never used
  --> crates\daemon\src\gateway\control.rs:67:7
   |
67 | const GATEWAY_CONTROL_TOKEN_FILE_MODE: u32 = 0o600;
   |       ^^^^^^^^^^^^^^^^^^^^^^^^^^^^^^^
   |
   = note: `#[warn(dead_code)]` (part of `#[warn(unused)]`) on by default

warning: constant `GATEWAY_CONTROL_RUNTIME_DIR_MODE` is never used
  --> crates\daemon\src\gateway\control.rs:68:7
   |
68 | const GATEWAY_CONTROL_RUNTIME_DIR_MODE: u32 = 0o700;
   |       ^^^^^^^^^^^^^^^^^^^^^^^^^^^^^^^^

warning: unused imports: `Read`, `Write`, `net::TcpListener`, and `thread`
   --> crates\daemon\src\update_cli.rs:423:14
    |
423 |         io::{Read, Write},
    |              ^^^^  ^^^^^
424 |         net::TcpListener,
    |         ^^^^^^^^^^^^^^^^
425 |         sync::Mutex,
426 |         thread,
    |         ^^^^^^
    |
    = note: `#[warn(unused_imports)]` (part of `#[warn(unused)]`) on by default

warning: unused import: `tempfile::TempDir`
   --> crates\daemon\src\update_cli.rs:429:9
    |
429 |     use tempfile::TempDir;
    |         ^^^^^^^^^^^^^^^^^

warning: unused variable: `checks`
    --> crates\daemon\src\doctor_cli.rs:4095:13
     |
4095 |         let checks = check_channel_surfaces(&config);
     |             ^^^^^^ help: if this is intentional, prefix it with an underscore: `_checks`
     |
     = note: `#[warn(unused_variables)]` (part of `#[warn(unused)]`) on by default

warning: unused variable: `checks`
    --> crates\daemon\src\doctor_cli.rs:4138:13
     |
4138 |         let checks = check_channel_surfaces(&config);
     |             ^^^^^^ help: if this is intentional, prefix it with an underscore: `_checks`

warning: function `set_browser_companion_env_var` is never used
    --> crates\daemon\src\doctor_cli.rs:3737:8
     |
3737 |     fn set_browser_companion_env_var(key: &str, value: &str) {
     |        ^^^^^^^^^^^^^^^^^^^^^^^^^^^^^
     |
     = note: `#[warn(dead_code)]` (part of `#[warn(unused)]`) on by default

warning: constant `GATEWAY_CONTROL_TOKEN_FILE_MODE` is never used
  --> crates\daemon\src\gateway\control.rs:67:7
   |
67 | const GATEWAY_CONTROL_TOKEN_FILE_MODE: u32 = 0o600;
   |       ^^^^^^^^^^^^^^^^^^^^^^^^^^^^^^^

warning: static `ENV_LOCK` is never used
   --> crates\daemon\src\update_cli.rs:431:12
    |
431 |     static ENV_LOCK: Mutex<()> = Mutex::new(());
    |            ^^^^^^^^

warning: `loong` (lib) generated 4 warnings (run `cargo fix --lib -p loong` to apply 1 suggestion)
warning: `loong` (lib test) generated 9 warnings (2 duplicates) (run `cargo fix --lib -p loong --tests` to apply 4 suggest
ions)
    Finished `test` profile [unoptimized + debuginfo] target(s) in 1.14s
     Running unittests src\lib.rs (target\debug\deps\loong_daemon-f9a66567cb7131ab.exe)

running 725 tests
test acp_cli::tests::acp_dispatch_errors_use_grouped_runtime_namespace ... ok
test acp_cli::tests::acp_event_summary_errors_use_grouped_runtime_namespace ... ok
test audit_cli::tests::audit_discovery_group_correlated_summary_command_broadens_to_workload_window ... ok
test audit_cli::tests::audit_discovery_group_drill_down_command_preserves_filters ... ok
test audit_cli::tests::audit_discovery_rejects_excessive_limit ... ok
test audit_cli::tests::audit_discovery_group_correlated_remediation_command_targets_token_summary ... ok
test audit_cli::tests::audit_discovery_rejects_until_before_since ... ok
test audit_cli::tests::audit_discovery_text_and_json_render_trust_rollups ... ok
test audit_cli::tests::audit_recent_rejects_excessive_limit ... ok
test acp_cli::tests::acp_status_errors_use_grouped_runtime_namespace ... ok
test audit_cli::tests::audit_recent_rejects_zero_limit ... ok
test audit_cli::tests::audit_recent_text_renders_tool_search_trust_conflict_details ... ok
test audit_cli::tests::audit_recent_reports_missing_journal_with_first_write_hint ... ok
test audit_cli::tests::audit_recent_reports_in_memory_mode_when_journal_is_missing ... ok
test audit_cli::tests::audit_recent_filters_by_query_contains_and_trust_tier ... ok
test audit_cli::tests::audit_recent_json_includes_loaded_events_and_journal_path ... ok
test audit_cli::tests::audit_recent_execution_keeps_last_events_in_order ... ok
test audit_cli::tests::audit_recent_filters_by_time_window_inclusively ... ok
test audit_cli::tests::audit_discovery_filters_tool_search_events_and_rolls_up_trust_context ... ok
test audit_cli::tests::audit_recent_filters_by_pack_id_and_agent_id ... ok
test audit_cli::tests::audit_discovery_groups_by_agent ... ok
test audit_cli::tests::audit_summary_json_includes_triage_fields ... ok
test audit_cli::tests::audit_summary_json_uses_empty_and_null_triage_fields_when_no_triage_events_exist ... ok
test audit_cli::tests::audit_summary_rejects_excessive_limit ... ok
test audit_cli::tests::audit_recent_filters_by_kind_and_uses_filtered_window_limit ... ok
test audit_cli::tests::audit_summary_text_includes_triage_counts_and_last_seen_fields ... ok
test audit_cli::tests::audit_summary_text_uses_placeholders_when_no_triage_events_exist ... ok
test audit_cli::tests::audit_summary_groups_by_token ... ok
test audit_cli::tests::audit_summary_filters_by_agent_id ... ok
test audit_cli::tests::audit_summary_ignores_non_blocking_security_scan_for_triage_rollups ... ok
test audit_cli::tests::audit_summary_filters_by_triage_label ... ok
test audit_cli::tests::audit_summary_rolls_up_event_kinds_and_last_seen_fields ... ok
test audit_cli::tests::audit_token_trail_text_and_json_render_lifecycle ... ok
test audit_cli::tests::audit_repair_reports_refused_for_tampered_journal ... ok
test audit_cli::tests::audit_summary_ignores_non_blocking_plugin_trust_for_triage_rollups ... ok
test audit_cli::tests::audit_repair_reports_healthy_for_valid_chain ... ok
test browser_companion_diagnostics::tests::browser_companion_probe_timeout_duration_saturates ... ok
test browser_companion_diagnostics::tests::observed_version_matches_expected_accepts_exact_tokens ... ok
test browser_companion_diagnostics::tests::observed_version_matches_expected_rejects_partial_numeric_matches ... ok
test audit_cli::tests::audit_summary_tracks_tool_search_trust_conflict_triage ... ok
test audit_cli::tests::audit_repair_reports_repaired_for_legacy_prefix ... ok
test browser_companion_diagnostics::tests::observed_version_matches_expected_rejects_suffix_variants ... ok
test browser_preview::tests::browser_preview_commands_shell_escape_config_paths ... ok
test audit_cli::tests::audit_recent_filters_by_event_id_and_token_id ... ok
test channel_send_cli_tests::discord_send_cli_accepts_conversation_target_kind ... ok
test channel_send_cli_tests::discord_send_cli_rejects_non_conversation_target_kind ... ok
test channel_send_cli_tests::discord_send_cli_requires_target ... ok
test channel_send_cli_tests::email_send_cli_accepts_address_target_kind ... ok
test channel_send_cli_tests::email_send_cli_rejects_non_address_target_kind ... ok
test channel_send_cli_tests::email_send_cli_requires_target ... ok
test channel_resolution::tests::channel_resolution_resolves_catalog_aliases ... ok
test channel_send_cli_tests::irc_send_cli_accepts_conversation_target_kind ... ok
test channel_send_cli_tests::irc_send_cli_rejects_non_conversation_target_kind ... ok
test channel_resolution::tests::channel_resolution_prefers_known_session_targets_over_catalog_aliases ... ok
test channel_resolution::tests::channel_resolution_text_renders_known_session_summary ... ok
test channel_send_cli_tests::managed_bridge_send_cli_accepts_conversation_target_kind ... ok
test channel_send_cli_tests::managed_bridge_send_cli_rejects_non_conversation_target_kind ... ok
test audit_cli::tests::audit_token_trail_filters_token_events_and_summarizes_lifecycle ... ok
test channel_send_cli_tests::nostr_send_cli_accepts_address_target_kind ... ok
test channel_send_cli_tests::managed_bridge_send_cli_requires_target ... ok
test channel_send_cli_tests::nostr_send_cli_rejects_non_address_target_kind ... ok
test audit_cli::tests::audit_token_trail_reports_truncated_matching_events ... ok
test audit_cli::tests::audit_verify_reports_in_memory_mode_when_journal_is_missing ... ok
test channel_send_cli_tests::twitch_send_cli_accepts_conversation_target_kind ... ok
test channel_send_cli_tests::twitch_send_cli_rejects_non_conversation_target_kind ... ok
test cli_handoff::tests::format_ask_with_config_shell_quotes_message_content ... ok
test channel_send_cli_tests::twitch_send_cli_requires_target ... ok
test cli_handoff::tests::format_ask_with_config_shell_quotes_the_config_path ... ok
test cli_handoff::tests::format_subcommand_with_config_shell_quotes_the_config_path ... ok
test cli_handoff::tests::shell_quote_argument_escapes_single_quotes ... ok
test command_kind::tests::command_kind_for_logging_uses_stable_variant_names ... ok
test channel_send_cli_tests::irc_send_cli_requires_target ... ok
test audit_cli::tests::audit_verify_reports_missing_journal_with_first_write_hint ... ok
test audit_cli::tests::audit_verify_accepts_legacy_prefix_and_verifies_protected_tail ... ok
test audit_cli::tests::audit_verify_reports_first_invalid_line_for_tampered_chain ... ok
test audit_cli::tests::audit_verify_reports_valid_chain_for_fresh_journal ... ok
test completions_cli::tests::completions_fish_non_empty ... ok
# Print an optspec for argparse to handle cmd's options that are independent of any subcommand.
function __fish_loong_global_optspecs
	string join \n h/help V/version
end

function __fish_loong_needs_command
	# Figure out if the current invocation already has a command.
	set -l cmd (commandline -opc)
	set -e cmd[1]
	argparse -s (__fish_loong_global_optspecs) -- $cmd 2>/dev/null
	or return
	if set -q argv[1]
		# Also print the command, so this can be used to figure out what it is.
		echo $argv[1]
		return 1
	end
	return 0
end

function __fish_loong_using_subcommand
	set -l cmd (__fish_loong_needs_command)
	test -z "$cmd"
	and return 1
	contains -- $cmd[1] $argv
end

complete -c loong -n "__fish_loong_needs_command" -s h -l help -d 'Print help'
complete -c loong -n "__fish_loong_needs_command" -s V -l version -d 'Print version'
complete -c loong -n "__fish_loong_needs_command" -f -a "demo" -d 'Run the original end-to-end bootstrap demo'
complete -c loong -n "__fish_loong_needs_command" -f -a "update" -d 'Update this Loong install to the latest stable GitHub release'
complete -c loong -n "__fish_loong_needs_command" -f -a "run-task" -d 'Deprecated compatibility alias for the generic task runner'
complete -c loong -n "__fish_loong_needs_command" -f -a "turn" -d 'Run agent turns through the unified runtime entry surface'
complete -c loong -n "__fish_loong_needs_command" -f -a "invoke-connector" -d 'Invoke one connector operation through kernel policy gate'
complete -c loong -n "__fish_loong_needs_command" -f -a "audit-demo" -d 'Demonstrate audit lifecycle with fixed clock and token revocation'
complete -c loong -n "__fish_loong_needs_command" -f -a "init-spec" -d 'Generate a runnable JSON spec template for quick vertical customization'
complete -c loong -n "__fish_loong_needs_command" -f -a "run-spec" -d 'Run a full workflow from a JSON spec (task/connector/runtime/tool/memory)'
complete -c loong -n "__fish_loong_needs_command" -f -a "benchmark-programmatic-pressure" -d 'Run pressure benchmarks for programmatic orchestration and optional regression gate checks'
complete -c loong -n "__fish_loong_needs_command" -f -a "benchmark-programmatic-pressure-lint" -d 'Lint pressure baseline coverage without running benchmark scenarios'
complete -c loong -n "__fish_loong_needs_command" -f -a "benchmark-wasm-cache" -d 'Benchmark Wasm compile cache behavior and enforce hot-path speedup gate'
complete -c loong -n "__fish_loong_needs_command" -f -a "benchmark-memory-context" -d 'Benchmark memory prompt-context hydration across window-only, rebuild, steady-state, and shrink catch-up summary paths'
complete -c loong -n "__fish_loong_needs_command" -f -a "validate-config" -d 'Validate config semantics and report structured diagnostics'
complete -c loong -n "__fish_loong_needs_command" -f -a "onboard" -d 'Guided onboarding for fast first-chat setup with preflight diagnostics'
complete -c loong -n "__fish_loong_needs_command" -f -a "personalize" -d 'Capture optional operator preferences for future sessions'
complete -c loong -n "__fish_loong_needs_command" -f -a "doctor" -d 'Run configuration diagnostics and optionally apply safe config/path fixes'
complete -c loong -n "__fish_loong_needs_command" -f -a "debug" -d 'Build one developer-facing debug bundle over runtime, provider, ACP, session, and audit signals'
complete -c loong -n "__fish_loong_needs_command" -f -a "audit" -d 'Inspect the retained audit journal through a bounded CLI surface'
complete -c loong -n "__fish_loong_needs_command" -f -a "skills" -d 'Manage installed external skills through an operator-facing CLI surface'
complete -c loong -n "__fish_loong_needs_command" -f -a "tasks" -d 'Manage async background tasks on top of the current session runtime'
complete -c loong -n "__fish_loong_needs_command" -f -a "delegate-child-run"
complete -c loong -n "__fish_loong_needs_command" -f -a "sessions" -d 'Inspect and manage persisted runtime sessions through an operator-facing session shell'
complete -c loong -n "__fish_loong_needs_command" -f -a "status" -d 'Print one operator-readable runtime summary over gateway, ACP, and durable work-unit health'
complete -c loong -n "__fish_loong_needs_command" -f -a "plugins" -d 'Author manifest-first plugin packages and inspect shared plugin governance truth'
complete -c loong -n "__fish_loong_needs_command" -f -a "plugin" -d 'Author manifest-first plugin packages and inspect shared plugin governance truth'
complete -c loong -n "__fish_loong_needs_command" -f -a "channels" -d 'Inspect channels or run canonical grouped channel operations'
complete -c loong -n "__fish_loong_needs_command" -f -a "runtime" -d 'Inspect runtime, ACP, MCP, snapshot, and trajectory operator surfaces'
complete -c loong -n "__fish_loong_needs_command" -f -a "chat" -d 'Start interactive CLI chat channel with sliding-window memory'
complete -c loong -n "__fish_loong_needs_command" -f -a "gateway" -d 'Run the gateway lifecycle namespace'
complete -c loong -n "__fish_loong_needs_command" -f -a "feishu" -d 'Run the Feishu integration namespace'
complete -c loong -n "__fish_loong_needs_command" -f -a "completions" -d 'Print a shell completion script to stdout'
complete -c loong -n "__fish_loong_needs_command" -f -a "welcome" -d 'Show a welcome banner for an already configured install'
complete -c loong -n "__fish_loong_needs_command" -f -a "import" -d 'Preview or apply migration sources explicitly'
complete -c loong -n "__fish_loong_needs_command" -f -a "migrate" -d 'Preview or apply config import modes explicitly'
complete -c loong -n "__fish_loong_needs_command" -f -a "ask" -d 'Run one non-interactive assistant turn'
complete -c loong -n "__fish_loong_needs_command" -f -a "help" -d 'Print this message or the help of the given subcommand(s)'
complete -c loong -n "__fish_loong_using_subcommand demo" -s h -l help -d 'Print help'
complete -c loong -n "__fish_loong_using_subcommand update" -s h -l help -d 'Print help (see more with \'--help\')'
complete -c loong -n "__fish_loong_using_subcommand run-task" -l objective -r
complete -c loong -n "__fish_loong_using_subcommand run-task" -l payload -r
complete -c loong -n "__fish_loong_using_subcommand run-task" -s h -l help -d 'Print help'
complete -c loong -n "__fish_loong_using_subcommand turn; and not __fish_seen_subcommand_from run help" -s h -l help -d 'Print help'
complete -c loong -n "__fish_loong_using_subcommand turn; and not __fish_seen_subcommand_from run help" -f -a "run" -d 'Run one non-interactive assistant turn through the unified runtime'
complete -c loong -n "__fish_loong_using_subcommand turn; and not __fish_seen_subcommand_from run help" -f -a "help" -d 'Print this message or the help of the given subcommand(s)'
complete -c loong -n "__fish_loong_using_subcommand turn; and __fish_seen_subcommand_from run" -l config -r
complete -c loong -n "__fish_loong_using_subcommand turn; and __fish_seen_subcommand_from run" -l session -r
complete -c loong -n "__fish_loong_using_subcommand turn; and __fish_seen_subcommand_from run" -l message -r
complete -c loong -n "__fish_loong_using_subcommand turn; and __fish_seen_subcommand_from run" -l acp-bootstrap-mcp-server -r
complete -c loong -n "__fish_loong_using_subcommand turn; and __fish_seen_subcommand_from run" -l acp-cwd -r
complete -c loong -n "__fish_loong_using_subcommand turn; and __fish_seen_subcommand_from run" -l acp
complete -c loong -n "__fish_loong_using_subcommand turn; and __fish_seen_subcommand_from run" -l acp-event-stream
complete -c loong -n "__fish_loong_using_subcommand turn; and __fish_seen_subcommand_from run" -s h -l help -d 'Print help (see more with \'--help\')'
complete -c loong -n "__fish_loong_using_subcommand turn; and __fish_seen_subcommand_from help" -f -a "run" -d 'Run one non-interactive assistant turn through the unified runtime'
complete -c loong -n "__fish_loong_using_subcommand turn; and __fish_seen_subcommand_from help" -f -a "help" -d 'Print this message or the help of the given subcommand(s)'
complete -c loong -n "__fish_loong_using_subcommand invoke-connector" -l operation -r
complete -c loong -n "__fish_loong_using_subcommand invoke-connector" -l payload -r
complete -c loong -n "__fish_loong_using_subcommand invoke-connector" -s h -l help -d 'Print help'
complete -c loong -n "__fish_loong_using_subcommand audit-demo" -s h -l help -d 'Print help'
complete -c loong -n "__fish_loong_using_subcommand init-spec" -l output -r
complete -c loong -n "__fish_loong_using_subcommand init-spec" -l preset -r -f -a "default\t''
plugin-trust-guard\t''"
complete -c loong -n "__fish_loong_using_subcommand init-spec" -s h -l help -d 'Print help'
complete -c loong -n "__fish_loong_using_subcommand run-spec" -l spec -r
complete -c loong -n "__fish_loong_using_subcommand run-spec" -l bridge-support -d 'Optional JSON file containing a bridge support policy override for this spec run' -r
complete -c loong -n "__fish_loong_using_subcommand run-spec" -l bridge-profile -d 'Optional bundled bridge support profile override for this spec run' -r -f -a "native-balanced\t''
openclaw-ecosystem-balanced\t''"
complete -c loong -n "__fish_loong_using_subcommand run-spec" -l bridge-support-delta -d 'Optional delta artifact JSON file derived from a bundled bridge support profile' -r
complete -c loong -n "__fish_loong_using_subcommand run-spec" -l bridge-support-sha256 -d 'Optional sha256 pin for the resolved bridge support policy override' -r
complete -c loong -n "__fish_loong_using_subcommand run-spec" -l bridge-support-delta-sha256 -d 'Optional sha256 pin for the bridge support delta artifact override' -r
complete -c loong -n "__fish_loong_using_subcommand run-spec" -l print-audit
complete -c loong -n "__fish_loong_using_subcommand run-spec" -l render-summary
complete -c loong -n "__fish_loong_using_subcommand run-spec" -s h -l help -d 'Print help'
complete -c loong -n "__fish_loong_using_subcommand benchmark-programmatic-pressure" -l matrix -r
complete -c loong -n "__fish_loong_using_subcommand benchmark-programmatic-pressure" -l baseline -r
complete -c loong -n "__fish_loong_using_subcommand benchmark-programmatic-pressure" -l output -r
complete -c loong -n "__fish_loong_using_subcommand benchmark-programmatic-pressure" -l enforce-gate
complete -c loong -n "__fish_loong_using_subcommand benchmark-programmatic-pressure" -l preflight-fail-on-warnings
complete -c loong -n "__fish_loong_using_subcommand benchmark-programmatic-pressure" -s h -l help -d 'Print help'
complete -c loong -n "__fish_loong_using_subcommand benchmark-programmatic-pressure-lint" -l matrix -r
complete -c loong -n "__fish_loong_using_subcommand benchmark-programmatic-pressure-lint" -l baseline -r
complete -c loong -n "__fish_loong_using_subcommand benchmark-programmatic-pressure-lint" -l output -r
complete -c loong -n "__fish_loong_using_subcommand benchmark-programmatic-pressure-lint" -l enforce-gate
complete -c loong -n "__fish_loong_using_subcommand benchmark-programmatic-pressure-lint" -l fail-on-warnings
complete -c loong -n "__fish_loong_using_subcommand benchmark-programmatic-pressure-lint" -s h -l help -d 'Print help'
complete -c loong -n "__fish_loong_using_subcommand benchmark-wasm-cache" -l wasm -r
complete -c loong -n "__fish_loong_using_subcommand benchmark-wasm-cache" -l output -r
complete -c loong -n "__fish_loong_using_subcommand benchmark-wasm-cache" -l cold-iterations -r
complete -c loong -n "__fish_loong_using_subcommand benchmark-wasm-cache" -l hot-iterations -r
complete -c loong -n "__fish_loong_using_subcommand benchmark-wasm-cache" -l warmup-iterations -r
complete -c loong -n "__fish_loong_using_subcommand benchmark-wasm-cache" -l min-speedup-ratio -r
complete -c loong -n "__fish_loong_using_subcommand benchmark-wasm-cache" -l enforce-gate
complete -c loong -n "__fish_loong_using_subcommand benchmark-wasm-cache" -s h -l help -d 'Print help'
complete -c loong -n "__fish_loong_using_subcommand benchmark-memory-context" -l output -r
complete -c loong -n "__fish_loong_using_subcommand benchmark-memory-context" -l temp-root -r
complete -c loong -n "__fish_loong_using_subcommand benchmark-memory-context" -l history-turns -r
complete -c loong -n "__fish_loong_using_subcommand benchmark-memory-context" -l sliding-window -r
complete -c loong -n "__fish_loong_using_subcommand benchmark-memory-context" -l summary-max-chars -r
complete -c loong -n "__fish_loong_using_subcommand benchmark-memory-context" -l words-per-turn -r
complete -c loong -n "__fish_loong_using_subcommand benchmark-memory-context" -l rebuild-iterations -r
complete -c loong -n "__fish_loong_using_subcommand benchmark-memory-context" -l hot-iterations -r
complete -c loong -n "__fish_loong_using_subcommand benchmark-memory-context" -l warmup-iterations -r
complete -c loong -n "__fish_loong_using_subcommand benchmark-memory-context" -l suite-repetitions -r
complete -c loong -n "__fish_loong_using_subcommand benchmark-memory-context" -l min-steady-state-speedup-ratio -r
complete -c loong -n "__fish_loong_using_subcommand benchmark-memory-context" -l enforce-gate
complete -c loong -n "__fish_loong_using_subcommand benchmark-memory-context" -s h -l help -d 'Print help'
complete -c loong -n "__fish_loong_using_subcommand validate-config" -l config -r
complete -c loong -n "__fish_loong_using_subcommand validate-config" -l output -r -f -a "text\t''
json\t''
problem-json\t''"
complete -c loong -n "__fish_loong_using_subcommand validate-config" -l locale -r
complete -c loong -n "__fish_loong_using_subcommand validate-config" -l json
complete -c loong -n "__fish_loong_using_subcommand validate-config" -l fail-on-diagnostics
complete -c loong -n "__fish_loong_using_subcommand validate-config" -s h -l help -d 'Print help'
complete -c loong -n "__fish_loong_using_subcommand onboard" -l output -d 'Write the resulting config to a custom path instead of the default loong config location' -r
complete -c loong -n "__fish_loong_using_subcommand onboard" -l provider -d 'profile id, unique model name or suffix, or provider kind' -r
complete -c loong -n "__fish_loong_using_subcommand onboard" -l model -d 'Preselect the model to use after the provider choice is resolved' -r
complete -c loong -n "__fish_loong_using_subcommand onboard" -l api-key -d 'Provider credential environment variable name, for example OPENAI_API_KEY' -r
complete -c loong -n "__fish_loong_using_subcommand onboard" -l web-search-provider -d 'duckduckgo (or ddg), brave, tavily, perplexity (or perplexity_search), exa, firecrawl, jina (or jinaai / jina-ai)' -r
complete -c loong -n "__fish_loong_using_subcommand onboard" -l web-search-api-key -d 'Web search credential environment variable name, for example TAVILY_API_KEY' -r
complete -c loong -n "__fish_loong_using_subcommand onboard" -l personality -d 'Select a native prompt personality in non-interactive mode' -r
complete -c loong -n "__fish_loong_using_subcommand onboard" -l memory-profile -d 'Select a memory profile in non-interactive mode' -r
complete -c loong -n "__fish_loong_using_subcommand onboard" -l system-prompt -d 'Preseed the CLI system prompt instead of editing it interactively' -r
complete -c loong -n "__fish_loong_using_subcommand onboard" -l force -d 'Overwrite an existing target config path instead of stopping for manual review'
complete -c loong -n "__fish_loong_using_subcommand onboard" -l non-interactive -d 'Use provided flags only and skip interactive prompts except required safety checks'
complete -c loong -n "__fish_loong_using_subcommand onboard" -l accept-risk -d 'Confirm the onboarding risk acknowledgement in non-interactive mode'
complete -c loong -n "__fish_loong_using_subcommand onboard" -l skip-model-probe -d 'Skip probing the resolved provider model list during onboarding'
complete -c loong -n "__fish_loong_using_subcommand onboard" -s h -l help -d 'Print help (see more with \'--help\')'
complete -c loong -n "__fish_loong_using_subcommand personalize" -l config -d 'Config file path to update (defaults to auto-discovery)' -r
complete -c loong -n "__fish_loong_using_subcommand personalize" -s h -l help -d 'Print help (see more with \'--help\')'
complete -c loong -n "__fish_loong_using_subcommand doctor; and not __fish_seen_subcommand_from security help" -l config -d 'Config file path to validate (defaults to auto-discovery)' -r
complete -c loong -n "__fish_loong_using_subcommand doctor; and not __fish_seen_subcommand_from security help" -l fix -d 'Apply safe auto-fixes for detected diagnostics'
complete -c loong -n "__fish_loong_using_subcommand doctor; and not __fish_seen_subcommand_from security help" -l json -d 'Emit machine-readable JSON diagnostics'
complete -c loong -n "__fish_loong_using_subcommand doctor; and not __fish_seen_subcommand_from security help" -l skip-model-probe -d 'Skip provider model probing during diagnostics'
complete -c loong -n "__fish_loong_using_subcommand doctor; and not __fish_seen_subcommand_from security help" -s h -l help -d 'Print help'
complete -c loong -n "__fish_loong_using_subcommand doctor; and not __fish_seen_subcommand_from security help" -f -a "security" -d 'Report effective security exposure and config hygiene posture'
complete -c loong -n "__fish_loong_using_subcommand doctor; and not __fish_seen_subcommand_from security help" -f -a "help" -d 'Print this message or the help of the given subcommand(s)'
complete -c loong -n "__fish_loong_using_subcommand doctor; and __fish_seen_subcommand_from security" -l config -d 'Config file path to validate (defaults to auto-discovery)' -r
complete -c loong -n "__fish_loong_using_subcommand doctor; and __fish_seen_subcommand_from security" -l fix -d 'Apply safe auto-fixes for detected diagnostics'
complete -c loong -n "__fish_loong_using_subcommand doctor; and __fish_seen_subcommand_from security" -l json -d 'Emit machine-readable JSON diagnostics'
complete -c loong -n "__fish_loong_using_subcommand doctor; and __fish_seen_subcommand_from security" -l skip-model-probe -d 'Skip provider model probing during diagnostics'
complete -c loong -n "__fish_loong_using_subcommand doctor; and __fish_seen_subcommand_from security" -s h -l help -d 'Print help'
complete -c loong -n "__fish_loong_using_subcommand doctor; and __fish_seen_subcommand_from help" -f -a "security" -d 'Report effective security exposure and config hygiene posture'
complete -c loong -n "__fish_loong_using_subcommand doctor; and __fish_seen_subcommand_from help" -f -a "help" -d 'Print this message or the help of the given subcommand(s)'
complete -c loong -n "__fish_loong_using_subcommand debug; and not __fish_seen_subcommand_from bundle show watch help" -l config -r
complete -c loong -n "__fish_loong_using_subcommand debug; and not __fish_seen_subcommand_from bundle show watch help" -l session -r
complete -c loong -n "__fish_loong_using_subcommand debug; and not __fish_seen_subcommand_from bundle show watch help" -l json
complete -c loong -n "__fish_loong_using_subcommand debug; and not __fish_seen_subcommand_from bundle show watch help" -s h -l help -d 'Print help'
complete -c loong -n "__fish_loong_using_subcommand debug; and not __fish_seen_subcommand_from bundle show watch help" -f -a "bundle" -d 'Build one developer-facing debug bundle over runtime, provider, ACP, session, and audit signals'
complete -c loong -n "__fish_loong_using_subcommand debug; and not __fish_seen_subcommand_from bundle show watch help" -f -a "show" -d 'Show one persisted debug bundle artifact in text or JSON form'
complete -c loong -n "__fish_loong_using_subcommand debug; and not __fish_seen_subcommand_from bundle show watch help" -f -a "watch" -d 'Stream a continuously refreshed developer observability view'
complete -c loong -n "__fish_loong_using_subcommand debug; and not __fish_seen_subcommand_from bundle show watch help" -f -a "help" -d 'Print this message or the help of the given subcommand(s)'
complete -c loong -n "__fish_loong_using_subcommand debug; and __fish_seen_subcommand_from bundle" -l session-id -r
complete -c loong -n "__fish_loong_using_subcommand debug; and __fish_seen_subcommand_from bundle" -l output -r
complete -c loong -n "__fish_loong_using_subcommand debug; and __fish_seen_subcommand_from bundle" -l audit-limit -r
complete -c loong -n "__fish_loong_using_subcommand debug; and __fish_seen_subcommand_from bundle" -l session-event-limit -r
complete -c loong -n "__fish_loong_using_subcommand debug; and __fish_seen_subcommand_from bundle" -l history-limit -r
complete -c loong -n "__fish_loong_using_subcommand debug; and __fish_seen_subcommand_from bundle" -l acp-event-limit -r
complete -c loong -n "__fish_loong_using_subcommand debug; and __fish_seen_subcommand_from bundle" -l config -r
complete -c loong -n "__fish_loong_using_subcommand debug; and __fish_seen_subcommand_from bundle" -l session -r
complete -c loong -n "__fish_loong_using_subcommand debug; and __fish_seen_subcommand_from bundle" -l include-history
complete -c loong -n "__fish_loong_using_subcommand debug; and __fish_seen_subcommand_from bundle" -l json
complete -c loong -n "__fish_loong_using_subcommand debug; and __fish_seen_subcommand_from bundle" -s h -l help -d 'Print help'
complete -c loong -n "__fish_loong_using_subcommand debug; and __fish_seen_subcommand_from show" -l artifact -r
complete -c loong -n "__fish_loong_using_subcommand debug; and __fish_seen_subcommand_from show" -l config -r
complete -c loong -n "__fish_loong_using_subcommand debug; and __fish_seen_subcommand_from show" -l session -r
complete -c loong -n "__fish_loong_using_subcommand debug; and __fish_seen_subcommand_from show" -l json
complete -c loong -n "__fish_loong_using_subcommand debug; and __fish_seen_subcommand_from show" -s h -l help -d 'Print help'
complete -c loong -n "__fish_loong_using_subcommand debug; and __fish_seen_subcommand_from watch" -l session-id -r
complete -c loong -n "__fish_loong_using_subcommand debug; and __fish_seen_subcommand_from watch" -l refresh-ms -r
complete -c loong -n "__fish_loong_using_subcommand debug; and __fish_seen_subcommand_from watch" -l audit-limit -r
complete -c loong -n "__fish_loong_using_subcommand debug; and __fish_seen_subcommand_from watch" -l session-event-limit -r
complete -c loong -n "__fish_loong_using_subcommand debug; and __fish_seen_subcommand_from watch" -l acp-event-limit -r
complete -c loong -n "__fish_loong_using_subcommand debug; and __fish_seen_subcommand_from watch" -l tail-limit -r
complete -c loong -n "__fish_loong_using_subcommand debug; and __fish_seen_subcommand_from watch" -l max-frames -r
complete -c loong -n "__fish_loong_using_subcommand debug; and __fish_seen_subcommand_from watch" -l config -r
complete -c loong -n "__fish_loong_using_subcommand debug; and __fish_seen_subcommand_from watch" -l session -r
complete -c loong -n "__fish_loong_using_subcommand debug; and __fish_seen_subcommand_from watch" -l no-clear
complete -c loong -n "__fish_loong_using_subcommand debug; and __fish_seen_subcommand_from watch" -l json
complete -c loong -n "__fish_loong_using_subcommand debug; and __fish_seen_subcommand_from watch" -s h -l help -d 'Print help'
complete -c loong -n "__fish_loong_using_subcommand debug; and __fish_seen_subcommand_from help" -f -a "bundle" -d 'Build one developer-facing debug bundle over runtime, provider, ACP, session, and audit signals'
complete -c loong -n "__fish_loong_using_subcommand debug; and __fish_seen_subcommand_from help" -f -a "show" -d 'Show one persisted debug bundle artifact in text or JSON form'
complete -c loong -n "__fish_loong_using_subcommand debug; and __fish_seen_subcommand_from help" -f -a "watch" -d 'Stream a continuously refreshed developer observability view'
complete -c loong -n "__fish_loong_using_subcommand debug; and __fish_seen_subcommand_from help" -f -a "help" -d 'Print this message or the help of the given subcommand(s)'
complete -c loong -n "__fish_loong_using_subcommand audit; and not __fish_seen_subcommand_from recent summary discovery token-trail verify repair help" -l config -r
complete -c loong -n "__fish_loong_using_subcommand audit; and not __fish_seen_subcommand_from recent summary discovery token-trail verify repair help" -l json
complete -c loong -n "__fish_loong_using_subcommand audit; and not __fish_seen_subcommand_from recent summary discovery token-trail verify repair help" -s h -l help -d 'Print help'
complete -c loong -n "__fish_loong_using_subcommand audit; and not __fish_seen_subcommand_from recent summary discovery token-trail verify repair help" -f -a "recent" -d 'Print the last N retained audit events'
complete -c loong -n "__fish_loong_using_subcommand audit; and not __fish_seen_subcommand_from recent summary discovery token-trail verify repair help" -f -a "summary" -d 'Print a compact rollup over the last N retained audit events'
complete -c loong -n "__fish_loong_using_subcommand audit; and not __fish_seen_subcommand_from recent summary discovery token-trail verify repair help" -f -a "discovery" -d 'Summarize trust-aware tool discovery events with dedicated trust filters'
complete -c loong -n "__fish_loong_using_subcommand audit; and not __fish_seen_subcommand_from recent summary discovery token-trail verify repair help" -f -a "token-trail" -d 'Reconstruct the retained lifecycle for one capability token'
complete -c loong -n "__fish_loong_using_subcommand audit; and not __fish_seen_subcommand_from recent summary discovery token-trail verify repair help" -f -a "verify" -d 'Verify the integrity chain of the durable audit journal'
complete -c loong -n "__fish_loong_using_subcommand audit; and not __fish_seen_subcommand_from recent summary discovery token-trail verify repair help" -f -a "repair" -d 'Repair legacy journals missing integrity sidecars'
complete -c loong -n "__fish_loong_using_subcommand audit; and not __fish_seen_subcommand_from recent summary discovery token-trail verify repair help" -f -a "help" -d 'Print this message or the help of the given subcommand(s)'
complete -c loong -n "__fish_loong_using_subcommand audit; and __fish_seen_subcommand_from recent" -l limit -r
complete -c loong -n "__fish_loong_using_subcommand audit; and __fish_seen_subcommand_from recent" -l since-epoch-s -r
complete -c loong -n "__fish_loong_using_subcommand audit; and __fish_seen_subcommand_from recent" -l until-epoch-s -r
complete -c loong -n "__fish_loong_using_subcommand audit; and __fish_seen_subcommand_from recent" -l pack-id -r
complete -c loong -n "__fish_loong_using_subcommand audit; and __fish_seen_subcommand_from recent" -l agent-id -r
complete -c loong -n "__fish_loong_using_subcommand audit; and __fish_seen_subcommand_from recent" -l event-id -r
complete -c loong -n "__fish_loong_using_subcommand audit; and __fish_seen_subcommand_from recent" -l token-id -r
complete -c loong -n "__fish_loong_using_subcommand audit; and __fish_seen_subcommand_from recent" -l kind -r
complete -c loong -n "__fish_loong_using_subcommand audit; and __fish_seen_subcommand_from recent" -l triage-label -r
complete -c loong -n "__fish_loong_using_subcommand audit; and __fish_seen_subcommand_from recent" -l query-contains -r
complete -c loong -n "__fish_loong_using_subcommand audit; and __fish_seen_subcommand_from recent" -l trust-tier -r
complete -c loong -n "__fish_loong_using_subcommand audit; and __fish_seen_subcommand_from recent" -l config -r
complete -c loong -n "__fish_loong_using_subcommand audit; and __fish_seen_subcommand_from recent" -l json
complete -c loong -n "__fish_loong_using_subcommand audit; and __fish_seen_subcommand_from recent" -s h -l help -d 'Print help'
complete -c loong -n "__fish_loong_using_subcommand audit; and __fish_seen_subcommand_from summary" -l limit -r
complete -c loong -n "__fish_loong_using_subcommand audit; and __fish_seen_subcommand_from summary" -l since-epoch-s -r
complete -c loong -n "__fish_loong_using_subcommand audit; and __fish_seen_subcommand_from summary" -l until-epoch-s -r
complete -c loong -n "__fish_loong_using_subcommand audit; and __fish_seen_subcommand_from summary" -l pack-id -r
complete -c loong -n "__fish_loong_using_subcommand audit; and __fish_seen_subcommand_from summary" -l agent-id -r
complete -c loong -n "__fish_loong_using_subcommand audit; and __fish_seen_subcommand_from summary" -l event-id -r
complete -c loong -n "__fish_loong_using_subcommand audit; and __fish_seen_subcommand_from summary" -l token-id -r
complete -c loong -n "__fish_loong_using_subcommand audit; and __fish_seen_subcommand_from summary" -l kind -r
complete -c loong -n "__fish_loong_using_subcommand audit; and __fish_seen_subcommand_from summary" -l triage-label -r
complete -c loong -n "__fish_loong_using_subcommand audit; and __fish_seen_subcommand_from summary" -l group-by -r
complete -c loong -n "__fish_loong_using_subcommand audit; and __fish_seen_subcommand_from summary" -l config -r
complete -c loong -n "__fish_loong_using_subcommand audit; and __fish_seen_subcommand_from summary" -l json
complete -c loong -n "__fish_loong_using_subcommand audit; and __fish_seen_subcommand_from summary" -s h -l help -d 'Print help'
complete -c loong -n "__fish_loong_using_subcommand audit; and __fish_seen_subcommand_from discovery" -l limit -r
complete -c loong -n "__fish_loong_using_subcommand audit; and __fish_seen_subcommand_from discovery" -l since-epoch-s -r
complete -c loong -n "__fish_loong_using_subcommand audit; and __fish_seen_subcommand_from discovery" -l until-epoch-s -r
complete -c loong -n "__fish_loong_using_subcommand audit; and __fish_seen_subcommand_from discovery" -l pack-id -r
complete -c loong -n "__fish_loong_using_subcommand audit; and __fish_seen_subcommand_from discovery" -l agent-id -r
complete -c loong -n "__fish_loong_using_subcommand audit; and __fish_seen_subcommand_from discovery" -l event-id -r
complete -c loong -n "__fish_loong_using_subcommand audit; and __fish_seen_subcommand_from discovery" -l token-id -r
complete -c loong -n "__fish_loong_using_subcommand audit; and __fish_seen_subcommand_from discovery" -l triage-label -r
complete -c loong -n "__fish_loong_using_subcommand audit; and __fish_seen_subcommand_from discovery" -l query-contains -r
complete -c loong -n "__fish_loong_using_subcommand audit; and __fish_seen_subcommand_from discovery" -l trust-tier -r
complete -c loong -n "__fish_loong_using_subcommand audit; and __fish_seen_subcommand_from discovery" -l group-by -r
complete -c loong -n "__fish_loong_using_subcommand audit; and __fish_seen_subcommand_from discovery" -l config -r
complete -c loong -n "__fish_loong_using_subcommand audit; and __fish_seen_subcommand_from discovery" -l json
complete -c loong -n "__fish_loong_using_subcommand audit; and __fish_seen_subcommand_from discovery" -s h -l help -d 'Print help'
complete -c loong -n "__fish_loong_using_subcommand audit; and __fish_seen_subcommand_from token-trail" -l token-id -r
complete -c loong -n "__fish_loong_using_subcommand audit; and __fish_seen_subcommand_from token-trail" -l limit -r
complete -c loong -n "__fish_loong_using_subcommand audit; and __fish_seen_subcommand_from token-trail" -l since-epoch-s -r
complete -c loong -n "__fish_loong_using_subcommand audit; and __fish_seen_subcommand_from token-trail" -l until-epoch-s -r
complete -c loong -n "__fish_loong_using_subcommand audit; and __fish_seen_subcommand_from token-trail" -l pack-id -r
complete -c loong -n "__fish_loong_using_subcommand audit; and __fish_seen_subcommand_from token-trail" -l agent-id -r
complete -c loong -n "__fish_loong_using_subcommand audit; and __fish_seen_subcommand_from token-trail" -l config -r
complete -c loong -n "__fish_loong_using_subcommand audit; and __fish_seen_subcommand_from token-trail" -l json
complete -c loong -n "__fish_loong_using_subcommand audit; and __fish_seen_subcommand_from token-trail" -s h -l help -d 'Print help'
complete -c loong -n "__fish_loong_using_subcommand audit; and __fish_seen_subcommand_from verify" -l config -r
complete -c loong -n "__fish_loong_using_subcommand audit; and __fish_seen_subcommand_from verify" -l json
complete -c loong -n "__fish_loong_using_subcommand audit; and __fish_seen_subcommand_from verify" -s h -l help -d 'Print help'
complete -c loong -n "__fish_loong_using_subcommand audit; and __fish_seen_subcommand_from repair" -l config -r
complete -c loong -n "__fish_loong_using_subcommand audit; and __fish_seen_subcommand_from repair" -l json
complete -c loong -n "__fish_loong_using_subcommand audit; and __fish_seen_subcommand_from repair" -s h -l help -d 'Print help'
complete -c loong -n "__fish_loong_using_subcommand audit; and __fish_seen_subcommand_from help" -f -a "recent" -d 'Print the last N retained audit events'
complete -c loong -n "__fish_loong_using_subcommand audit; and __fish_seen_subcommand_from help" -f -a "summary" -d 'Print a compact rollup over the last N retained audit events'
complete -c loong -n "__fish_loong_using_subcommand audit; and __fish_seen_subcommand_from help" -f -a "discovery" -d 'Summarize trust-aware tool discovery events with dedicated trust filters'
complete -c loong -n "__fish_loong_using_subcommand audit; and __fish_seen_subcommand_from help" -f -a "token-trail" -d 'Reconstruct the retained lifecycle for one capability token'
complete -c loong -n "__fish_loong_using_subcommand audit; and __fish_seen_subcommand_from help" -f -a "verify" -d 'Verify the integrity chain of the durable audit journal'
complete -c loong -n "__fish_loong_using_subcommand audit; and __fish_seen_subcommand_from help" -f -a "repair" -d 'Repair legacy journals missing integrity sidecars'
complete -c loong -n "__fish_loong_using_subcommand audit; and __fish_seen_subcommand_from help" -f -a "help" -d 'Print this message or the help of the given subcommand(s)'
complete -c loong -n "__fish_loong_using_subcommand skills; and not __fish_seen_subcommand_from list search recommend info inspect fetch install install-bundled enable-browser-preview remove policy help" -l config -r
complete -c loong -n "__fish_loong_using_subcommand skills; and not __fish_seen_subcommand_from list search recommend info inspect fetch install install-bundled enable-browser-preview remove policy help" -l json
complete -c loong -n "__fish_loong_using_subcommand skills; and not __fish_seen_subcommand_from list search recommend info inspect fetch install install-bundled enable-browser-preview remove policy help" -s h -l help -d 'Print help'
complete -c loong -n "__fish_loong_using_subcommand skills; and not __fish_seen_subcommand_from list search recommend info inspect fetch install install-bundled enable-browser-preview remove policy help" -f -a "list" -d 'List discovered external skills across managed, user, and project scopes'
complete -c loong -n "__fish_loong_using_subcommand skills; and not __fish_seen_subcommand_from list search recommend info inspect fetch install install-bundled enable-browser-preview remove policy help" -f -a "search" -d 'Search the external-skills inventory from a task or capability phrase'
complete -c loong -n "__fish_loong_using_subcommand skills; and not __fish_seen_subcommand_from list search recommend info inspect fetch install install-bundled enable-browser-preview remove policy help" -f -a "recommend" -d 'Recommend the best-fit external skills for an operator goal'
complete -c loong -n "__fish_loong_using_subcommand skills; and not __fish_seen_subcommand_from list search recommend info inspect fetch install install-bundled enable-browser-preview remove policy help" -f -a "info" -d 'Inspect one resolved external skill'
complete -c loong -n "__fish_loong_using_subcommand skills; and not __fish_seen_subcommand_from list search recommend info inspect fetch install install-bundled enable-browser-preview remove policy help" -f -a "inspect" -d 'Inspect one resolved external skill'
complete -c loong -n "__fish_loong_using_subcommand skills; and not __fish_seen_subcommand_from list search recommend info inspect fetch install install-bundled enable-browser-preview remove policy help" -f -a "fetch" -d 'Download an external skill package and optionally sync it into the managed runtime'
complete -c loong -n "__fish_loong_using_subcommand skills; and not __fish_seen_subcommand_from list search recommend info inspect fetch install install-bundled enable-browser-preview remove policy help" -f -a "install" -d 'Install a managed external skill from a local directory or archive'
complete -c loong -n "__fish_loong_using_subcommand skills; and not __fish_seen_subcommand_from list search recommend info inspect fetch install install-bundled enable-browser-preview remove policy help" -f -a "install-bundled" -d 'Install a first-party bundled managed external skill'
complete -c loong -n "__fish_loong_using_subcommand skills; and not __fish_seen_subcommand_from list search recommend info inspect fetch install install-bundled enable-browser-preview remove policy help" -f -a "enable-browser-preview" -d 'Enable the managed browser preview flow and install its bundled helper skill'
complete -c loong -n "__fish_loong_using_subcommand skills; and not __fish_seen_subcommand_from list search recommend info inspect fetch install install-bundled enable-browser-preview remove policy help" -f -a "remove" -d 'Remove an installed managed external skill'
complete -c loong -n "__fish_loong_using_subcommand skills; and not __fish_seen_subcommand_from list search recommend info inspect fetch install install-bundled enable-browser-preview remove policy help" -f -a "policy" -d 'Inspect or update persisted runtime policy for external skills'
complete -c loong -n "__fish_loong_using_subcommand skills; and not __fish_seen_subcommand_from list search recommend info inspect fetch install install-bundled enable-browser-preview remove policy help" -f -a "help" -d 'Print this message or the help of the given subcommand(s)'
complete -c loong -n "__fish_loong_using_subcommand skills; and __fish_seen_subcommand_from list" -l config -r
complete -c loong -n "__fish_loong_using_subcommand skills; and __fish_seen_subcommand_from list" -l json
complete -c loong -n "__fish_loong_using_subcommand skills; and __fish_seen_subcommand_from list" -s h -l help -d 'Print help'
complete -c loong -n "__fish_loong_using_subcommand skills; and __fish_seen_subcommand_from search" -l limit -r
complete -c loong -n "__fish_loong_using_subcommand skills; and __fish_seen_subcommand_from search" -l config -r
complete -c loong -n "__fish_loong_using_subcommand skills; and __fish_seen_subcommand_from search" -l json
complete -c loong -n "__fish_loong_using_subcommand skills; and __fish_seen_subcommand_from search" -s h -l help -d 'Print help'
complete -c loong -n "__fish_loong_using_subcommand skills; and __fish_seen_subcommand_from recommend" -l limit -r
complete -c loong -n "__fish_loong_using_subcommand skills; and __fish_seen_subcommand_from recommend" -l config -r
complete -c loong -n "__fish_loong_using_subcommand skills; and __fish_seen_subcommand_from recommend" -l json
complete -c loong -n "__fish_loong_using_subcommand skills; and __fish_seen_subcommand_from recommend" -s h -l help -d 'Print help'
complete -c loong -n "__fish_loong_using_subcommand skills; and __fish_seen_subcommand_from info" -l config -r
complete -c loong -n "__fish_loong_using_subcommand skills; and __fish_seen_subcommand_from info" -l json
complete -c loong -n "__fish_loong_using_subcommand skills; and __fish_seen_subcommand_from info" -s h -l help -d 'Print help'
complete -c loong -n "__fish_loong_using_subcommand skills; and __fish_seen_subcommand_from inspect" -l config -r
complete -c loong -n "__fish_loong_using_subcommand skills; and __fish_seen_subcommand_from inspect" -l json
complete -c loong -n "__fish_loong_using_subcommand skills; and __fish_seen_subcommand_from inspect" -s h -l help -d 'Print help'
complete -c loong -n "__fish_loong_using_subcommand skills; and __fish_seen_subcommand_from fetch" -l save-as -r
complete -c loong -n "__fish_loong_using_subcommand skills; and __fish_seen_subcommand_from fetch" -l max-bytes -r
complete -c loong -n "__fish_loong_using_subcommand skills; and __fish_seen_subcommand_from fetch" -l skill-id -r
complete -c loong -n "__fish_loong_using_subcommand skills; and __fish_seen_subcommand_from fetch" -l config -r
complete -c loong -n "__fish_loong_using_subcommand skills; and __fish_seen_subcommand_from fetch" -l approve-download
complete -c loong -n "__fish_loong_using_subcommand skills; and __fish_seen_subcommand_from fetch" -l install
complete -c loong -n "__fish_loong_using_subcommand skills; and __fish_seen_subcommand_from fetch" -l approve-security-once
complete -c loong -n "__fish_loong_using_subcommand skills; and __fish_seen_subcommand_from fetch" -l replace
complete -c loong -n "__fish_loong_using_subcommand skills; and __fish_seen_subcommand_from fetch" -l json
complete -c loong -n "__fish_loong_using_subcommand skills; and __fish_seen_subcommand_from fetch" -s h -l help -d 'Print help'
complete -c loong -n "__fish_loong_using_subcommand skills; and __fish_seen_subcommand_from install" -l skill-id -r
complete -c loong -n "__fish_loong_using_subcommand skills; and __fish_seen_subcommand_from install" -l config -r
complete -c loong -n "__fish_loong_using_subcommand skills; and __fish_seen_subcommand_from install" -l approve-security-once
complete -c loong -n "__fish_loong_using_subcommand skills; and __fish_seen_subcommand_from install" -l replace
complete -c loong -n "__fish_loong_using_subcommand skills; and __fish_seen_subcommand_from install" -l json
complete -c loong -n "__fish_loong_using_subcommand skills; and __fish_seen_subcommand_from install" -s h -l help -d 'Print help'
complete -c loong -n "__fish_loong_using_subcommand skills; and __fish_seen_subcommand_from install-bundled" -l config -r
complete -c loong -n "__fish_loong_using_subcommand skills; and __fish_seen_subcommand_from install-bundled" -l replace
complete -c loong -n "__fish_loong_using_subcommand skills; and __fish_seen_subcommand_from install-bundled" -l json
complete -c loong -n "__fish_loong_using_subcommand skills; and __fish_seen_subcommand_from install-bundled" -s h -l help -d 'Print help'
complete -c loong -n "__fish_loong_using_subcommand skills; and __fish_seen_subcommand_from enable-browser-preview" -l config -r
complete -c loong -n "__fish_loong_using_subcommand skills; and __fish_seen_subcommand_from enable-browser-preview" -l replace
complete -c loong -n "__fish_loong_using_subcommand skills; and __fish_seen_subcommand_from enable-browser-preview" -l json
complete -c loong -n "__fish_loong_using_subcommand skills; and __fish_seen_subcommand_from enable-browser-preview" -s h -l help -d 'Print help'
complete -c loong -n "__fish_loong_using_subcommand skills; and __fish_seen_subcommand_from remove" -l config -r
complete -c loong -n "__fish_loong_using_subcommand skills; and __fish_seen_subcommand_from remove" -l json
complete -c loong -n "__fish_loong_using_subcommand skills; and __fish_seen_subcommand_from remove" -s h -l help -d 'Print help'
complete -c loong -n "__fish_loong_using_subcommand skills; and __fish_seen_subcommand_from policy" -l config -r
complete -c loong -n "__fish_loong_using_subcommand skills; and __fish_seen_subcommand_from policy" -l json
complete -c loong -n "__fish_loong_using_subcommand skills; and __fish_seen_subcommand_from policy" -s h -l help -d 'Print help'
complete -c loong -n "__fish_loong_using_subcommand skills; and __fish_seen_subcommand_from policy" -f -a "get" -d 'Show the persisted external-skills runtime policy'
complete -c loong -n "__fish_loong_using_subcommand skills; and __fish_seen_subcommand_from policy" -f -a "show" -d 'Show the persisted external-skills runtime policy'
complete -c loong -n "__fish_loong_using_subcommand skills; and __fish_seen_subcommand_from policy" -f -a "set" -d 'Persist one or more external-skills runtime policy fields into config'
complete -c loong -n "__fish_loong_using_subcommand skills; and __fish_seen_subcommand_from policy" -f -a "reset" -d 'Reset persisted external-skills policy fields back to config defaults'
complete -c loong -n "__fish_loong_using_subcommand skills; and __fish_seen_subcommand_from policy" -f -a "help" -d 'Print this message or the help of the given subcommand(s)'
complete -c loong -n "__fish_loong_using_subcommand skills; and __fish_seen_subcommand_from help" -f -a "list" -d 'List discovered external skills across managed, user, and project scopes'
complete -c loong -n "__fish_loong_using_subcommand skills; and __fish_seen_subcommand_from help" -f -a "search" -d 'Search the external-skills inventory from a task or capability phrase'
complete -c loong -n "__fish_loong_using_subcommand skills; and __fish_seen_subcommand_from help" -f -a "recommend" -d 'Recommend the best-fit external skills for an operator goal'
complete -c loong -n "__fish_loong_using_subcommand skills; and __fish_seen_subcommand_from help" -f -a "info" -d 'Inspect one resolved external skill'
complete -c loong -n "__fish_loong_using_subcommand skills; and __fish_seen_subcommand_from help" -f -a "fetch" -d 'Download an external skill package and optionally sync it into the managed runtime'
complete -c loong -n "__fish_loong_using_subcommand skills; and __fish_seen_subcommand_from help" -f -a "install" -d 'Install a managed external skill from a local directory or archive'
complete -c loong -n "__fish_loong_using_subcommand skills; and __fish_seen_subcommand_from help" -f -a "install-bundled" -d 'Install a first-party bundled managed external skill'
complete -c loong -n "__fish_loong_using_subcommand skills; and __fish_seen_subcommand_from help" -f -a "enable-browser-preview" -d 'Enable the managed browser preview flow and install its bundled helper skill'
complete -c loong -n "__fish_loong_using_subcommand skills; and __fish_seen_subcommand_from help" -f -a "remove" -d 'Remove an installed managed external skill'
complete -c loong -n "__fish_loong_using_subcommand skills; and __fish_seen_subcommand_from help" -f -a "policy" -d 'Inspect or update persisted runtime policy for external skills'
complete -c loong -n "__fish_loong_using_subcommand skills; and __fish_seen_subcommand_from help" -f -a "help" -d 'Print this message or the help of the given subcommand(s)'
complete -c loong -n "__fish_loong_using_subcommand tasks; and not __fish_seen_subcommand_from create list status info events wait cancel recover help" -l config -r
complete -c loong -n "__fish_loong_using_subcommand tasks; and not __fish_seen_subcommand_from create list status info events wait cancel recover help" -l session -r
complete -c loong -n "__fish_loong_using_subcommand tasks; and not __fish_seen_subcommand_from create list status info events wait cancel recover help" -l json
complete -c loong -n "__fish_loong_using_subcommand tasks; and not __fish_seen_subcommand_from create list status info events wait cancel recover help" -s h -l help -d 'Print help'
complete -c loong -n "__fish_loong_using_subcommand tasks; and not __fish_seen_subcommand_from create list status info events wait cancel recover help" -f -a "create" -d 'Queue one async background task on top of the current session runtime'
complete -c loong -n "__fish_loong_using_subcommand tasks; and not __fish_seen_subcommand_from create list status info events wait cancel recover help" -f -a "list" -d 'List visible async background tasks for the scoped session'
complete -c loong -n "__fish_loong_using_subcommand tasks; and not __fish_seen_subcommand_from create list status info events wait cancel recover help" -f -a "status" -d 'Inspect one visible async background task'
complete -c loong -n "__fish_loong_using_subcommand tasks; and not __fish_seen_subcommand_from create list status info events wait cancel recover help" -f -a "info" -d 'Inspect one visible async background task'
complete -c loong -n "__fish_loong_using_subcommand tasks; and not __fish_seen_subcommand_from create list status info events wait cancel recover help" -f -a "events" -d 'Show recent lifecycle events for one visible async background task'
complete -c loong -n "__fish_loong_using_subcommand tasks; and not __fish_seen_subcommand_from create list status info events wait cancel recover help" -f -a "wait" -d 'Wait on one visible async background task and return incremental events'
complete -c loong -n "__fish_loong_using_subcommand tasks; and not __fish_seen_subcommand_from create list status info events wait cancel recover help" -f -a "cancel" -d 'Cancel one visible async background task'
complete -c loong -n "__fish_loong_using_subcommand tasks; and not __fish_seen_subcommand_from create list status info events wait cancel recover help" -f -a "recover" -d 'Recover one visible overdue async background task'
complete -c loong -n "__fish_loong_using_subcommand tasks; and not __fish_seen_subcommand_from create list status info events wait cancel recover help" -f -a "help" -d 'Print this message or the help of the given subcommand(s)'
complete -c loong -n "__fish_loong_using_subcommand tasks; and __fish_seen_subcommand_from create" -l label -r
complete -c loong -n "__fish_loong_using_subcommand tasks; and __fish_seen_subcommand_from create" -l timeout-seconds -r
complete -c loong -n "__fish_loong_using_subcommand tasks; and __fish_seen_subcommand_from create" -l config -r
complete -c loong -n "__fish_loong_using_subcommand tasks; and __fish_seen_subcommand_from create" -l session -r
complete -c loong -n "__fish_loong_using_subcommand tasks; and __fish_seen_subcommand_from create" -l json
complete -c loong -n "__fish_loong_using_subcommand tasks; and __fish_seen_subcommand_from create" -s h -l help -d 'Print help'
complete -c loong -n "__fish_loong_using_subcommand tasks; and __fish_seen_subcommand_from list" -l limit -r
complete -c loong -n "__fish_loong_using_subcommand tasks; and __fish_seen_subcommand_from list" -l state -r
complete -c loong -n "__fish_loong_using_subcommand tasks; and __fish_seen_subcommand_from list" -l config -r
complete -c loong -n "__fish_loong_using_subcommand tasks; and __fish_seen_subcommand_from list" -l session -r
complete -c loong -n "__fish_loong_using_subcommand tasks; and __fish_seen_subcommand_from list" -l overdue-only
complete -c loong -n "__fish_loong_using_subcommand tasks; and __fish_seen_subcommand_from list" -l include-archived
complete -c loong -n "__fish_loong_using_subcommand tasks; and __fish_seen_subcommand_from list" -l json
complete -c loong -n "__fish_loong_using_subcommand tasks; and __fish_seen_subcommand_from list" -s h -l help -d 'Print help'
complete -c loong -n "__fish_loong_using_subcommand tasks; and __fish_seen_subcommand_from status" -l config -r
complete -c loong -n "__fish_loong_using_subcommand tasks; and __fish_seen_subcommand_from status" -l session -r
complete -c loong -n "__fish_loong_using_subcommand tasks; and __fish_seen_subcommand_from status" -l json
complete -c loong -n "__fish_loong_using_subcommand tasks; and __fish_seen_subcommand_from status" -s h -l help -d 'Print help'
complete -c loong -n "__fish_loong_using_subcommand tasks; and __fish_seen_subcommand_from info" -l config -r
complete -c loong -n "__fish_loong_using_subcommand tasks; and __fish_seen_subcommand_from info" -l session -r
complete -c loong -n "__fish_loong_using_subcommand tasks; and __fish_seen_subcommand_from info" -l json
complete -c loong -n "__fish_loong_using_subcommand tasks; and __fish_seen_subcommand_from info" -s h -l help -d 'Print help'
complete -c loong -n "__fish_loong_using_subcommand tasks; and __fish_seen_subcommand_from events" -l after-id -r
complete -c loong -n "__fish_loong_using_subcommand tasks; and __fish_seen_subcommand_from events" -l limit -r
complete -c loong -n "__fish_loong_using_subcommand tasks; and __fish_seen_subcommand_from events" -l config -r
complete -c loong -n "__fish_loong_using_subcommand tasks; and __fish_seen_subcommand_from events" -l session -r
complete -c loong -n "__fish_loong_using_subcommand tasks; and __fish_seen_subcommand_from events" -l json
complete -c loong -n "__fish_loong_using_subcommand tasks; and __fish_seen_subcommand_from events" -s h -l help -d 'Print help'
complete -c loong -n "__fish_loong_using_subcommand tasks; and __fish_seen_subcommand_from wait" -l after-id -r
complete -c loong -n "__fish_loong_using_subcommand tasks; and __fish_seen_subcommand_from wait" -l timeout-ms -r
complete -c loong -n "__fish_loong_using_subcommand tasks; and __fish_seen_subcommand_from wait" -l config -r
complete -c loong -n "__fish_loong_using_subcommand tasks; and __fish_seen_subcommand_from wait" -l session -r
complete -c loong -n "__fish_loong_using_subcommand tasks; and __fish_seen_subcommand_from wait" -l json
complete -c loong -n "__fish_loong_using_subcommand tasks; and __fish_seen_subcommand_from wait" -s h -l help -d 'Print help'
complete -c loong -n "__fish_loong_using_subcommand tasks; and __fish_seen_subcommand_from cancel" -l config -r
complete -c loong -n "__fish_loong_using_subcommand tasks; and __fish_seen_subcommand_from cancel" -l session -r
complete -c loong -n "__fish_loong_using_subcommand tasks; and __fish_seen_subcommand_from cancel" -l dry-run
complete -c loong -n "__fish_loong_using_subcommand tasks; and __fish_seen_subcommand_from cancel" -l json
complete -c loong -n "__fish_loong_using_subcommand tasks; and __fish_seen_subcommand_from cancel" -s h -l help -d 'Print help'
complete -c loong -n "__fish_loong_using_subcommand tasks; and __fish_seen_subcommand_from recover" -l config -r
complete -c loong -n "__fish_loong_using_subcommand tasks; and __fish_seen_subcommand_from recover" -l session -r
complete -c loong -n "__fish_loong_using_subcommand tasks; and __fish_seen_subcommand_from recover" -l dry-run
complete -c loong -n "__fish_loong_using_subcommand tasks; and __fish_seen_subcommand_from recover" -l json
complete -c loong -n "__fish_loong_using_subcommand tasks; and __fish_seen_subcommand_from recover" -s h -l help -d 'Print help'
complete -c loong -n "__fish_loong_using_subcommand tasks; and __fish_seen_subcommand_from help" -f -a "create" -d 'Queue one async background task on top of the current session runtime'
complete -c loong -n "__fish_loong_using_subcommand tasks; and __fish_seen_subcommand_from help" -f -a "list" -d 'List visible async background tasks for the scoped session'
complete -c loong -n "__fish_loong_using_subcommand tasks; and __fish_seen_subcommand_from help" -f -a "status" -d 'Inspect one visible async background task'
complete -c loong -n "__fish_loong_using_subcommand tasks; and __fish_seen_subcommand_from help" -f -a "events" -d 'Show recent lifecycle events for one visible async background task'
complete -c loong -n "__fish_loong_using_subcommand tasks; and __fish_seen_subcommand_from help" -f -a "wait" -d 'Wait on one visible async background task and return incremental events'
complete -c loong -n "__fish_loong_using_subcommand tasks; and __fish_seen_subcommand_from help" -f -a "cancel" -d 'Cancel one visible async background task'
complete -c loong -n "__fish_loong_using_subcommand tasks; and __fish_seen_subcommand_from help" -f -a "recover" -d 'Recover one visible overdue async background task'
complete -c loong -n "__fish_loong_using_subcommand tasks; and __fish_seen_subcommand_from help" -f -a "help" -d 'Print this message or the help of the given subcommand(s)'
complete -c loong -n "__fish_loong_using_subcommand delegate-child-run" -l config-path -r
complete -c loong -n "__fish_loong_using_subcommand delegate-child-run" -l payload-file -r
complete -c loong -n "__fish_loong_using_subcommand delegate-child-run" -s h -l help -d 'Print help'
complete -c loong -n "__fish_loong_using_subcommand sessions; and not __fish_seen_subcommand_from list status info events wait history cancel recover archive heal help" -l config -r
complete -c loong -n "__fish_loong_using_subcommand sessions; and not __fish_seen_subcommand_from list status info events wait history cancel recover archive heal help" -l session -r
complete -c loong -n "__fish_loong_using_subcommand sessions; and not __fish_seen_subcommand_from list status info events wait history cancel recover archive heal help" -l json
complete -c loong -n "__fish_loong_using_subcommand sessions; and not __fish_seen_subcommand_from list status info events wait history cancel recover archive heal help" -s h -l help -d 'Print help (see more with \'--help\')'
complete -c loong -n "__fish_loong_using_subcommand sessions; and not __fish_seen_subcommand_from list status info events wait history cancel recover archive heal help" -f -a "list" -d 'List visible persisted sessions for the scoped session lineage'
complete -c loong -n "__fish_loong_using_subcommand sessions; and not __fish_seen_subcommand_from list status info events wait history cancel recover archive heal help" -f -a "status" -d 'Inspect one visible persisted session'
complete -c loong -n "__fish_loong_using_subcommand sessions; and not __fish_seen_subcommand_from list status info events wait history cancel recover archive heal help" -f -a "info" -d 'Inspect one visible persisted session'
complete -c loong -n "__fish_loong_using_subcommand sessions; and not __fish_seen_subcommand_from list status info events wait history cancel recover archive heal help" -f -a "events" -d 'Show recent lifecycle events for one visible session'
complete -c loong -n "__fish_loong_using_subcommand sessions; and not __fish_seen_subcommand_from list status info events wait history cancel recover archive heal help" -f -a "wait" -d 'Wait on one visible session and return incremental events'
complete -c loong -n "__fish_loong_using_subcommand sessions; and not __fish_seen_subcommand_from list status info events wait history cancel recover archive heal help" -f -a "history" -d 'Show recent transcript turns for one visible session'
complete -c loong -n "__fish_loong_using_subcommand sessions; and not __fish_seen_subcommand_from list status info events wait history cancel recover archive heal help" -f -a "cancel" -d 'Cancel one visible session'
complete -c loong -n "__fish_loong_using_subcommand sessions; and not __fish_seen_subcommand_from list status info events wait history cancel recover archive heal help" -f -a "recover" -d 'Recover one visible session'
complete -c loong -n "__fish_loong_using_subcommand sessions; and not __fish_seen_subcommand_from list status info events wait history cancel recover archive heal help" -f -a "archive" -d 'Archive one visible terminal session'
complete -c loong -n "__fish_loong_using_subcommand sessions; and not __fish_seen_subcommand_from list status info events wait history cancel recover archive heal help" -f -a "heal" -d 'Plan or apply bounded self-heal actions for one visible session'
complete -c loong -n "__fish_loong_using_subcommand sessions; and not __fish_seen_subcommand_from list status info events wait history cancel recover archive heal help" -f -a "help" -d 'Print this message or the help of the given subcommand(s)'
complete -c loong -n "__fish_loong_using_subcommand sessions; and __fish_seen_subcommand_from list" -l limit -r
complete -c loong -n "__fish_loong_using_subcommand sessions; and __fish_seen_subcommand_from list" -l state -r
complete -c loong -n "__fish_loong_using_subcommand sessions; and __fish_seen_subcommand_from list" -l kind -r
complete -c loong -n "__fish_loong_using_subcommand sessions; and __fish_seen_subcommand_from list" -l parent-session-id -r
complete -c loong -n "__fish_loong_using_subcommand sessions; and __fish_seen_subcommand_from list" -l config -r
complete -c loong -n "__fish_loong_using_subcommand sessions; and __fish_seen_subcommand_from list" -l session -r
complete -c loong -n "__fish_loong_using_subcommand sessions; and __fish_seen_subcommand_from list" -l overdue-only
complete -c loong -n "__fish_loong_using_subcommand sessions; and __fish_seen_subcommand_from list" -l include-archived
complete -c loong -n "__fish_loong_using_subcommand sessions; and __fish_seen_subcommand_from list" -l include-delegate-lifecycle
complete -c loong -n "__fish_loong_using_subcommand sessions; and __fish_seen_subcommand_from list" -l json
complete -c loong -n "__fish_loong_using_subcommand sessions; and __fish_seen_subcommand_from list" -s h -l help -d 'Print help'
complete -c loong -n "__fish_loong_using_subcommand sessions; and __fish_seen_subcommand_from status" -l config -r
complete -c loong -n "__fish_loong_using_subcommand sessions; and __fish_seen_subcommand_from status" -l session -r
complete -c loong -n "__fish_loong_using_subcommand sessions; and __fish_seen_subcommand_from status" -l json
complete -c loong -n "__fish_loong_using_subcommand sessions; and __fish_seen_subcommand_from status" -s h -l help -d 'Print help'
complete -c loong -n "__fish_loong_using_subcommand sessions; and __fish_seen_subcommand_from info" -l config -r
complete -c loong -n "__fish_loong_using_subcommand sessions; and __fish_seen_subcommand_from info" -l session -r
complete -c loong -n "__fish_loong_using_subcommand sessions; and __fish_seen_subcommand_from info" -l json
complete -c loong -n "__fish_loong_using_subcommand sessions; and __fish_seen_subcommand_from info" -s h -l help -d 'Print help'
complete -c loong -n "__fish_loong_using_subcommand sessions; and __fish_seen_subcommand_from events" -l after-id -r
complete -c loong -n "__fish_loong_using_subcommand sessions; and __fish_seen_subcommand_from events" -l limit -r
complete -c loong -n "__fish_loong_using_subcommand sessions; and __fish_seen_subcommand_from events" -l config -r
complete -c loong -n "__fish_loong_using_subcommand sessions; and __fish_seen_subcommand_from events" -l session -r
complete -c loong -n "__fish_loong_using_subcommand sessions; and __fish_seen_subcommand_from events" -l json
complete -c loong -n "__fish_loong_using_subcommand sessions; and __fish_seen_subcommand_from events" -s h -l help -d 'Print help'
complete -c loong -n "__fish_loong_using_subcommand sessions; and __fish_seen_subcommand_from wait" -l after-id -r
complete -c loong -n "__fish_loong_using_subcommand sessions; and __fish_seen_subcommand_from wait" -l timeout-ms -r
complete -c loong -n "__fish_loong_using_subcommand sessions; and __fish_seen_subcommand_from wait" -l config -r
complete -c loong -n "__fish_loong_using_subcommand sessions; and __fish_seen_subcommand_from wait" -l session -r
complete -c loong -n "__fish_loong_using_subcommand sessions; and __fish_seen_subcommand_from wait" -l json
complete -c loong -n "__fish_loong_using_subcommand sessions; and __fish_seen_subcommand_from wait" -s h -l help -d 'Print help'
complete -c loong -n "__fish_loong_using_subcommand sessions; and __fish_seen_subcommand_from history" -l limit -r
complete -c loong -n "__fish_loong_using_subcommand sessions; and __fish_seen_subcommand_from history" -l config -r
complete -c loong -n "__fish_loong_using_subcommand sessions; and __fish_seen_subcommand_from history" -l session -r
complete -c loong -n "__fish_loong_using_subcommand sessions; and __fish_seen_subcommand_from history" -l json
complete -c loong -n "__fish_loong_using_subcommand sessions; and __fish_seen_subcommand_from history" -s h -l help -d 'Print help'
complete -c loong -n "__fish_loong_using_subcommand sessions; and __fish_seen_subcommand_from cancel" -l config -r
complete -c loong -n "__fish_loong_using_subcommand sessions; and __fish_seen_subcommand_from cancel" -l session -r
complete -c loong -n "__fish_loong_using_subcommand sessions; and __fish_seen_subcommand_from cancel" -l dry-run
complete -c loong -n "__fish_loong_using_subcommand sessions; and __fish_seen_subcommand_from cancel" -l json
complete -c loong -n "__fish_loong_using_subcommand sessions; and __fish_seen_subcommand_from cancel" -s h -l help -d 'Print help'
complete -c loong -n "__fish_loong_using_subcommand sessions; and __fish_seen_subcommand_from recover" -l config -r
complete -c loong -n "__fish_loong_using_subcommand sessions; and __fish_seen_subcommand_from recover" -l session -r
complete -c loong -n "__fish_loong_using_subcommand sessions; and __fish_seen_subcommand_from recover" -l dry-run
complete -c loong -n "__fish_loong_using_subcommand sessions; and __fish_seen_subcommand_from recover" -l json
complete -c loong -n "__fish_loong_using_subcommand sessions; and __fish_seen_subcommand_from recover" -s h -l help -d 'Print help'
complete -c loong -n "__fish_loong_using_subcommand sessions; and __fish_seen_subcommand_from archive" -l config -r
complete -c loong -n "__fish_loong_using_subcommand sessions; and __fish_seen_subcommand_from archive" -l session -r
complete -c loong -n "__fish_loong_using_subcommand sessions; and __fish_seen_subcommand_from archive" -l dry-run
complete -c loong -n "__fish_loong_using_subcommand sessions; and __fish_seen_subcommand_from archive" -l json
complete -c loong -n "__fish_loong_using_subcommand sessions; and __fish_seen_subcommand_from archive" -s h -l help -d 'Print help'
complete -c loong -n "__fish_loong_using_subcommand sessions; and __fish_seen_subcommand_from heal" -l config -r
complete -c loong -n "__fish_loong_using_subcommand sessions; and __fish_seen_subcommand_from heal" -l session -r
complete -c loong -n "__fish_loong_using_subcommand sessions; and __fish_seen_subcommand_from heal" -l apply
complete -c loong -n "__fish_loong_using_subcommand sessions; and __fish_seen_subcommand_from heal" -l json
complete -c loong -n "__fish_loong_using_subcommand sessions; and __fish_seen_subcommand_from heal" -s h -l help -d 'Print help'
complete -c loong -n "__fish_loong_using_subcommand sessions; and __fish_seen_subcommand_from help" -f -a "list" -d 'List visible persisted sessions for the scoped session lineage'
complete -c loong -n "__fish_loong_using_subcommand sessions; and __fish_seen_subcommand_from help" -f -a "status" -d 'Inspect one visible persisted session'
complete -c loong -n "__fish_loong_using_subcommand sessions; and __fish_seen_subcommand_from help" -f -a "events" -d 'Show recent lifecycle events for one visible session'
complete -c loong -n "__fish_loong_using_subcommand sessions; and __fish_seen_subcommand_from help" -f -a "wait" -d 'Wait on one visible session and return incremental events'
complete -c loong -n "__fish_loong_using_subcommand sessions; and __fish_seen_subcommand_from help" -f -a "history" -d 'Show recent transcript turns for one visible session'
complete -c loong -n "__fish_loong_using_subcommand sessions; and __fish_seen_subcommand_from help" -f -a "cancel" -d 'Cancel one visible session'
complete -c loong -n "__fish_loong_using_subcommand sessions; and __fish_seen_subcommand_from help" -f -a "recover" -d 'Recover one visible session'
complete -c loong -n "__fish_loong_using_subcommand sessions; and __fish_seen_subcommand_from help" -f -a "archive" -d 'Archive one visible terminal session'
complete -c loong -n "__fish_loong_using_subcommand sessions; and __fish_seen_subcommand_from help" -f -a "heal" -d 'Plan or apply bounded self-heal actions for one visible session'
complete -c loong -n "__fish_loong_using_subcommand sessions; and __fish_seen_subcommand_from help" -f -a "help" -d 'Print this message or the help of the given subcommand(s)'
complete -c loong -n "__fish_loong_using_subcommand status" -l config -r
complete -c loong -n "__fish_loong_using_subcommand status" -l json
complete -c loong -n "__fish_loong_using_subcommand status" -s h -l help -d 'Print help'
complete -c loong -n "__fish_loong_using_subcommand plugins; and not __fish_seen_subcommand_from init inventory doctor bridge-profiles bridge-template preflight actions help" -l json
complete -c loong -n "__fish_loong_using_subcommand plugins; and not __fish_seen_subcommand_from init inventory doctor bridge-profiles bridge-template preflight actions help" -s h -l help -d 'Print help (see more with \'--help\')'
complete -c loong -n "__fish_loong_using_subcommand plugins; and not __fish_seen_subcommand_from init inventory doctor bridge-profiles bridge-template preflight actions help" -f -a "init" -d 'Scaffold a new manifest-first plugin package root for external authors'
complete -c loong -n "__fish_loong_using_subcommand plugins; and not __fish_seen_subcommand_from init inventory doctor bridge-profiles bridge-template preflight actions help" -f -a "inventory" -d 'Inspect manifest-first package truth across one or more plugin roots'
complete -c loong -n "__fish_loong_using_subcommand plugins; and not __fish_seen_subcommand_from init inventory doctor bridge-profiles bridge-template preflight actions help" -f -a "doctor" -d 'Diagnose manifest-first plugin packages with author-facing remediation'
complete -c loong -n "__fish_loong_using_subcommand plugins; and not __fish_seen_subcommand_from init inventory doctor bridge-profiles bridge-template preflight actions help" -f -a "bridge-profiles" -d 'List bundled bridge support profiles for controlled ecosystem compatibility'
complete -c loong -n "__fish_loong_using_subcommand plugins; and not __fish_seen_subcommand_from init inventory doctor bridge-profiles bridge-template preflight actions help" -f -a "bridge-template" -d 'Emit the effective recommended bridge support profile template for the scanned ecosystem'
complete -c loong -n "__fish_loong_using_subcommand plugins; and not __fish_seen_subcommand_from init inventory doctor bridge-profiles bridge-template preflight actions help" -f -a "preflight" -d 'Run profile-aware plugin preflight across one or more scan roots'
complete -c loong -n "__fish_loong_using_subcommand plugins; and not __fish_seen_subcommand_from init inventory doctor bridge-profiles bridge-template preflight actions help" -f -a "actions" -d 'Print the deduplicated operator action plan derived from plugin preflight'
complete -c loong -n "__fish_loong_using_subcommand plugins; and not __fish_seen_subcommand_from init inventory doctor bridge-profiles bridge-template preflight actions help" -f -a "help" -d 'Print this message or the help of the given subcommand(s)'
complete -c loong -n "__fish_loong_using_subcommand plugins; and __fish_seen_subcommand_from init" -l plugin-id -d 'Stable plugin identity used by governance, inventory, and audit surfaces' -r
complete -c loong -n "__fish_loong_using_subcommand plugins; and __fish_seen_subcommand_from init" -l provider-id -d 'Optional provider id override; defaults to plugin_id' -r
complete -c loong -n "__fish_loong_using_subcommand plugins; and __fish_seen_subcommand_from init" -l connector-name -d 'Optional connector name override; defaults to plugin_id' -r
complete -c loong -n "__fish_loong_using_subcommand plugins; and __fish_seen_subcommand_from init" -l bridge-kind -d 'Runtime bridge surface declared by the plugin package' -r -f -a "http_json\t''
process_stdio\t''
native_ffi\t''
wasm_component\t''
mcp_server\t''
acp_bridge\t''
acp_runtime\t''"
complete -c loong -n "__fish_loong_using_subcommand plugins; and __fish_seen_subcommand_from init" -l source-language -d 'Source language for language-specific bridges such as process_stdio or native_ffi' -r
complete -c loong -n "__fish_loong_using_subcommand plugins; and __fish_seen_subcommand_from init" -l version -d 'Initial package version written to the manifest' -r
complete -c loong -n "__fish_loong_using_subcommand plugins; and __fish_seen_subcommand_from init" -l summary -d 'Optional one-line summary written to the manifest' -r
complete -c loong -n "__fish_loong_using_subcommand plugins; and __fish_seen_subcommand_from init" -l json
complete -c loong -n "__fish_loong_using_subcommand plugins; and __fish_seen_subcommand_from init" -s h -l help -d 'Print help'
complete -c loong -n "__fish_loong_using_subcommand plugins; and __fish_seen_subcommand_from inventory" -l root -d 'Scan root to inspect for plugins. Repeat the flag for multiple roots' -r
complete -c loong -n "__fish_loong_using_subcommand plugins; and __fish_seen_subcommand_from inventory" -l query -d 'Filter plugins by query before evaluating preflight' -r
complete -c loong -n "__fish_loong_using_subcommand plugins; and __fish_seen_subcommand_from inventory" -l limit -d 'Maximum number of plugins to return' -r
complete -c loong -n "__fish_loong_using_subcommand plugins; and __fish_seen_subcommand_from inventory" -l bridge-support -d 'Optional JSON file containing a bridge support policy' -r
complete -c loong -n "__fish_loong_using_subcommand plugins; and __fish_seen_subcommand_from inventory" -l bridge-profile -d 'Optional bundled bridge support profile for controlled ecosystem compatibility' -r -f -a "native-balanced\t''
openclaw-ecosystem-balanced\t''"
complete -c loong -n "__fish_loong_using_subcommand plugins; and __fish_seen_subcommand_from inventory" -l bridge-support-delta -d 'Optional delta artifact JSON file derived from a bundled bridge support profile' -r
complete -c loong -n "__fish_loong_using_subcommand plugins; and __fish_seen_subcommand_from inventory" -l bridge-support-sha256 -d 'Optional sha256 pin for the resolved bridge support policy' -r
complete -c loong -n "__fish_loong_using_subcommand plugins; and __fish_seen_subcommand_from inventory" -l bridge-support-delta-sha256 -d 'Optional sha256 pin for the bridge support delta artifact' -r
complete -c loong -n "__fish_loong_using_subcommand plugins; and __fish_seen_subcommand_from inventory" -l include-ready -d 'Include ready or setup-incomplete plugins in the inventory results'
complete -c loong -n "__fish_loong_using_subcommand plugins; and __fish_seen_subcommand_from inventory" -l include-blocked -d 'Include blocked plugins in the inventory results'
complete -c loong -n "__fish_loong_using_subcommand plugins; and __fish_seen_subcommand_from inventory" -l include-deferred -d 'Include deferred plugins in the inventory results'
complete -c loong -n "__fish_loong_using_subcommand plugins; and __fish_seen_subcommand_from inventory" -l include-examples -d 'Include input/output examples in inventory result rows'
complete -c loong -n "__fish_loong_using_subcommand plugins; and __fish_seen_subcommand_from inventory" -l json
complete -c loong -n "__fish_loong_using_subcommand plugins; and __fish_seen_subcommand_from inventory" -s h -l help -d 'Print help'
complete -c loong -n "__fish_loong_using_subcommand plugins; and __fish_seen_subcommand_from doctor" -l root -d 'Scan root to inspect for plugins. Repeat the flag for multiple roots' -r
complete -c loong -n "__fish_loong_using_subcommand plugins; and __fish_seen_subcommand_from doctor" -l query -d 'Filter plugins by query before evaluating preflight' -r
complete -c loong -n "__fish_loong_using_subcommand plugins; and __fish_seen_subcommand_from doctor" -l limit -d 'Maximum number of plugins to return' -r
complete -c loong -n "__fish_loong_using_subcommand plugins; and __fish_seen_subcommand_from doctor" -l bridge-support -d 'Optional JSON file containing a bridge support policy' -r
complete -c loong -n "__fish_loong_using_subcommand plugins; and __fish_seen_subcommand_from doctor" -l bridge-profile -d 'Optional bundled bridge support profile for controlled ecosystem compatibility' -r -f -a "native-balanced\t''
openclaw-ecosystem-balanced\t''"
complete -c loong -n "__fish_loong_using_subcommand plugins; and __fish_seen_subcommand_from doctor" -l bridge-support-delta -d 'Optional delta artifact JSON file derived from a bundled bridge support profile' -r
complete -c loong -n "__fish_loong_using_subcommand plugins; and __fish_seen_subcommand_from doctor" -l bridge-support-sha256 -d 'Optional sha256 pin for the resolved bridge support policy' -r
complete -c loong -n "__fish_loong_using_subcommand plugins; and __fish_seen_subcommand_from doctor" -l bridge-support-delta-sha256 -d 'Optional sha256 pin for the bridge support delta artifact' -r
complete -c loong -n "__fish_loong_using_subcommand plugins; and __fish_seen_subcommand_from doctor" -l profile -d 'Author-facing governance profile to evaluate' -r -f -a "runtime-activation\t''
sdk-release\t''
marketplace-submission\t''"
complete -c loong -n "__fish_loong_using_subcommand plugins; and __fish_seen_subcommand_from doctor" -l policy-path -d 'Optional plugin preflight policy JSON file' -r
complete -c loong -n "__fish_loong_using_subcommand plugins; and __fish_seen_subcommand_from doctor" -l policy-sha256 -d 'Optional sha256 pin for the plugin preflight policy file' -r
complete -c loong -n "__fish_loong_using_subcommand plugins; and __fish_seen_subcommand_from doctor" -l policy-signature-public-key-base64 -d 'Optional base64-encoded public key for plugin preflight policy signature verification' -r
complete -c loong -n "__fish_loong_using_subcommand plugins; and __fish_seen_subcommand_from doctor" -l policy-signature-base64 -d 'Optional base64-encoded signature for plugin preflight policy verification' -r
complete -c loong -n "__fish_loong_using_subcommand plugins; and __fish_seen_subcommand_from doctor" -l policy-signature-algorithm -d 'Signature algorithm for the provided policy signature' -r
complete -c loong -n "__fish_loong_using_subcommand plugins; and __fish_seen_subcommand_from doctor" -l include-passed -d 'Include plugins that pass the selected governance profile'
complete -c loong -n "__fish_loong_using_subcommand plugins; and __fish_seen_subcommand_from doctor" -l include-warned -d 'Include plugins that warn under the selected governance profile'
complete -c loong -n "__fish_loong_using_subcommand plugins; and __fish_seen_subcommand_from doctor" -l include-blocked -d 'Include plugins that block under the selected governance profile'
complete -c loong -n "__fish_loong_using_subcommand plugins; and __fish_seen_subcommand_from doctor" -l include-deferred -d 'Include deferred plugins in the doctor scan'
complete -c loong -n "__fish_loong_using_subcommand plugins; and __fish_seen_subcommand_from doctor" -l json
complete -c loong -n "__fish_loong_using_subcommand plugins; and __fish_seen_subcommand_from doctor" -s h -l help -d 'Print help'
complete -c loong -n "__fish_loong_using_subcommand plugins; and __fish_seen_subcommand_from bridge-profiles" -l profile -d 'Restrict output to one or more bundled bridge support profiles' -r -f -a "native-balanced\t''
openclaw-ecosystem-balanced\t''"
complete -c loong -n "__fish_loong_using_subcommand plugins; and __fish_seen_subcommand_from bridge-profiles" -l json
complete -c loong -n "__fish_loong_using_subcommand plugins; and __fish_seen_subcommand_from bridge-profiles" -s h -l help -d 'Print help'
complete -c loong -n "__fish_loong_using_subcommand plugins; and __fish_seen_subcommand_from bridge-template" -l root -d 'Scan root to inspect for plugins. Repeat the flag for multiple roots' -r
complete -c loong -n "__fish_loong_using_subcommand plugins; and __fish_seen_subcommand_from bridge-template" -l query -d 'Filter plugins by query before evaluating preflight' -r
complete -c loong -n "__fish_loong_using_subcommand plugins; and __fish_seen_subcommand_from bridge-template" -l limit -d 'Maximum number of plugins to return' -r
complete -c loong -n "__fish_loong_using_subcommand plugins; and __fish_seen_subcommand_from bridge-template" -l bridge-support -d 'Optional JSON file containing a bridge support policy' -r
complete -c loong -n "__fish_loong_using_subcommand plugins; and __fish_seen_subcommand_from bridge-template" -l bridge-profile -d 'Optional bundled bridge support profile for controlled ecosystem compatibility' -r -f -a "native-balanced\t''
openclaw-ecosystem-balanced\t''"
complete -c loong -n "__fish_loong_using_subcommand plugins; and __fish_seen_subcommand_from bridge-template" -l bridge-support-delta -d 'Optional delta artifact JSON file derived from a bundled bridge support profile' -r
complete -c loong -n "__fish_loong_using_subcommand plugins; and __fish_seen_subcommand_from bridge-template" -l bridge-support-sha256 -d 'Optional sha256 pin for the resolved bridge support policy' -r
complete -c loong -n "__fish_loong_using_subcommand plugins; and __fish_seen_subcommand_from bridge-template" -l bridge-support-delta-sha256 -d 'Optional sha256 pin for the bridge support delta artifact' -r
complete -c loong -n "__fish_loong_using_subcommand plugins; and __fish_seen_subcommand_from bridge-template" -l profile -d 'Active governance profile to evaluate' -r -f -a "runtime-activation\t''
sdk-release\t''
marketplace-submission\t''"
complete -c loong -n "__fish_loong_using_subcommand plugins; and __fish_seen_subcommand_from bridge-template" -l policy-path -d 'Optional plugin preflight policy JSON file' -r
complete -c loong -n "__fish_loong_using_subcommand plugins; and __fish_seen_subcommand_from bridge-template" -l policy-sha256 -d 'Optional sha256 pin for the plugin preflight policy file' -r
complete -c loong -n "__fish_loong_using_subcommand plugins; and __fish_seen_subcommand_from bridge-template" -l policy-signature-public-key-base64 -d 'Optional base64-encoded public key for plugin preflight policy signature verification' -r
complete -c loong -n "__fish_loong_using_subcommand plugins; and __fish_seen_subcommand_from bridge-template" -l policy-signature-base64 -d 'Optional base64-encoded signature for plugin preflight policy verification' -r
complete -c loong -n "__fish_loong_using_subcommand plugins; and __fish_seen_subcommand_from bridge-template" -l policy-signature-algorithm -d 'Signature algorithm for the provided policy signature' -r
complete -c loong -n "__fish_loong_using_subcommand plugins; and __fish_seen_subcommand_from bridge-template" -l output -d 'Optionally write the emitted bridge support template JSON to a file' -r
complete -c loong -n "__fish_loong_using_subcommand plugins; and __fish_seen_subcommand_from bridge-template" -l delta-output -d 'Optionally write the emitted minimal bridge support delta artifact JSON to a file' -r
complete -c loong -n "__fish_loong_using_subcommand plugins; and __fish_seen_subcommand_from bridge-template" -l include-passed -d 'Include plugins that pass the selected governance profile'
complete -c loong -n "__fish_loong_using_subcommand plugins; and __fish_seen_subcommand_from bridge-template" -l include-warned -d 'Include plugins that warn under the selected governance profile'
complete -c loong -n "__fish_loong_using_subcommand plugins; and __fish_seen_subcommand_from bridge-template" -l include-blocked -d 'Include plugins that block under the selected governance profile'
complete -c loong -n "__fish_loong_using_subcommand plugins; and __fish_seen_subcommand_from bridge-template" -l include-deferred -d 'Include deferred plugins in the preflight scan'
complete -c loong -n "__fish_loong_using_subcommand plugins; and __fish_seen_subcommand_from bridge-template" -l json
complete -c loong -n "__fish_loong_using_subcommand plugins; and __fish_seen_subcommand_from bridge-template" -s h -l help -d 'Print help'
complete -c loong -n "__fish_loong_using_subcommand plugins; and __fish_seen_subcommand_from preflight" -l root -d 'Scan root to inspect for plugins. Repeat the flag for multiple roots' -r
complete -c loong -n "__fish_loong_using_subcommand plugins; and __fish_seen_subcommand_from preflight" -l query -d 'Filter plugins by query before evaluating preflight' -r
complete -c loong -n "__fish_loong_using_subcommand plugins; and __fish_seen_subcommand_from preflight" -l limit -d 'Maximum number of plugins to return' -r
complete -c loong -n "__fish_loong_using_subcommand plugins; and __fish_seen_subcommand_from preflight" -l bridge-support -d 'Optional JSON file containing a bridge support policy' -r
complete -c loong -n "__fish_loong_using_subcommand plugins; and __fish_seen_subcommand_from preflight" -l bridge-profile -d 'Optional bundled bridge support profile for controlled ecosystem compatibility' -r -f -a "native-balanced\t''
openclaw-ecosystem-balanced\t''"
complete -c loong -n "__fish_loong_using_subcommand plugins; and __fish_seen_subcommand_from preflight" -l bridge-support-delta -d 'Optional delta artifact JSON file derived from a bundled bridge support profile' -r
complete -c loong -n "__fish_loong_using_subcommand plugins; and __fish_seen_subcommand_from preflight" -l bridge-support-sha256 -d 'Optional sha256 pin for the resolved bridge support policy' -r
complete -c loong -n "__fish_loong_using_subcommand plugins; and __fish_seen_subcommand_from preflight" -l bridge-support-delta-sha256 -d 'Optional sha256 pin for the bridge support delta artifact' -r
complete -c loong -n "__fish_loong_using_subcommand plugins; and __fish_seen_subcommand_from preflight" -l profile -d 'Active governance profile to evaluate' -r -f -a "runtime-activation\t''
sdk-release\t''
marketplace-submission\t''"
complete -c loong -n "__fish_loong_using_subcommand plugins; and __fish_seen_subcommand_from preflight" -l policy-path -d 'Optional plugin preflight policy JSON file' -r
complete -c loong -n "__fish_loong_using_subcommand plugins; and __fish_seen_subcommand_from preflight" -l policy-sha256 -d 'Optional sha256 pin for the plugin preflight policy file' -r
complete -c loong -n "__fish_loong_using_subcommand plugins; and __fish_seen_subcommand_from preflight" -l policy-signature-public-key-base64 -d 'Optional base64-encoded public key for plugin preflight policy signature verification' -r
complete -c loong -n "__fish_loong_using_subcommand plugins; and __fish_seen_subcommand_from preflight" -l policy-signature-base64 -d 'Optional base64-encoded signature for plugin preflight policy verification' -r
complete -c loong -n "__fish_loong_using_subcommand plugins; and __fish_seen_subcommand_from preflight" -l policy-signature-algorithm -d 'Signature algorithm for the provided policy signature' -r
complete -c loong -n "__fish_loong_using_subcommand plugins; and __fish_seen_subcommand_from preflight" -l include-passed -d 'Include plugins that pass the selected governance profile'
complete -c loong -n "__fish_loong_using_subcommand plugins; and __fish_seen_subcommand_from preflight" -l include-warned -d 'Include plugins that warn under the selected governance profile'
complete -c loong -n "__fish_loong_using_subcommand plugins; and __fish_seen_subcommand_from preflight" -l include-blocked -d 'Include plugins that block under the selected governance profile'
complete -c loong -n "__fish_loong_using_subcommand plugins; and __fish_seen_subcommand_from preflight" -l include-deferred -d 'Include deferred plugins in the preflight scan'
complete -c loong -n "__fish_loong_using_subcommand plugins; and __fish_seen_subcommand_from preflight" -l include-examples -d 'Include input/output examples in preflight result rows'
complete -c loong -n "__fish_loong_using_subcommand plugins; and __fish_seen_subcommand_from preflight" -l json
complete -c loong -n "__fish_loong_using_subcommand plugins; and __fish_seen_subcommand_from preflight" -s h -l help -d 'Print help'
complete -c loong -n "__fish_loong_using_subcommand plugins; and __fish_seen_subcommand_from actions" -l root -d 'Scan root to inspect for plugins. Repeat the flag for multiple roots' -r
complete -c loong -n "__fish_loong_using_subcommand plugins; and __fish_seen_subcommand_from actions" -l query -d 'Filter plugins by query before evaluating preflight' -r
complete -c loong -n "__fish_loong_using_subcommand plugins; and __fish_seen_subcommand_from actions" -l limit -d 'Maximum number of plugins to return' -r
complete -c loong -n "__fish_loong_using_subcommand plugins; and __fish_seen_subcommand_from actions" -l bridge-support -d 'Optional JSON file containing a bridge support policy' -r
complete -c loong -n "__fish_loong_using_subcommand plugins; and __fish_seen_subcommand_from actions" -l bridge-profile -d 'Optional bundled bridge support profile for controlled ecosystem compatibility' -r -f -a "native-balanced\t''
openclaw-ecosystem-balanced\t''"
complete -c loong -n "__fish_loong_using_subcommand plugins; and __fish_seen_subcommand_from actions" -l bridge-support-delta -d 'Optional delta artifact JSON file derived from a bundled bridge support profile' -r
complete -c loong -n "__fish_loong_using_subcommand plugins; and __fish_seen_subcommand_from actions" -l bridge-support-sha256 -d 'Optional sha256 pin for the resolved bridge support policy' -r
complete -c loong -n "__fish_loong_using_subcommand plugins; and __fish_seen_subcommand_from actions" -l bridge-support-delta-sha256 -d 'Optional sha256 pin for the bridge support delta artifact' -r
complete -c loong -n "__fish_loong_using_subcommand plugins; and __fish_seen_subcommand_from actions" -l profile -d 'Active governance profile to evaluate' -r -f -a "runtime-activation\t''
sdk-release\t''
marketplace-submission\t''"
complete -c loong -n "__fish_loong_using_subcommand plugins; and __fish_seen_subcommand_from actions" -l policy-path -d 'Optional plugin preflight policy JSON file' -r
complete -c loong -n "__fish_loong_using_subcommand plugins; and __fish_seen_subcommand_from actions" -l policy-sha256 -d 'Optional sha256 pin for the plugin preflight policy file' -r
complete -c loong -n "__fish_loong_using_subcommand plugins; and __fish_seen_subcommand_from actions" -l policy-signature-public-key-base64 -d 'Optional base64-encoded public key for plugin preflight policy signature verification' -r
complete -c loong -n "__fish_loong_using_subcommand plugins; and __fish_seen_subcommand_from actions" -l policy-signature-base64 -d 'Optional base64-encoded signature for plugin preflight policy verification' -r
complete -c loong -n "__fish_loong_using_subcommand plugins; and __fish_seen_subcommand_from actions" -l policy-signature-algorithm -d 'Signature algorithm for the provided policy signature' -r
complete -c loong -n "__fish_loong_using_subcommand plugins; and __fish_seen_subcommand_from actions" -l surface -d 'Restrict returned actions to one or more owning surfaces' -r -f -a "host-runtime\t''
bridge-policy\t''
plugin-package\t''
operator-review\t''"
complete -c loong -n "__fish_loong_using_subcommand plugins; and __fish_seen_subcommand_from actions" -l kind -d 'Restrict returned actions to one or more action kinds' -r -f -a "quarantine-loaded-provider\t''
reabsorb-plugin\t''
update-bridge-support-policy\t''
update-plugin-package\t''
resolve-slot-ownership\t''
review-diagnostics\t''"
complete -c loong -n "__fish_loong_using_subcommand plugins; and __fish_seen_subcommand_from actions" -l requires-reload -d 'Restrict returned actions by reload requirement' -r -f -a "true\t''
false\t''"
complete -c loong -n "__fish_loong_using_subcommand plugins; and __fish_seen_subcommand_from actions" -l include-passed -d 'Include plugins that pass the selected governance profile'
complete -c loong -n "__fish_loong_using_subcommand plugins; and __fish_seen_subcommand_from actions" -l include-warned -d 'Include plugins that warn under the selected governance profile'
complete -c loong -n "__fish_loong_using_subcommand plugins; and __fish_seen_subcommand_from actions" -l include-blocked -d 'Include plugins that block under the selected governance profile'
complete -c loong -n "__fish_loong_using_subcommand plugins; and __fish_seen_subcommand_from actions" -l include-deferred -d 'Include deferred plugins in the preflight scan'
complete -c loong -n "__fish_loong_using_subcommand plugins; and __fish_seen_subcommand_from actions" -l json
complete -c loong -n "__fish_loong_using_subcommand plugins; and __fish_seen_subcommand_from actions" -s h -l help -d 'Print help'
complete -c loong -n "__fish_loong_using_subcommand plugins; and __fish_seen_subcommand_from help" -f -a "init" -d 'Scaffold a new manifest-first plugin package root for external authors'
complete -c loong -n "__fish_loong_using_subcommand plugins; and __fish_seen_subcommand_from help" -f -a "inventory" -d 'Inspect manifest-first package truth across one or more plugin roots'
complete -c loong -n "__fish_loong_using_subcommand plugins; and __fish_seen_subcommand_from help" -f -a "doctor" -d 'Diagnose manifest-first plugin packages with author-facing remediation'
complete -c loong -n "__fish_loong_using_subcommand plugins; and __fish_seen_subcommand_from help" -f -a "bridge-profiles" -d 'List bundled bridge support profiles for controlled ecosystem compatibility'
complete -c loong -n "__fish_loong_using_subcommand plugins; and __fish_seen_subcommand_from help" -f -a "bridge-template" -d 'Emit the effective recommended bridge support profile template for the scanned ecosystem'
complete -c loong -n "__fish_loong_using_subcommand plugins; and __fish_seen_subcommand_from help" -f -a "preflight" -d 'Run profile-aware plugin preflight across one or more scan roots'
complete -c loong -n "__fish_loong_using_subcommand plugins; and __fish_seen_subcommand_from help" -f -a "actions" -d 'Print the deduplicated operator action plan derived from plugin preflight'
complete -c loong -n "__fish_loong_using_subcommand plugins; and __fish_seen_subcommand_from help" -f -a "help" -d 'Print this message or the help of the given subcommand(s)'
complete -c loong -n "__fish_loong_using_subcommand plugin; and not __fish_seen_subcommand_from init inventory doctor bridge-profiles bridge-template preflight actions help" -l json
complete -c loong -n "__fish_loong_using_subcommand plugin; and not __fish_seen_subcommand_from init inventory doctor bridge-profiles bridge-template preflight actions help" -s h -l help -d 'Print help (see more with \'--help\')'
complete -c loong -n "__fish_loong_using_subcommand plugin; and not __fish_seen_subcommand_from init inventory doctor bridge-profiles bridge-template preflight actions help" -f -a "init" -d 'Scaffold a new manifest-first plugin package root for external authors'
complete -c loong -n "__fish_loong_using_subcommand plugin; and not __fish_seen_subcommand_from init inventory doctor bridge-profiles bridge-template preflight actions help" -f -a "inventory" -d 'Inspect manifest-first package truth across one or more plugin roots'
complete -c loong -n "__fish_loong_using_subcommand plugin; and not __fish_seen_subcommand_from init inventory doctor bridge-profiles bridge-template preflight actions help" -f -a "doctor" -d 'Diagnose manifest-first plugin packages with author-facing remediation'
complete -c loong -n "__fish_loong_using_subcommand plugin; and not __fish_seen_subcommand_from init inventory doctor bridge-profiles bridge-template preflight actions help" -f -a "bridge-profiles" -d 'List bundled bridge support profiles for controlled ecosystem compatibility'
complete -c loong -n "__fish_loong_using_subcommand plugin; and not __fish_seen_subcommand_from init inventory doctor bridge-profiles bridge-template preflight actions help" -f -a "bridge-template" -d 'Emit the effective recommended bridge support profile template for the scanned ecosystem'
complete -c loong -n "__fish_loong_using_subcommand plugin; and not __fish_seen_subcommand_from init inventory doctor bridge-profiles bridge-template preflight actions help" -f -a "preflight" -d 'Run profile-aware plugin preflight across one or more scan roots'
complete -c loong -n "__fish_loong_using_subcommand plugin; and not __fish_seen_subcommand_from init inventory doctor bridge-profiles bridge-template preflight actions help" -f -a "actions" -d 'Print the deduplicated operator action plan derived from plugin preflight'
complete -c loong -n "__fish_loong_using_subcommand plugin; and not __fish_seen_subcommand_from init inventory doctor bridge-profiles bridge-template preflight actions help" -f -a "help" -d 'Print this message or the help of the given subcommand(s)'
complete -c loong -n "__fish_loong_using_subcommand plugin; and __fish_seen_subcommand_from init" -l plugin-id -d 'Stable plugin identity used by governance, inventory, and audit surfaces' -r
complete -c loong -n "__fish_loong_using_subcommand plugin; and __fish_seen_subcommand_from init" -l provider-id -d 'Optional provider id override; defaults to plugin_id' -r
complete -c loong -n "__fish_loong_using_subcommand plugin; and __fish_seen_subcommand_from init" -l connector-name -d 'Optional connector name override; defaults to plugin_id' -r
complete -c loong -n "__fish_loong_using_subcommand plugin; and __fish_seen_subcommand_from init" -l bridge-kind -d 'Runtime bridge surface declared by the plugin package' -r -f -a "http_json\t''
process_stdio\t''
native_ffi\t''
wasm_component\t''
mcp_server\t''
acp_bridge\t''
acp_runtime\t''"
complete -c loong -n "__fish_loong_using_subcommand plugin; and __fish_seen_subcommand_from init" -l source-language -d 'Source language for language-specific bridges such as process_stdio or native_ffi' -r
complete -c loong -n "__fish_loong_using_subcommand plugin; and __fish_seen_subcommand_from init" -l version -d 'Initial package version written to the manifest' -r
complete -c loong -n "__fish_loong_using_subcommand plugin; and __fish_seen_subcommand_from init" -l summary -d 'Optional one-line summary written to the manifest' -r
complete -c loong -n "__fish_loong_using_subcommand plugin; and __fish_seen_subcommand_from init" -l json
complete -c loong -n "__fish_loong_using_subcommand plugin; and __fish_seen_subcommand_from init" -s h -l help -d 'Print help'
complete -c loong -n "__fish_loong_using_subcommand plugin; and __fish_seen_subcommand_from inventory" -l root -d 'Scan root to inspect for plugins. Repeat the flag for multiple roots' -r
complete -c loong -n "__fish_loong_using_subcommand plugin; and __fish_seen_subcommand_from inventory" -l query -d 'Filter plugins by query before evaluating preflight' -r
complete -c loong -n "__fish_loong_using_subcommand plugin; and __fish_seen_subcommand_from inventory" -l limit -d 'Maximum number of plugins to return' -r
complete -c loong -n "__fish_loong_using_subcommand plugin; and __fish_seen_subcommand_from inventory" -l bridge-support -d 'Optional JSON file containing a bridge support policy' -r
complete -c loong -n "__fish_loong_using_subcommand plugin; and __fish_seen_subcommand_from inventory" -l bridge-profile -d 'Optional bundled bridge support profile for controlled ecosystem compatibility' -r -f -a "native-balanced\t''
openclaw-ecosystem-balanced\t''"
complete -c loong -n "__fish_loong_using_subcommand plugin; and __fish_seen_subcommand_from inventory" -l bridge-support-delta -d 'Optional delta artifact JSON file derived from a bundled bridge support profile' -r
complete -c loong -n "__fish_loong_using_subcommand plugin; and __fish_seen_subcommand_from inventory" -l bridge-support-sha256 -d 'Optional sha256 pin for the resolved bridge support policy' -r
complete -c loong -n "__fish_loong_using_subcommand plugin; and __fish_seen_subcommand_from inventory" -l bridge-support-delta-sha256 -d 'Optional sha256 pin for the bridge support delta artifact' -r
complete -c loong -n "__fish_loong_using_subcommand plugin; and __fish_seen_subcommand_from inventory" -l include-ready -d 'Include ready or setup-incomplete plugins in the inventory results'
complete -c loong -n "__fish_loong_using_subcommand plugin; and __fish_seen_subcommand_from inventory" -l include-blocked -d 'Include blocked plugins in the inventory results'
complete -c loong -n "__fish_loong_using_subcommand plugin; and __fish_seen_subcommand_from inventory" -l include-deferred -d 'Include deferred plugins in the inventory results'
complete -c loong -n "__fish_loong_using_subcommand plugin; and __fish_seen_subcommand_from inventory" -l include-examples -d 'Include input/output examples in inventory result rows'
complete -c loong -n "__fish_loong_using_subcommand plugin; and __fish_seen_subcommand_from inventory" -l json
complete -c loong -n "__fish_loong_using_subcommand plugin; and __fish_seen_subcommand_from inventory" -s h -l help -d 'Print help'
complete -c loong -n "__fish_loong_using_subcommand plugin; and __fish_seen_subcommand_from doctor" -l root -d 'Scan root to inspect for plugins. Repeat the flag for multiple roots' -r
complete -c loong -n "__fish_loong_using_subcommand plugin; and __fish_seen_subcommand_from doctor" -l query -d 'Filter plugins by query before evaluating preflight' -r
complete -c loong -n "__fish_loong_using_subcommand plugin; and __fish_seen_subcommand_from doctor" -l limit -d 'Maximum number of plugins to return' -r
complete -c loong -n "__fish_loong_using_subcommand plugin; and __fish_seen_subcommand_from doctor" -l bridge-support -d 'Optional JSON file containing a bridge support policy' -r
complete -c loong -n "__fish_loong_using_subcommand plugin; and __fish_seen_subcommand_from doctor" -l bridge-profile -d 'Optional bundled bridge support profile for controlled ecosystem compatibility' -r -f -a "native-balanced\t''
openclaw-ecosystem-balanced\t''"
complete -c loong -n "__fish_loong_using_subcommand plugin; and __fish_seen_subcommand_from doctor" -l bridge-support-delta -d 'Optional delta artifact JSON file derived from a bundled bridge support profile' -r
complete -c loong -n "__fish_loong_using_subcommand plugin; and __fish_seen_subcommand_from doctor" -l bridge-support-sha256 -d 'Optional sha256 pin for the resolved bridge support policy' -r
complete -c loong -n "__fish_loong_using_subcommand plugin; and __fish_seen_subcommand_from doctor" -l bridge-support-delta-sha256 -d 'Optional sha256 pin for the bridge support delta artifact' -r
complete -c loong -n "__fish_loong_using_subcommand plugin; and __fish_seen_subcommand_from doctor" -l profile -d 'Author-facing governance profile to evaluate' -r -f -a "runtime-activation\t''
sdk-release\t''
marketplace-submission\t''"
complete -c loong -n "__fish_loong_using_subcommand plugin; and __fish_seen_subcommand_from doctor" -l policy-path -d 'Optional plugin preflight policy JSON file' -r
complete -c loong -n "__fish_loong_using_subcommand plugin; and __fish_seen_subcommand_from doctor" -l policy-sha256 -d 'Optional sha256 pin for the plugin preflight policy file' -r
complete -c loong -n "__fish_loong_using_subcommand plugin; and __fish_seen_subcommand_from doctor" -l policy-signature-public-key-base64 -d 'Optional base64-encoded public key for plugin preflight policy signature verification' -r
complete -c loong -n "__fish_loong_using_subcommand plugin; and __fish_seen_subcommand_from doctor" -l policy-signature-base64 -d 'Optional base64-encoded signature for plugin preflight policy verification' -r
complete -c loong -n "__fish_loong_using_subcommand plugin; and __fish_seen_subcommand_from doctor" -l policy-signature-algorithm -d 'Signature algorithm for the provided policy signature' -r
complete -c loong -n "__fish_loong_using_subcommand plugin; and __fish_seen_subcommand_from doctor" -l include-passed -d 'Include plugins that pass the selected governance profile'
complete -c loong -n "__fish_loong_using_subcommand plugin; and __fish_seen_subcommand_from doctor" -l include-warned -d 'Include plugins that warn under the selected governance profile'
complete -c loong -n "__fish_loong_using_subcommand plugin; and __fish_seen_subcommand_from doctor" -l include-blocked -d 'Include plugins that block under the selected governance profile'
complete -c loong -n "__fish_loong_using_subcommand plugin; and __fish_seen_subcommand_from doctor" -l include-deferred -d 'Include deferred plugins in the doctor scan'
complete -c loong -n "__fish_loong_using_subcommand plugin; and __fish_seen_subcommand_from doctor" -l json
complete -c loong -n "__fish_loong_using_subcommand plugin; and __fish_seen_subcommand_from doctor" -s h -l help -d 'Print help'
complete -c loong -n "__fish_loong_using_subcommand plugin; and __fish_seen_subcommand_from bridge-profiles" -l profile -d 'Restrict output to one or more bundled bridge support profiles' -r -f -a "native-balanced\t''
openclaw-ecosystem-balanced\t''"
complete -c loong -n "__fish_loong_using_subcommand plugin; and __fish_seen_subcommand_from bridge-profiles" -l json
complete -c loong -n "__fish_loong_using_subcommand plugin; and __fish_seen_subcommand_from bridge-profiles" -s h -l help -d 'Print help'
complete -c loong -n "__fish_loong_using_subcommand plugin; and __fish_seen_subcommand_from bridge-template" -l root -d 'Scan root to inspect for plugins. Repeat the flag for multiple roots' -r
complete -c loong -n "__fish_loong_using_subcommand plugin; and __fish_seen_subcommand_from bridge-template" -l query -d 'Filter plugins by query before evaluating preflight' -r
complete -c loong -n "__fish_loong_using_subcommand plugin; and __fish_seen_subcommand_from bridge-template" -l limit -d 'Maximum number of plugins to return' -r
complete -c loong -n "__fish_loong_using_subcommand plugin; and __fish_seen_subcommand_from bridge-template" -l bridge-support -d 'Optional JSON file containing a bridge support policy' -r
complete -c loong -n "__fish_loong_using_subcommand plugin; and __fish_seen_subcommand_from bridge-template" -l bridge-profile -d 'Optional bundled bridge support profile for controlled ecosystem compatibility' -r -f -a "native-balanced\t''
openclaw-ecosystem-balanced\t''"
complete -c loong -n "__fish_loong_using_subcommand plugin; and __fish_seen_subcommand_from bridge-template" -l bridge-support-delta -d 'Optional delta artifact JSON file derived from a bundled bridge support profile' -r
complete -c loong -n "__fish_loong_using_subcommand plugin; and __fish_seen_subcommand_from bridge-template" -l bridge-support-sha256 -d 'Optional sha256 pin for the resolved bridge support policy' -r
complete -c loong -n "__fish_loong_using_subcommand plugin; and __fish_seen_subcommand_from bridge-template" -l bridge-support-delta-sha256 -d 'Optional sha256 pin for the bridge support delta artifact' -r
complete -c loong -n "__fish_loong_using_subcommand plugin; and __fish_seen_subcommand_from bridge-template" -l profile -d 'Active governance profile to evaluate' -r -f -a "runtime-activation\t''
sdk-release\t''
marketplace-submission\t''"
complete -c loong -n "__fish_loong_using_subcommand plugin; and __fish_seen_subcommand_from bridge-template" -l policy-path -d 'Optional plugin preflight policy JSON file' -r
complete -c loong -n "__fish_loong_using_subcommand plugin; and __fish_seen_subcommand_from bridge-template" -l policy-sha256 -d 'Optional sha256 pin for the plugin preflight policy file' -r
complete -c loong -n "__fish_loong_using_subcommand plugin; and __fish_seen_subcommand_from bridge-template" -l policy-signature-public-key-base64 -d 'Optional base64-encoded public key for plugin preflight policy signature verification' -r
complete -c loong -n "__fish_loong_using_subcommand plugin; and __fish_seen_subcommand_from bridge-template" -l policy-signature-base64 -d 'Optional base64-encoded signature for plugin preflight policy verification' -r
complete -c loong -n "__fish_loong_using_subcommand plugin; and __fish_seen_subcommand_from bridge-template" -l policy-signature-algorithm -d 'Signature algorithm for the provided policy signature' -r
complete -c loong -n "__fish_loong_using_subcommand plugin; and __fish_seen_subcommand_from bridge-template" -l output -d 'Optionally write the emitted bridge support template JSON to a file' -r
complete -c loong -n "__fish_loong_using_subcommand plugin; and __fish_seen_subcommand_from bridge-template" -l delta-output -d 'Optionally write the emitted minimal bridge support delta artifact JSON to a file' -r
complete -c loong -n "__fish_loong_using_subcommand plugin; and __fish_seen_subcommand_from bridge-template" -l include-passed -d 'Include plugins that pass the selected governance profile'
complete -c loong -n "__fish_loong_using_subcommand plugin; and __fish_seen_subcommand_from bridge-template" -l include-warned -d 'Include plugins that warn under the selected governance profile'
complete -c loong -n "__fish_loong_using_subcommand plugin; and __fish_seen_subcommand_from bridge-template" -l include-blocked -d 'Include plugins that block under the selected governance profile'
complete -c loong -n "__fish_loong_using_subcommand plugin; and __fish_seen_subcommand_from bridge-template" -l include-deferred -d 'Include deferred plugins in the preflight scan'
complete -c loong -n "__fish_loong_using_subcommand plugin; and __fish_seen_subcommand_from bridge-template" -l json
complete -c loong -n "__fish_loong_using_subcommand plugin; and __fish_seen_subcommand_from bridge-template" -s h -l help -d 'Print help'
complete -c loong -n "__fish_loong_using_subcommand plugin; and __fish_seen_subcommand_from preflight" -l root -d 'Scan root to inspect for plugins. Repeat the flag for multiple roots' -r
complete -c loong -n "__fish_loong_using_subcommand plugin; and __fish_seen_subcommand_from preflight" -l query -d 'Filter plugins by query before evaluating preflight' -r
complete -c loong -n "__fish_loong_using_subcommand plugin; and __fish_seen_subcommand_from preflight" -l limit -d 'Maximum number of plugins to return' -r
complete -c loong -n "__fish_loong_using_subcommand plugin; and __fish_seen_subcommand_from preflight" -l bridge-support -d 'Optional JSON file containing a bridge support policy' -r
complete -c loong -n "__fish_loong_using_subcommand plugin; and __fish_seen_subcommand_from preflight" -l bridge-profile -d 'Optional bundled bridge support profile for controlled ecosystem compatibility' -r -f -a "native-balanced\t''
openclaw-ecosystem-balanced\t''"
complete -c loong -n "__fish_loong_using_subcommand plugin; and __fish_seen_subcommand_from preflight" -l bridge-support-delta -d 'Optional delta artifact JSON file derived from a bundled bridge support profile' -r
complete -c loong -n "__fish_loong_using_subcommand plugin; and __fish_seen_subcommand_from preflight" -l bridge-support-sha256 -d 'Optional sha256 pin for the resolved bridge support policy' -r
complete -c loong -n "__fish_loong_using_subcommand plugin; and __fish_seen_subcommand_from preflight" -l bridge-support-delta-sha256 -d 'Optional sha256 pin for the bridge support delta artifact' -r
complete -c loong -n "__fish_loong_using_subcommand plugin; and __fish_seen_subcommand_from preflight" -l profile -d 'Active governance profile to evaluate' -r -f -a "runtime-activation\t''
sdk-release\t''
marketplace-submission\t''"
complete -c loong -n "__fish_loong_using_subcommand plugin; and __fish_seen_subcommand_from preflight" -l policy-path -d 'Optional plugin preflight policy JSON file' -r
complete -c loong -n "__fish_loong_using_subcommand plugin; and __fish_seen_subcommand_from preflight" -l policy-sha256 -d 'Optional sha256 pin for the plugin preflight policy file' -r
complete -c loong -n "__fish_loong_using_subcommand plugin; and __fish_seen_subcommand_from preflight" -l policy-signature-public-key-base64 -d 'Optional base64-encoded public key for plugin preflight policy signature verification' -r
complete -c loong -n "__fish_loong_using_subcommand plugin; and __fish_seen_subcommand_from preflight" -l policy-signature-base64 -d 'Optional base64-encoded signature for plugin preflight policy verification' -r
complete -c loong -n "__fish_loong_using_subcommand plugin; and __fish_seen_subcommand_from preflight" -l policy-signature-algorithm -d 'Signature algorithm for the provided policy signature' -r
complete -c loong -n "__fish_loong_using_subcommand plugin; and __fish_seen_subcommand_from preflight" -l include-passed -d 'Include plugins that pass the selected governance profile'
complete -c loong -n "__fish_loong_using_subcommand plugin; and __fish_seen_subcommand_from preflight" -l include-warned -d 'Include plugins that warn under the selected governance profile'
complete -c loong -n "__fish_loong_using_subcommand plugin; and __fish_seen_subcommand_from preflight" -l include-blocked -d 'Include plugins that block under the selected governance profile'
complete -c loong -n "__fish_loong_using_subcommand plugin; and __fish_seen_subcommand_from preflight" -l include-deferred -d 'Include deferred plugins in the preflight scan'
complete -c loong -n "__fish_loong_using_subcommand plugin; and __fish_seen_subcommand_from preflight" -l include-examples -d 'Include input/output examples in preflight result rows'
complete -c loong -n "__fish_loong_using_subcommand plugin; and __fish_seen_subcommand_from preflight" -l json
complete -c loong -n "__fish_loong_using_subcommand plugin; and __fish_seen_subcommand_from preflight" -s h -l help -d 'Print help'
complete -c loong -n "__fish_loong_using_subcommand plugin; and __fish_seen_subcommand_from actions" -l root -d 'Scan root to inspect for plugins. Repeat the flag for multiple roots' -r
complete -c loong -n "__fish_loong_using_subcommand plugin; and __fish_seen_subcommand_from actions" -l query -d 'Filter plugins by query before evaluating preflight' -r
complete -c loong -n "__fish_loong_using_subcommand plugin; and __fish_seen_subcommand_from actions" -l limit -d 'Maximum number of plugins to return' -r
complete -c loong -n "__fish_loong_using_subcommand plugin; and __fish_seen_subcommand_from actions" -l bridge-support -d 'Optional JSON file containing a bridge support policy' -r
complete -c loong -n "__fish_loong_using_subcommand plugin; and __fish_seen_subcommand_from actions" -l bridge-profile -d 'Optional bundled bridge support profile for controlled ecosystem compatibility' -r -f -a "native-balanced\t''
openclaw-ecosystem-balanced\t''"
complete -c loong -n "__fish_loong_using_subcommand plugin; and __fish_seen_subcommand_from actions" -l bridge-support-delta -d 'Optional delta artifact JSON file derived from a bundled bridge support profile' -r
complete -c loong -n "__fish_loong_using_subcommand plugin; and __fish_seen_subcommand_from actions" -l bridge-support-sha256 -d 'Optional sha256 pin for the resolved bridge support policy' -r
complete -c loong -n "__fish_loong_using_subcommand plugin; and __fish_seen_subcommand_from actions" -l bridge-support-delta-sha256 -d 'Optional sha256 pin for the bridge support delta artifact' -r
complete -c loong -n "__fish_loong_using_subcommand plugin; and __fish_seen_subcommand_from actions" -l profile -d 'Active governance profile to evaluate' -r -f -a "runtime-activation\t''
sdk-release\t''
marketplace-submission\t''"
complete -c loong -n "__fish_loong_using_subcommand plugin; and __fish_seen_subcommand_from actions" -l policy-path -d 'Optional plugin preflight policy JSON file' -r
complete -c loong -n "__fish_loong_using_subcommand plugin; and __fish_seen_subcommand_from actions" -l policy-sha256 -d 'Optional sha256 pin for the plugin preflight policy file' -r
complete -c loong -n "__fish_loong_using_subcommand plugin; and __fish_seen_subcommand_from actions" -l policy-signature-public-key-base64 -d 'Optional base64-encoded public key for plugin preflight policy signature verification' -r
complete -c loong -n "__fish_loong_using_subcommand plugin; and __fish_seen_subcommand_from actions" -l policy-signature-base64 -d 'Optional base64-encoded signature for plugin preflight policy verification' -r
complete -c loong -n "__fish_loong_using_subcommand plugin; and __fish_seen_subcommand_from actions" -l policy-signature-algorithm -d 'Signature algorithm for the provided policy signature' -r
complete -c loong -n "__fish_loong_using_subcommand plugin; and __fish_seen_subcommand_from actions" -l surface -d 'Restrict returned actions to one or more owning surfaces' -r -f -a "host-runtime\t''
bridge-policy\t''
plugin-package\t''
operator-review\t''"
complete -c loong -n "__fish_loong_using_subcommand plugin; and __fish_seen_subcommand_from actions" -l kind -d 'Restrict returned actions to one or more action kinds' -r -f -a "quarantine-loaded-provider\t''
reabsorb-plugin\t''
update-bridge-support-policy\t''
update-plugin-package\t''
resolve-slot-ownership\t''
review-diagnostics\t''"
complete -c loong -n "__fish_loong_using_subcommand plugin; and __fish_seen_subcommand_from actions" -l requires-reload -d 'Restrict returned actions by reload requirement' -r -f -a "true\t''
false\t''"
complete -c loong -n "__fish_loong_using_subcommand plugin; and __fish_seen_subcommand_from actions" -l include-passed -d 'Include plugins that pass the selected governance profile'
complete -c loong -n "__fish_loong_using_subcommand plugin; and __fish_seen_subcommand_from actions" -l include-warned -d 'Include plugins that warn under the selected governance profile'
complete -c loong -n "__fish_loong_using_subcommand plugin; and __fish_seen_subcommand_from actions" -l include-blocked -d 'Include plugins that block under the selected governance profile'
complete -c loong -n "__fish_loong_using_subcommand plugin; and __fish_seen_subcommand_from actions" -l include-deferred -d 'Include deferred plugins in the preflight scan'
complete -c loong -n "__fish_loong_using_subcommand plugin; and __fish_seen_subcommand_from actions" -l json
complete -c loong -n "__fish_loong_using_subcommand plugin; and __fish_seen_subcommand_from actions" -s h -l help -d 'Print help'
complete -c loong -n "__fish_loong_using_subcommand plugin; and __fish_seen_subcommand_from help" -f -a "init" -d 'Scaffold a new manifest-first plugin package root for external authors'
complete -c loong -n "__fish_loong_using_subcommand plugin; and __fish_seen_subcommand_from help" -f -a "inventory" -d 'Inspect manifest-first package truth across one or more plugin roots'
complete -c loong -n "__fish_loong_using_subcommand plugin; and __fish_seen_subcommand_from help" -f -a "doctor" -d 'Diagnose manifest-first plugin packages with author-facing remediation'
complete -c loong -n "__fish_loong_using_subcommand plugin; and __fish_seen_subcommand_from help" -f -a "bridge-profiles" -d 'List bundled bridge support profiles for controlled ecosystem compatibility'
complete -c loong -n "__fish_loong_using_subcommand plugin; and __fish_seen_subcommand_from help" -f -a "bridge-template" -d 'Emit the effective recommended bridge support profile template for the scanned ecosystem'
complete -c loong -n "__fish_loong_using_subcommand plugin; and __fish_seen_subcommand_from help" -f -a "preflight" -d 'Run profile-aware plugin preflight across one or more scan roots'
complete -c loong -n "__fish_loong_using_subcommand plugin; and __fish_seen_subcommand_from help" -f -a "actions" -d 'Print the deduplicated operator action plan derived from plugin preflight'
complete -c loong -n "__fish_loong_using_subcommand plugin; and __fish_seen_subcommand_from help" -f -a "help" -d 'Print this message or the help of the given subcommand(s)'
complete -c loong -n "__fish_loong_using_subcommand channels; and not __fish_seen_subcommand_from list resolve send serve help" -l config -r
complete -c loong -n "__fish_loong_using_subcommand channels; and not __fish_seen_subcommand_from list resolve send serve help" -l resolve -r
complete -c loong -n "__fish_loong_using_subcommand channels; and not __fish_seen_subcommand_from list resolve send serve help" -l json
complete -c loong -n "__fish_loong_using_subcommand channels; and not __fish_seen_subcommand_from list resolve send serve help" -s h -l help -d 'Print help'
complete -c loong -n "__fish_loong_using_subcommand channels; and not __fish_seen_subcommand_from list resolve send serve help" -f -a "list" -d 'List compiled channel surfaces, aliases, and readiness status'
complete -c loong -n "__fish_loong_using_subcommand channels; and not __fish_seen_subcommand_from list resolve send serve help" -f -a "resolve" -d 'Resolve one channel id or alias through the catalog and runtime inventory'
complete -c loong -n "__fish_loong_using_subcommand channels; and not __fish_seen_subcommand_from list resolve send serve help" -f -a "send" -d 'Send one proactive message through the canonical channel surface'
complete -c loong -n "__fish_loong_using_subcommand channels; and not __fish_seen_subcommand_from list resolve send serve help" -f -a "serve" -d 'Run or control one channel serve loop through the canonical channel surface'
complete -c loong -n "__fish_loong_using_subcommand channels; and not __fish_seen_subcommand_from list resolve send serve help" -f -a "help" -d 'Print this message or the help of the given subcommand(s)'
complete -c loong -n "__fish_loong_using_subcommand channels; and __fish_seen_subcommand_from list" -l config -r
complete -c loong -n "__fish_loong_using_subcommand channels; and __fish_seen_subcommand_from list" -l json
complete -c loong -n "__fish_loong_using_subcommand channels; and __fish_seen_subcommand_from list" -s h -l help -d 'Print help'
complete -c loong -n "__fish_loong_using_subcommand channels; and __fish_seen_subcommand_from resolve" -l config -r
complete -c loong -n "__fish_loong_using_subcommand channels; and __fish_seen_subcommand_from resolve" -l json
complete -c loong -n "__fish_loong_using_subcommand channels; and __fish_seen_subcommand_from resolve" -s h -l help -d 'Print help'
complete -c loong -n "__fish_loong_using_subcommand channels; and __fish_seen_subcommand_from send" -l config -r
complete -c loong -n "__fish_loong_using_subcommand channels; and __fish_seen_subcommand_from send" -l account -r
complete -c loong -n "__fish_loong_using_subcommand channels; and __fish_seen_subcommand_from send" -l channel -r
complete -c loong -n "__fish_loong_using_subcommand channels; and __fish_seen_subcommand_from send" -l target -r
complete -c loong -n "__fish_loong_using_subcommand channels; and __fish_seen_subcommand_from send" -l target-kind -r
complete -c loong -n "__fish_loong_using_subcommand channels; and __fish_seen_subcommand_from send" -l text -r
complete -c loong -n "__fish_loong_using_subcommand channels; and __fish_seen_subcommand_from send" -l card
complete -c loong -n "__fish_loong_using_subcommand channels; and __fish_seen_subcommand_from send" -s h -l help -d 'Print help'
complete -c loong -n "__fish_loong_using_subcommand channels; and __fish_seen_subcommand_from serve" -l config -r
complete -c loong -n "__fish_loong_using_subcommand channels; and __fish_seen_subcommand_from serve" -l account -r
complete -c loong -n "__fish_loong_using_subcommand channels; and __fish_seen_subcommand_from serve" -l channel -r
complete -c loong -n "__fish_loong_using_subcommand channels; and __fish_seen_subcommand_from serve" -l bind -r
complete -c loong -n "__fish_loong_using_subcommand channels; and __fish_seen_subcommand_from serve" -l path -r
complete -c loong -n "__fish_loong_using_subcommand channels; and __fish_seen_subcommand_from serve" -l once
complete -c loong -n "__fish_loong_using_subcommand channels; and __fish_seen_subcommand_from serve" -l stop
complete -c loong -n "__fish_loong_using_subcommand channels; and __fish_seen_subcommand_from serve" -l stop-duplicates
complete -c loong -n "__fish_loong_using_subcommand channels; and __fish_seen_subcommand_from serve" -s h -l help -d 'Print help'
complete -c loong -n "__fish_loong_using_subcommand channels; and __fish_seen_subcommand_from help" -f -a "list" -d 'List compiled channel surfaces, aliases, and readiness status'
complete -c loong -n "__fish_loong_using_subcommand channels; and __fish_seen_subcommand_from help" -f -a "resolve" -d 'Resolve one channel id or alias through the catalog and runtime inventory'
complete -c loong -n "__fish_loong_using_subcommand channels; and __fish_seen_subcommand_from help" -f -a "send" -d 'Send one proactive message through the canonical channel surface'
complete -c loong -n "__fish_loong_using_subcommand channels; and __fish_seen_subcommand_from help" -f -a "serve" -d 'Run or control one channel serve loop through the canonical channel surface'
complete -c loong -n "__fish_loong_using_subcommand channels; and __fish_seen_subcommand_from help" -f -a "help" -d 'Print this message or the help of the given subcommand(s)'
complete -c loong -n "__fish_loong_using_subcommand runtime; and not __fish_seen_subcommand_from snapshot restore experiment capability work-unit models context memory mcp acp control-plane safe-lane session trajectory help" -s h -l help -d 'Print help'
complete -c loong -n "__fish_loong_using_subcommand runtime; and not __fish_seen_subcommand_from snapshot restore experiment capability work-unit models context memory mcp acp control-plane safe-lane session trajectory help" -f -a "snapshot" -d 'Print a unified runtime snapshot for experiment reproducibility and lineage capture'
complete -c loong -n "__fish_loong_using_subcommand runtime; and not __fish_seen_subcommand_from snapshot restore experiment capability work-unit models context memory mcp acp control-plane safe-lane session trajectory help" -f -a "restore" -d 'Restore a persisted runtime snapshot artifact into the current config and managed skill state. Dry-run by default; pass --apply to mutate state'
complete -c loong -n "__fish_loong_using_subcommand runtime; and not __fish_seen_subcommand_from snapshot restore experiment capability work-unit models context memory mcp acp control-plane safe-lane session trajectory help" -f -a "experiment" -d 'Manage snapshot-linked experiment run records'
complete -c loong -n "__fish_loong_using_subcommand runtime; and not __fish_seen_subcommand_from snapshot restore experiment capability work-unit models context memory mcp acp control-plane safe-lane session trajectory help" -f -a "capability" -d 'Manage run-derived capability candidates, family readiness, promotion plans, and governed apply outputs'
complete -c loong -n "__fish_loong_using_subcommand runtime; and not __fish_seen_subcommand_from snapshot restore experiment capability work-unit models context memory mcp acp control-plane safe-lane session trajectory help" -f -a "work-unit" -d 'Manage durable work units for long-running runtime orchestration'
complete -c loong -n "__fish_loong_using_subcommand runtime; and not __fish_seen_subcommand_from snapshot restore experiment capability work-unit models context memory mcp acp control-plane safe-lane session trajectory help" -f -a "models" -d 'Inspect provider model runtime inventory'
complete -c loong -n "__fish_loong_using_subcommand runtime; and not __fish_seen_subcommand_from snapshot restore experiment capability work-unit models context memory mcp acp control-plane safe-lane session trajectory help" -f -a "context" -d 'Inspect context-engine runtime inventory'
complete -c loong -n "__fish_loong_using_subcommand runtime; and not __fish_seen_subcommand_from snapshot restore experiment capability work-unit models context memory mcp acp control-plane safe-lane session trajectory help" -f -a "memory" -d 'Inspect memory-system runtime inventory'
complete -c loong -n "__fish_loong_using_subcommand runtime; and not __fish_seen_subcommand_from snapshot restore experiment capability work-unit models context memory mcp acp control-plane safe-lane session trajectory help" -f -a "mcp" -d 'Inspect configured MCP server runtime inventory'
complete -c loong -n "__fish_loong_using_subcommand runtime; and not __fish_seen_subcommand_from snapshot restore experiment capability work-unit models context memory mcp acp control-plane safe-lane session trajectory help" -f -a "acp" -d 'Inspect ACP runtime state and diagnostics'
complete -c loong -n "__fish_loong_using_subcommand runtime; and not __fish_seen_subcommand_from snapshot restore experiment capability work-unit models context memory mcp acp control-plane safe-lane session trajectory help" -f -a "control-plane" -d 'Run or inspect control-plane surfaces'
complete -c loong -n "__fish_loong_using_subcommand runtime; and not __fish_seen_subcommand_from snapshot restore experiment capability work-unit models context memory mcp acp control-plane safe-lane session trajectory help" -f -a "safe-lane" -d 'Inspect safe-lane runtime summaries'
complete -c loong -n "__fish_loong_using_subcommand runtime; and not __fish_seen_subcommand_from snapshot restore experiment capability work-unit models context memory mcp acp control-plane safe-lane session trajectory help" -f -a "session" -d 'Inspect session-search artifacts and transcript search results'
complete -c loong -n "__fish_loong_using_subcommand runtime; and not __fish_seen_subcommand_from snapshot restore experiment capability work-unit models context memory mcp acp control-plane safe-lane session trajectory help" -f -a "trajectory" -d 'Export or inspect runtime trajectory artifacts for replay, evaluation, or research workflows'
complete -c loong -n "__fish_loong_using_subcommand runtime; and not __fish_seen_subcommand_from snapshot restore experiment capability work-unit models context memory mcp acp control-plane safe-lane session trajectory help" -f -a "help" -d 'Print this message or the help of the given subcommand(s)'
complete -c loong -n "__fish_loong_using_subcommand runtime; and __fish_seen_subcommand_from snapshot" -l config -r
complete -c loong -n "__fish_loong_using_subcommand runtime; and __fish_seen_subcommand_from snapshot" -l output -r
complete -c loong -n "__fish_loong_using_subcommand runtime; and __fish_seen_subcommand_from snapshot" -l label -r
complete -c loong -n "__fish_loong_using_subcommand runtime; and __fish_seen_subcommand_from snapshot" -l experiment-id -r
complete -c loong -n "__fish_loong_using_subcommand runtime; and __fish_seen_subcommand_from snapshot" -l parent-snapshot-id -r
complete -c loong -n "__fish_loong_using_subcommand runtime; and __fish_seen_subcommand_from snapshot" -l json
complete -c loong -n "__fish_loong_using_subcommand runtime; and __fish_seen_subcommand_from snapshot" -s h -l help -d 'Print help'
complete -c loong -n "__fish_loong_using_subcommand runtime; and __fish_seen_subcommand_from restore" -l config -r
complete -c loong -n "__fish_loong_using_subcommand runtime; and __fish_seen_subcommand_from restore" -l snapshot -r
complete -c loong -n "__fish_loong_using_subcommand runtime; and __fish_seen_subcommand_from restore" -l json
complete -c loong -n "__fish_loong_using_subcommand runtime; and __fish_seen_subcommand_from restore" -l apply
complete -c loong -n "__fish_loong_using_subcommand runtime; and __fish_seen_subcommand_from restore" -s h -l help -d 'Print help'
complete -c loong -n "__fish_loong_using_subcommand runtime; and __fish_seen_subcommand_from experiment" -s h -l help -d 'Print help'
complete -c loong -n "__fish_loong_using_subcommand runtime; and __fish_seen_subcommand_from experiment" -f -a "start" -d 'Create a new experiment-run artifact from a baseline runtime snapshot'
complete -c loong -n "__fish_loong_using_subcommand runtime; and __fish_seen_subcommand_from experiment" -f -a "finish" -d 'Attach result snapshot and evaluation details to an experiment run'
complete -c loong -n "__fish_loong_using_subcommand runtime; and __fish_seen_subcommand_from experiment" -f -a "show" -d 'Load and render one persisted experiment-run artifact'
complete -c loong -n "__fish_loong_using_subcommand runtime; and __fish_seen_subcommand_from experiment" -f -a "compare" -d 'Compare one experiment run and, optionally, matching runtime snapshots'
complete -c loong -n "__fish_loong_using_subcommand runtime; and __fish_seen_subcommand_from experiment" -f -a "restore" -d 'Restore one recorded baseline/result stage through the snapshot restore pipeline'
complete -c loong -n "__fish_loong_using_subcommand runtime; and __fish_seen_subcommand_from experiment" -f -a "help" -d 'Print this message or the help of the given subcommand(s)'
complete -c loong -n "__fish_loong_using_subcommand runtime; and __fish_seen_subcommand_from capability" -s h -l help -d 'Print help'
complete -c loong -n "__fish_loong_using_subcommand runtime; and __fish_seen_subcommand_from capability" -f -a "propose" -d 'Create one capability-candidate artifact from one finished experiment run'
complete -c loong -n "__fish_loong_using_subcommand runtime; and __fish_seen_subcommand_from capability" -f -a "review" -d 'Record one explicit operator review decision for a capability candidate'
complete -c loong -n "__fish_loong_using_subcommand runtime; and __fish_seen_subcommand_from capability" -f -a "show" -d 'Load and render one persisted capability-candidate artifact'
complete -c loong -n "__fish_loong_using_subcommand runtime; and __fish_seen_subcommand_from capability" -f -a "index" -d 'Aggregate candidate artifacts into deterministic capability families and readiness states'
complete -c loong -n "__fish_loong_using_subcommand runtime; and __fish_seen_subcommand_from capability" -f -a "plan" -d 'Derive one dry-run promotion plan from one indexed capability family'
complete -c loong -n "__fish_loong_using_subcommand runtime; and __fish_seen_subcommand_from capability" -f -a "apply" -d 'Materialize one governed draft artifact from one promotable capability family'
complete -c loong -n "__fish_loong_using_subcommand runtime; and __fish_seen_subcommand_from capability" -f -a "activate" -d 'Activate one governed draft artifact into the current runtime configuration'
complete -c loong -n "__fish_loong_using_subcommand runtime; and __fish_seen_subcommand_from capability" -f -a "rollback" -d 'Roll back one governed activation record from the current runtime configuration'
complete -c loong -n "__fish_loong_using_subcommand runtime; and __fish_seen_subcommand_from capability" -f -a "help" -d 'Print this message or the help of the given subcommand(s)'
complete -c loong -n "__fish_loong_using_subcommand runtime; and __fish_seen_subcommand_from work-unit" -s h -l help -d 'Print help'
complete -c loong -n "__fish_loong_using_subcommand runtime; and __fish_seen_subcommand_from work-unit" -f -a "create" -d 'Create one durable work unit record'
complete -c loong -n "__fish_loong_using_subcommand runtime; and __fish_seen_subcommand_from work-unit" -f -a "show" -d 'Show one durable work unit record'
complete -c loong -n "__fish_loong_using_subcommand runtime; and __fish_seen_subcommand_from work-unit" -f -a "list" -d 'List durable work units'
complete -c loong -n "__fish_loong_using_subcommand runtime; and __fish_seen_subcommand_from work-unit" -f -a "events" -d 'List recent events for one durable work unit'
complete -c loong -n "__fish_loong_using_subcommand runtime; and __fish_seen_subcommand_from work-unit" -f -a "claim" -d 'Claim the next ready work unit for a worker lease'
complete -c loong -n "__fish_loong_using_subcommand runtime; and __fish_seen_subcommand_from work-unit" -f -a "start" -d 'Transition one leased work unit into the running state'
complete -c loong -n "__fish_loong_using_subcommand runtime; and __fish_seen_subcommand_from work-unit" -f -a "heartbeat" -d 'Refresh heartbeat and lease expiry for one leased work unit'
complete -c loong -n "__fish_loong_using_subcommand runtime; and __fish_seen_subcommand_from work-unit" -f -a "complete" -d 'Mark one leased work unit as completed, retried, failed, or cancelled'
complete -c loong -n "__fish_loong_using_subcommand runtime; and __fish_seen_subcommand_from work-unit" -f -a "recover" -d 'Recover expired leases back into retry or terminal failure states'
complete -c loong -n "__fish_loong_using_subcommand runtime; and __fish_seen_subcommand_from work-unit" -f -a "archive" -d 'Archive one terminal work unit'
complete -c loong -n "__fish_loong_using_subcommand runtime; and __fish_seen_subcommand_from work-unit" -f -a "assign" -d 'Assign or clear a durable work-unit owner without taking a runtime lease'
complete -c loong -n "__fish_loong_using_subcommand runtime; and __fish_seen_subcommand_from work-unit" -f -a "update" -d 'Update mutable orchestration fields on a durable work unit'
complete -c loong -n "__fish_loong_using_subcommand runtime; and __fish_seen_subcommand_from work-unit" -f -a "depend" -d 'Add one blocking dependency edge between two durable work units'
complete -c loong -n "__fish_loong_using_subcommand runtime; and __fish_seen_subcommand_from work-unit" -f -a "undepend" -d 'Remove one blocking dependency edge between two durable work units'
complete -c loong -n "__fish_loong_using_subcommand runtime; and __fish_seen_subcommand_from work-unit" -f -a "note" -d 'Append one orchestration note event to a durable work unit'
complete -c loong -n "__fish_loong_using_subcommand runtime; and __fish_seen_subcommand_from work-unit" -f -a "health" -d 'Summarize durable runtime queue health'
complete -c loong -n "__fish_loong_using_subcommand runtime; and __fish_seen_subcommand_from work-unit" -f -a "help" -d 'Print this message or the help of the given subcommand(s)'
complete -c loong -n "__fish_loong_using_subcommand runtime; and __fish_seen_subcommand_from models" -s h -l help -d 'Print help'
complete -c loong -n "__fish_loong_using_subcommand runtime; and __fish_seen_subcommand_from models" -f -a "list" -d 'Fetch and print currently available provider model list'
complete -c loong -n "__fish_loong_using_subcommand runtime; and __fish_seen_subcommand_from models" -f -a "help" -d 'Print this message or the help of the given subcommand(s)'
complete -c loong -n "__fish_loong_using_subcommand runtime; and __fish_seen_subcommand_from context" -s h -l help -d 'Print help'
complete -c loong -n "__fish_loong_using_subcommand runtime; and __fish_seen_subcommand_from context" -f -a "engines" -d 'List available conversation context engines and selected runtime engine'
complete -c loong -n "__fish_loong_using_subcommand runtime; and __fish_seen_subcommand_from context" -f -a "help" -d 'Print this message or the help of the given subcommand(s)'
complete -c loong -n "__fish_loong_using_subcommand runtime; and __fish_seen_subcommand_from memory" -s h -l help -d 'Print help'
complete -c loong -n "__fish_loong_using_subcommand runtime; and __fish_seen_subcommand_from memory" -f -a "systems" -d 'List available memory systems and selected runtime memory system'
complete -c loong -n "__fish_loong_using_subcommand runtime; and __fish_seen_subcommand_from memory" -f -a "help" -d 'Print this message or the help of the given subcommand(s)'
complete -c loong -n "__fish_loong_using_subcommand runtime; and __fish_seen_subcommand_from mcp" -s h -l help -d 'Print help'
complete -c loong -n "__fish_loong_using_subcommand runtime; and __fish_seen_subcommand_from mcp" -f -a "list" -d 'List configured MCP servers and their runtime-visible inventory state'
complete -c loong -n "__fish_loong_using_subcommand runtime; and __fish_seen_subcommand_from mcp" -f -a "show" -d 'Show one configured MCP server and its runtime-visible inventory state'
complete -c loong -n "__fish_loong_using_subcommand runtime; and __fish_seen_subcommand_from mcp" -f -a "help" -d 'Print this message or the help of the given subcommand(s)'
complete -c loong -n "__fish_loong_using_subcommand runtime; and __fish_seen_subcommand_from acp" -s h -l help -d 'Print help'
complete -c loong -n "__fish_loong_using_subcommand runtime; and __fish_seen_subcommand_from acp" -f -a "backends" -d 'List available ACP runtime backends and current control-plane selection'
complete -c loong -n "__fish_loong_using_subcommand runtime; and __fish_seen_subcommand_from acp" -f -a "sessions" -d 'List persisted ACP session metadata from the local control-plane store'
complete -c loong -n "__fish_loong_using_subcommand runtime; and __fish_seen_subcommand_from acp" -f -a "status" -d 'Inspect live ACP session status by session key or conversation identity'
complete -c loong -n "__fish_loong_using_subcommand runtime; and __fish_seen_subcommand_from acp" -f -a "observability" -d 'Inspect ACP control-plane observability snapshot from the shared session manager'
complete -c loong -n "__fish_loong_using_subcommand runtime; and __fish_seen_subcommand_from acp" -f -a "event-summary" -d 'Print ACP runtime event summary for a conversation session'
complete -c loong -n "__fish_loong_using_subcommand runtime; and __fish_seen_subcommand_from acp" -f -a "dispatch" -d 'Evaluate ACP conversation dispatch policy for a session or structured channel address'
complete -c loong -n "__fish_loong_using_subcommand runtime; and __fish_seen_subcommand_from acp" -f -a "doctor" -d 'Run ACP backend readiness diagnostics for the selected or requested backend'
complete -c loong -n "__fish_loong_using_subcommand runtime; and __fish_seen_subcommand_from acp" -f -a "help" -d 'Print this message or the help of the given subcommand(s)'
complete -c loong -n "__fish_loong_using_subcommand runtime; and __fish_seen_subcommand_from control-plane" -s h -l help -d 'Print help'
complete -c loong -n "__fish_loong_using_subcommand runtime; and __fish_seen_subcommand_from control-plane" -f -a "serve" -d 'Run the loopback-only internal control-plane skeleton'
complete -c loong -n "__fish_loong_using_subcommand runtime; and __fish_seen_subcommand_from control-plane" -f -a "help" -d 'Print this message or the help of the given subcommand(s)'
complete -c loong -n "__fish_loong_using_subcommand runtime; and __fish_seen_subcommand_from safe-lane" -s h -l help -d 'Print help'
complete -c loong -n "__fish_loong_using_subcommand runtime; and __fish_seen_subcommand_from safe-lane" -f -a "summary" -d 'Print safe-lane runtime event summary for a session'
complete -c loong -n "__fish_loong_using_subcommand runtime; and __fish_seen_subcommand_from safe-lane" -f -a "help" -d 'Print this message or the help of the given subcommand(s)'
complete -c loong -n "__fish_loong_using_subcommand runtime; and __fish_seen_subcommand_from session" -s h -l help -d 'Print help'
complete -c loong -n "__fish_loong_using_subcommand runtime; and __fish_seen_subcommand_from session" -f -a "search" -d 'Search transcript turns across visible sessions'
complete -c loong -n "__fish_loong_using_subcommand runtime; and __fish_seen_subcommand_from session" -f -a "inspect" -d 'Inspect one exported session-search artifact'
complete -c loong -n "__fish_loong_using_subcommand runtime; and __fish_seen_subcommand_from session" -f -a "help" -d 'Print this message or the help of the given subcommand(s)'
complete -c loong -n "__fish_loong_using_subcommand runtime; and __fish_seen_subcommand_from trajectory" -s h -l help -d 'Print help'
complete -c loong -n "__fish_loong_using_subcommand runtime; and __fish_seen_subcommand_from trajectory" -f -a "export" -d 'Export one session trajectory artifact with transcript turns and session events'
complete -c loong -n "__fish_loong_using_subcommand runtime; and __fish_seen_subcommand_from trajectory" -f -a "inspect" -d 'Inspect one exported trajectory artifact'
complete -c loong -n "__fish_loong_using_subcommand runtime; and __fish_seen_subcommand_from trajectory" -f -a "runtime" -d 'Export or inspect runtime trajectory artifacts for replay, evaluation, or research workflows'
complete -c loong -n "__fish_loong_using_subcommand runtime; and __fish_seen_subcommand_from trajectory" -f -a "help" -d 'Print this message or the help of the given subcommand(s)'
complete -c loong -n "__fish_loong_using_subcommand runtime; and __fish_seen_subcommand_from help" -f -a "snapshot" -d 'Print a unified runtime snapshot for experiment reproducibility and lineage capture'
complete -c loong -n "__fish_loong_using_subcommand runtime; and __fish_seen_subcommand_from help" -f -a "restore" -d 'Restore a persisted runtime snapshot artifact into the current config and managed skill state. Dry-run by default; pass --apply to mutate state'
complete -c loong -n "__fish_loong_using_subcommand runtime; and __fish_seen_subcommand_from help" -f -a "experiment" -d 'Manage snapshot-linked experiment run records'
complete -c loong -n "__fish_loong_using_subcommand runtime; and __fish_seen_subcommand_from help" -f -a "capability" -d 'Manage run-derived capability candidates, family readiness, promotion plans, and governed apply outputs'
complete -c loong -n "__fish_loong_using_subcommand runtime; and __fish_seen_subcommand_from help" -f -a "work-unit" -d 'Manage durable work units for long-running runtime orchestration'
complete -c loong -n "__fish_loong_using_subcommand runtime; and __fish_seen_subcommand_from help" -f -a "models" -d 'Inspect provider model runtime inventory'
complete -c loong -n "__fish_loong_using_subcommand runtime; and __fish_seen_subcommand_from help" -f -a "context" -d 'Inspect context-engine runtime inventory'
complete -c loong -n "__fish_loong_using_subcommand runtime; and __fish_seen_subcommand_from help" -f -a "memory" -d 'Inspect memory-system runtime inventory'
complete -c loong -n "__fish_loong_using_subcommand runtime; and __fish_seen_subcommand_from help" -f -a "mcp" -d 'Inspect configured MCP server runtime inventory'
complete -c loong -n "__fish_loong_using_subcommand runtime; and __fish_seen_subcommand_from help" -f -a "acp" -d 'Inspect ACP runtime state and diagnostics'
complete -c loong -n "__fish_loong_using_subcommand runtime; and __fish_seen_subcommand_from help" -f -a "control-plane" -d 'Run or inspect control-plane surfaces'
complete -c loong -n "__fish_loong_using_subcommand runtime; and __fish_seen_subcommand_from help" -f -a "safe-lane" -d 'Inspect safe-lane runtime summaries'
complete -c loong -n "__fish_loong_using_subcommand runtime; and __fish_seen_subcommand_from help" -f -a "session" -d 'Inspect session-search artifacts and transcript search results'
complete -c loong -n "__fish_loong_using_subcommand runtime; and __fish_seen_subcommand_from help" -f -a "trajectory" -d 'Export or inspect runtime trajectory artifacts for replay, evaluation, or research workflows'
complete -c loong -n "__fish_loong_using_subcommand runtime; and __fish_seen_subcommand_from help" -f -a "help" -d 'Print this message or the help of the given subcommand(s)'
complete -c loong -n "__fish_loong_using_subcommand chat" -l config -r
complete -c loong -n "__fish_loong_using_subcommand chat" -l session -r
complete -c loong -n "__fish_loong_using_subcommand chat" -l acp-bootstrap-mcp-server -r
complete -c loong -n "__fish_loong_using_subcommand chat" -l acp-cwd -r
complete -c loong -n "__fish_loong_using_subcommand chat" -l acp
complete -c loong -n "__fish_loong_using_subcommand chat" -l acp-event-stream
complete -c loong -n "__fish_loong_using_subcommand chat" -s h -l help -d 'Print help'
complete -c loong -n "__fish_loong_using_subcommand gateway; and not __fish_seen_subcommand_from run status stop help" -s h -l help -d 'Print help'
complete -c loong -n "__fish_loong_using_subcommand gateway; and not __fish_seen_subcommand_from run status stop help" -f -a "run" -d 'Claim the gateway owner slot and run the gateway runtime'
complete -c loong -n "__fish_loong_using_subcommand gateway; and not __fish_seen_subcommand_from run status stop help" -f -a "status" -d 'Show the persisted gateway owner status'
complete -c loong -n "__fish_loong_using_subcommand gateway; and not __fish_seen_subcommand_from run status stop help" -f -a "stop" -d 'Request cooperative shutdown for the active gateway owner'
complete -c loong -n "__fish_loong_using_subcommand gateway; and not __fish_seen_subcommand_from run status stop help" -f -a "help" -d 'Print this message or the help of the given subcommand(s)'
complete -c loong -n "__fish_loong_using_subcommand gateway; and __fish_seen_subcommand_from run" -l config -r
complete -c loong -n "__fish_loong_using_subcommand gateway; and __fish_seen_subcommand_from run" -l session -r
complete -c loong -n "__fish_loong_using_subcommand gateway; and __fish_seen_subcommand_from run" -l port -r
complete -c loong -n "__fish_loong_using_subcommand gateway; and __fish_seen_subcommand_from run" -l channel-account -r
complete -c loong -n "__fish_loong_using_subcommand gateway; and __fish_seen_subcommand_from run" -s h -l help -d 'Print help'
complete -c loong -n "__fish_loong_using_subcommand gateway; and __fish_seen_subcommand_from status" -l json
complete -c loong -n "__fish_loong_using_subcommand gateway; and __fish_seen_subcommand_from status" -s h -l help -d 'Print help'
complete -c loong -n "__fish_loong_using_subcommand gateway; and __fish_seen_subcommand_from stop" -s h -l help -d 'Print help'
complete -c loong -n "__fish_loong_using_subcommand gateway; and __fish_seen_subcommand_from help" -f -a "run" -d 'Claim the gateway owner slot and run the gateway runtime'
complete -c loong -n "__fish_loong_using_subcommand gateway; and __fish_seen_subcommand_from help" -f -a "status" -d 'Show the persisted gateway owner status'
complete -c loong -n "__fish_loong_using_subcommand gateway; and __fish_seen_subcommand_from help" -f -a "stop" -d 'Request cooperative shutdown for the active gateway owner'
complete -c loong -n "__fish_loong_using_subcommand gateway; and __fish_seen_subcommand_from help" -f -a "help" -d 'Print this message or the help of the given subcommand(s)'
complete -c loong -n "__fish_loong_using_subcommand feishu; and not __fish_seen_subcommand_from auth onboard whoami doc read messages search calendar bitable send reply serve help" -s h -l help -d 'Print help'
complete -c loong -n "__fish_loong_using_subcommand feishu; and not __fish_seen_subcommand_from auth onboard whoami doc read messages search calendar bitable send reply serve help" -f -a "auth" -d 'Start or inspect user OAuth grants and state'
complete -c loong -n "__fish_loong_using_subcommand feishu; and not __fish_seen_subcommand_from auth onboard whoami doc read messages search calendar bitable send reply serve help" -f -a "onboard" -d 'Create or update Feishu/Lark bot channel credentials in loong.toml'
complete -c loong -n "__fish_loong_using_subcommand feishu; and not __fish_seen_subcommand_from auth onboard whoami doc read messages search calendar bitable send reply serve help" -f -a "whoami" -d 'Resolve the selected user grant and print Feishu profile details'
complete -c loong -n "__fish_loong_using_subcommand feishu; and not __fish_seen_subcommand_from auth onboard whoami doc read messages search calendar bitable send reply serve help" -f -a "doc" -d 'Create or append Feishu docx documents'
complete -c loong -n "__fish_loong_using_subcommand feishu; and not __fish_seen_subcommand_from auth onboard whoami doc read messages search calendar bitable send reply serve help" -f -a "read" -d 'Read Feishu resources'
complete -c loong -n "__fish_loong_using_subcommand feishu; and not __fish_seen_subcommand_from auth onboard whoami doc read messages search calendar bitable send reply serve help" -f -a "messages" -d 'Inspect Feishu message history and message details'
complete -c loong -n "__fish_loong_using_subcommand feishu; and not __fish_seen_subcommand_from auth onboard whoami doc read messages search calendar bitable send reply serve help" -f -a "search" -d 'Search Feishu resources'
complete -c loong -n "__fish_loong_using_subcommand feishu; and not __fish_seen_subcommand_from auth onboard whoami doc read messages search calendar bitable send reply serve help" -f -a "calendar" -d 'Inspect Feishu calendar resources'
complete -c loong -n "__fish_loong_using_subcommand feishu; and not __fish_seen_subcommand_from auth onboard whoami doc read messages search calendar bitable send reply serve help" -f -a "bitable" -d 'Inspect and write Feishu Bitable resources'
complete -c loong -n "__fish_loong_using_subcommand feishu; and not __fish_seen_subcommand_from auth onboard whoami doc read messages search calendar bitable send reply serve help" -f -a "send" -d 'Send one Feishu text, post, image, file, or card message'
complete -c loong -n "__fish_loong_using_subcommand feishu; and not __fish_seen_subcommand_from auth onboard whoami doc read messages search calendar bitable send reply serve help" -f -a "reply" -d 'Reply to one Feishu message or thread with text, post, image, file, or card content'
complete -c loong -n "__fish_loong_using_subcommand feishu; and not __fish_seen_subcommand_from auth onboard whoami doc read messages search calendar bitable send reply serve help" -f -a "serve" -d 'Run Feishu serve mode (webhook or websocket)'
complete -c loong -n "__fish_loong_using_subcommand feishu; and not __fish_seen_subcommand_from auth onboard whoami doc read messages search calendar bitable send reply serve help" -f -a "help" -d 'Print this message or the help of the given subcommand(s)'
complete -c loong -n "__fish_loong_using_subcommand feishu; and __fish_seen_subcommand_from auth" -s h -l help -d 'Print help'
complete -c loong -n "__fish_loong_using_subcommand feishu; and __fish_seen_subcommand_from auth" -f -a "start" -d 'Generate an OAuth authorize URL and persist short-lived state locally'
complete -c loong -n "__fish_loong_using_subcommand feishu; and __fish_seen_subcommand_from auth" -f -a "exchange" -d 'Exchange an OAuth authorization code for a stored user grant'
complete -c loong -n "__fish_loong_using_subcommand feishu; and __fish_seen_subcommand_from auth" -f -a "list" -d 'List stored user grants for the resolved Feishu account'
complete -c loong -n "__fish_loong_using_subcommand feishu; and __fish_seen_subcommand_from auth" -f -a "select" -d 'Select the default stored user grant for the resolved Feishu account'
complete -c loong -n "__fish_loong_using_subcommand feishu; and __fish_seen_subcommand_from auth" -f -a "status" -d 'Inspect stored grant freshness and required scope coverage'
complete -c loong -n "__fish_loong_using_subcommand feishu; and __fish_seen_subcommand_from auth" -f -a "revoke" -d 'Delete a stored user grant'
complete -c loong -n "__fish_loong_using_subcommand feishu; and __fish_seen_subcommand_from auth" -f -a "help" -d 'Print this message or the help of the given subcommand(s)'
complete -c loong -n "__fish_loong_using_subcommand feishu; and __fish_seen_subcommand_from onboard" -l config -r
complete -c loong -n "__fish_loong_using_subcommand feishu; and __fish_seen_subcommand_from onboard" -l account -r
complete -c loong -n "__fish_loong_using_subcommand feishu; and __fish_seen_subcommand_from onboard" -l domain -r -f -a "feishu\t''
lark\t''"
complete -c loong -n "__fish_loong_using_subcommand feishu; and __fish_seen_subcommand_from onboard" -l mode -r -f -a "websocket\t''
webhook\t''"
complete -c loong -n "__fish_loong_using_subcommand feishu; and __fish_seen_subcommand_from onboard" -l timeout-s -r
complete -c loong -n "__fish_loong_using_subcommand feishu; and __fish_seen_subcommand_from onboard" -l app-id -r
complete -c loong -n "__fish_loong_using_subcommand feishu; and __fish_seen_subcommand_from onboard" -l app-secret -r
complete -c loong -n "__fish_loong_using_subcommand feishu; and __fish_seen_subcommand_from onboard" -l verification-token -r
complete -c loong -n "__fish_loong_using_subcommand feishu; and __fish_seen_subcommand_from onboard" -l encrypt-key -r
complete -c loong -n "__fish_loong_using_subcommand feishu; and __fish_seen_subcommand_from onboard" -l json
complete -c loong -n "__fish_loong_using_subcommand feishu; and __fish_seen_subcommand_from onboard" -l manual
complete -c loong -n "__fish_loong_using_subcommand feishu; and __fish_seen_subcommand_from onboard" -s h -l help -d 'Print help'
complete -c loong -n "__fish_loong_using_subcommand feishu; and __fish_seen_subcommand_from whoami" -l config -r
complete -c loong -n "__fish_loong_using_subcommand feishu; and __fish_seen_subcommand_from whoami" -l account -r
complete -c loong -n "__fish_loong_using_subcommand feishu; and __fish_seen_subcommand_from whoami" -l open-id -r
complete -c loong -n "__fish_loong_using_subcommand feishu; and __fish_seen_subcommand_from whoami" -l json
complete -c loong -n "__fish_loong_using_subcommand feishu; and __fish_seen_subcommand_from whoami" -s h -l help -d 'Print help'
complete -c loong -n "__fish_loong_using_subcommand feishu; and __fish_seen_subcommand_from doc" -s h -l help -d 'Print help'
complete -c loong -n "__fish_loong_using_subcommand feishu; and __fish_seen_subcommand_from doc" -f -a "create" -d 'Create a Feishu docx document and optionally insert initial markdown or html content'
complete -c loong -n "__fish_loong_using_subcommand feishu; and __fish_seen_subcommand_from doc" -f -a "append" -d 'Append markdown or html content to an existing Feishu docx document'
complete -c loong -n "__fish_loong_using_subcommand feishu; and __fish_seen_subcommand_from doc" -f -a "help" -d 'Print this message or the help of the given subcommand(s)'
complete -c loong -n "__fish_loong_using_subcommand feishu; and __fish_seen_subcommand_from read" -s h -l help -d 'Print help'
complete -c loong -n "__fish_loong_using_subcommand feishu; and __fish_seen_subcommand_from read" -f -a "doc" -d 'Read a Feishu docx document'
complete -c loong -n "__fish_loong_using_subcommand feishu; and __fish_seen_subcommand_from read" -f -a "help" -d 'Print this message or the help of the given subcommand(s)'
complete -c loong -n "__fish_loong_using_subcommand feishu; and __fish_seen_subcommand_from messages" -s h -l help -d 'Print help'
complete -c loong -n "__fish_loong_using_subcommand feishu; and __fish_seen_subcommand_from messages" -f -a "history" -d 'Read message history for a container such as a chat'
complete -c loong -n "__fish_loong_using_subcommand feishu; and __fish_seen_subcommand_from messages" -f -a "get" -d 'Fetch one message detail record'
complete -c loong -n "__fish_loong_using_subcommand feishu; and __fish_seen_subcommand_from messages" -f -a "resource" -d 'Download one explicit image or file resource from a Feishu message; audio and media messages use file resources'
complete -c loong -n "__fish_loong_using_subcommand feishu; and __fish_seen_subcommand_from messages" -f -a "help" -d 'Print this message or the help of the given subcommand(s)'
complete -c loong -n "__fish_loong_using_subcommand feishu; and __fish_seen_subcommand_from search" -s h -l help -d 'Print help'
complete -c loong -n "__fish_loong_using_subcommand feishu; and __fish_seen_subcommand_from search" -f -a "messages" -d 'Search Feishu messages'
complete -c loong -n "__fish_loong_using_subcommand feishu; and __fish_seen_subcommand_from search" -f -a "help" -d 'Print this message or the help of the given subcommand(s)'
complete -c loong -n "__fish_loong_using_subcommand feishu; and __fish_seen_subcommand_from calendar" -s h -l help -d 'Print help'
complete -c loong -n "__fish_loong_using_subcommand feishu; and __fish_seen_subcommand_from calendar" -f -a "list" -d 'List calendars or fetch primary calendars'
complete -c loong -n "__fish_loong_using_subcommand feishu; and __fish_seen_subcommand_from calendar" -f -a "freebusy" -d 'Fetch free/busy data for a user or room'
complete -c loong -n "__fish_loong_using_subcommand feishu; and __fish_seen_subcommand_from calendar" -f -a "help" -d 'Print this message or the help of the given subcommand(s)'
complete -c loong -n "__fish_loong_using_subcommand feishu; and __fish_seen_subcommand_from bitable" -s h -l help -d 'Print help'
complete -c loong -n "__fish_loong_using_subcommand feishu; and __fish_seen_subcommand_from bitable" -f -a "app-create" -d 'Create a Bitable app'
complete -c loong -n "__fish_loong_using_subcommand feishu; and __fish_seen_subcommand_from bitable" -f -a "app-get" -d 'Fetch Bitable app metadata'
complete -c loong -n "__fish_loong_using_subcommand feishu; and __fish_seen_subcommand_from bitable" -f -a "app-list" -d 'List Bitable apps through the Drive API'
complete -c loong -n "__fish_loong_using_subcommand feishu; and __fish_seen_subcommand_from bitable" -f -a "app-patch" -d 'Update Bitable app metadata'
complete -c loong -n "__fish_loong_using_subcommand feishu; and __fish_seen_subcommand_from bitable" -f -a "app-copy" -d 'Copy a Bitable app'
complete -c loong -n "__fish_loong_using_subcommand feishu; and __fish_seen_subcommand_from bitable" -f -a "list-tables" -d 'List data tables in a Bitable app'
complete -c loong -n "__fish_loong_using_subcommand feishu; and __fish_seen_subcommand_from bitable" -f -a "create-table" -d 'Create a data table in a Bitable app'
complete -c loong -n "__fish_loong_using_subcommand feishu; and __fish_seen_subcommand_from bitable" -f -a "patch-table" -d 'Rename a data table in a Bitable app'
complete -c loong -n "__fish_loong_using_subcommand feishu; and __fish_seen_subcommand_from bitable" -f -a "batch-create-tables" -d 'Batch create data tables in a Bitable app'
complete -c loong -n "__fish_loong_using_subcommand feishu; and __fish_seen_subcommand_from bitable" -f -a "create-record" -d 'Create a record in a Bitable table'
complete -c loong -n "__fish_loong_using_subcommand feishu; and __fish_seen_subcommand_from bitable" -f -a "update-record" -d 'Update a record in a Bitable table'
complete -c loong -n "__fish_loong_using_subcommand feishu; and __fish_seen_subcommand_from bitable" -f -a "delete-record" -d 'Delete a record in a Bitable table'
complete -c loong -n "__fish_loong_using_subcommand feishu; and __fish_seen_subcommand_from bitable" -f -a "batch-create-records" -d 'Batch create records in a Bitable table'
complete -c loong -n "__fish_loong_using_subcommand feishu; and __fish_seen_subcommand_from bitable" -f -a "batch-update-records" -d 'Batch update records in a Bitable table'
complete -c loong -n "__fish_loong_using_subcommand feishu; and __fish_seen_subcommand_from bitable" -f -a "batch-delete-records" -d 'Batch delete records in a Bitable table'
complete -c loong -n "__fish_loong_using_subcommand feishu; and __fish_seen_subcommand_from bitable" -f -a "create-field" -d 'Create a field in a Bitable table'
complete -c loong -n "__fish_loong_using_subcommand feishu; and __fish_seen_subcommand_from bitable" -f -a "list-fields" -d 'List fields in a Bitable table'
complete -c loong -n "__fish_loong_using_subcommand feishu; and __fish_seen_subcommand_from bitable" -f -a "update-field" -d 'Update a field in a Bitable table'
complete -c loong -n "__fish_loong_using_subcommand feishu; and __fish_seen_subcommand_from bitable" -f -a "delete-field" -d 'Delete a field in a Bitable table'
complete -c loong -n "__fish_loong_using_subcommand feishu; and __fish_seen_subcommand_from bitable" -f -a "create-view" -d 'Create a view in a Bitable table'
complete -c loong -n "__fish_loong_using_subcommand feishu; and __fish_seen_subcommand_from bitable" -f -a "get-view" -d 'Get a view in a Bitable table'
complete -c loong -n "__fish_loong_using_subcommand feishu; and __fish_seen_subcommand_from bitable" -f -a "list-views" -d 'List views in a Bitable table'
complete -c loong -n "__fish_loong_using_subcommand feishu; and __fish_seen_subcommand_from bitable" -f -a "patch-view" -d 'Patch a view in a Bitable table'
complete -c loong -n "__fish_loong_using_subcommand feishu; and __fish_seen_subcommand_from bitable" -f -a "search-records" -d 'Search records in a Bitable table'
complete -c loong -n "__fish_loong_using_subcommand feishu; and __fish_seen_subcommand_from bitable" -f -a "help" -d 'Print this message or the help of the given subcommand(s)'
complete -c loong -n "__fish_loong_using_subcommand feishu; and __fish_seen_subcommand_from send" -l config -r
complete -c loong -n "__fish_loong_using_subcommand feishu; and __fish_seen_subcommand_from send" -l account -r
complete -c loong -n "__fish_loong_using_subcommand feishu; and __fish_seen_subcommand_from send" -l open-id -r
complete -c loong -n "__fish_loong_using_subcommand feishu; and __fish_seen_subcommand_from send" -l receive-id-type -r
complete -c loong -n "__fish_loong_using_subcommand feishu; and __fish_seen_subcommand_from send" -l receive-id -r
complete -c loong -n "__fish_loong_using_subcommand feishu; and __fish_seen_subcommand_from send" -l text -r
complete -c loong -n "__fish_loong_using_subcommand feishu; and __fish_seen_subcommand_from send" -l post-json -r
complete -c loong -n "__fish_loong_using_subcommand feishu; and __fish_seen_subcommand_from send" -l image-key -r
complete -c loong -n "__fish_loong_using_subcommand feishu; and __fish_seen_subcommand_from send" -l file-key -r
complete -c loong -n "__fish_loong_using_subcommand feishu; and __fish_seen_subcommand_from send" -l image-path -r
complete -c loong -n "__fish_loong_using_subcommand feishu; and __fish_seen_subcommand_from send" -l file-path -r
complete -c loong -n "__fish_loong_using_subcommand feishu; and __fish_seen_subcommand_from send" -l file-type -r
complete -c loong -n "__fish_loong_using_subcommand feishu; and __fish_seen_subcommand_from send" -l uuid -r
complete -c loong -n "__fish_loong_using_subcommand feishu; and __fish_seen_subcommand_from send" -l json
complete -c loong -n "__fish_loong_using_subcommand feishu; and __fish_seen_subcommand_from send" -l card
complete -c loong -n "__fish_loong_using_subcommand feishu; and __fish_seen_subcommand_from send" -s h -l help -d 'Print help'
complete -c loong -n "__fish_loong_using_subcommand feishu; and __fish_seen_subcommand_from reply" -l config -r
complete -c loong -n "__fish_loong_using_subcommand feishu; and __fish_seen_subcommand_from reply" -l account -r
complete -c loong -n "__fish_loong_using_subcommand feishu; and __fish_seen_subcommand_from reply" -l open-id -r
complete -c loong -n "__fish_loong_using_subcommand feishu; and __fish_seen_subcommand_from reply" -l message-id -r
complete -c loong -n "__fish_loong_using_subcommand feishu; and __fish_seen_subcommand_from reply" -l text -r
complete -c loong -n "__fish_loong_using_subcommand feishu; and __fish_seen_subcommand_from reply" -l post-json -r
complete -c loong -n "__fish_loong_using_subcommand feishu; and __fish_seen_subcommand_from reply" -l image-key -r
complete -c loong -n "__fish_loong_using_subcommand feishu; and __fish_seen_subcommand_from reply" -l file-key -r
complete -c loong -n "__fish_loong_using_subcommand feishu; and __fish_seen_subcommand_from reply" -l image-path -r
complete -c loong -n "__fish_loong_using_subcommand feishu; and __fish_seen_subcommand_from reply" -l file-path -r
complete -c loong -n "__fish_loong_using_subcommand feishu; and __fish_seen_subcommand_from reply" -l file-type -r
complete -c loong -n "__fish_loong_using_subcommand feishu; and __fish_seen_subcommand_from reply" -l uuid -r
complete -c loong -n "__fish_loong_using_subcommand feishu; and __fish_seen_subcommand_from reply" -l json
complete -c loong -n "__fish_loong_using_subcommand feishu; and __fish_seen_subcommand_from reply" -l card
complete -c loong -n "__fish_loong_using_subcommand feishu; and __fish_seen_subcommand_from reply" -l reply-in-thread
complete -c loong -n "__fish_loong_using_subcommand feishu; and __fish_seen_subcommand_from reply" -s h -l help -d 'Print help'
complete -c loong -n "__fish_loong_using_subcommand feishu; and __fish_seen_subcommand_from serve" -l config -r
complete -c loong -n "__fish_loong_using_subcommand feishu; and __fish_seen_subcommand_from serve" -l account -r
complete -c loong -n "__fish_loong_using_subcommand feishu; and __fish_seen_subcommand_from serve" -l bind -r
complete -c loong -n "__fish_loong_using_subcommand feishu; and __fish_seen_subcommand_from serve" -l path -r
complete -c loong -n "__fish_loong_using_subcommand feishu; and __fish_seen_subcommand_from serve" -l json
complete -c loong -n "__fish_loong_using_subcommand feishu; and __fish_seen_subcommand_from serve" -s h -l help -d 'Print help'
complete -c loong -n "__fish_loong_using_subcommand feishu; and __fish_seen_subcommand_from help" -f -a "auth" -d 'Start or inspect user OAuth grants and state'
complete -c loong -n "__fish_loong_using_subcommand feishu; and __fish_seen_subcommand_from help" -f -a "onboard" -d 'Create or update Feishu/Lark bot channel credentials in loong.toml'
complete -c loong -n "__fish_loong_using_subcommand feishu; and __fish_seen_subcommand_from help" -f -a "whoami" -d 'Resolve the selected user grant and print Feishu profile details'
complete -c loong -n "__fish_loong_using_subcommand feishu; and __fish_seen_subcommand_from help" -f -a "doc" -d 'Create or append Feishu docx documents'
complete -c loong -n "__fish_loong_using_subcommand feishu; and __fish_seen_subcommand_from help" -f -a "read" -d 'Read Feishu resources'
complete -c loong -n "__fish_loong_using_subcommand feishu; and __fish_seen_subcommand_from help" -f -a "messages" -d 'Inspect Feishu message history and message details'
complete -c loong -n "__fish_loong_using_subcommand feishu; and __fish_seen_subcommand_from help" -f -a "search" -d 'Search Feishu resources'
complete -c loong -n "__fish_loong_using_subcommand feishu; and __fish_seen_subcommand_from help" -f -a "calendar" -d 'Inspect Feishu calendar resources'
complete -c loong -n "__fish_loong_using_subcommand feishu; and __fish_seen_subcommand_from help" -f -a "bitable" -d 'Inspect and write Feishu Bitable resources'
complete -c loong -n "__fish_loong_using_subcommand feishu; and __fish_seen_subcommand_from help" -f -a "send" -d 'Send one Feishu text, post, image, file, or card message'
complete -c loong -n "__fish_loong_using_subcommand feishu; and __fish_seen_subcommand_from help" -f -a "reply" -d 'Reply to one Feishu message or thread with text, post, image, file, or card content'
complete -c loong -n "__fish_loong_using_subcommand feishu; and __fish_seen_subcommand_from help" -f -a "serve" -d 'Run Feishu serve mode (webhook or websocket)'
complete -c loong -n "__fish_loong_using_subcommand feishu; and __fish_seen_subcommand_from help" -f -a "help" -d 'Print this message or the help of the given subcommand(s)'
complete -c loong -n "__fish_loong_using_subcommand completions" -s h -l help -d 'Print help'
complete -c loong -n "__fish_loong_using_subcommand welcome" -s h -l help -d 'Print help (see more with \'--help\')'
complete -c loong -n "__fish_loong_using_subcommand import" -l output -d 'Write the imported config to a custom path instead of the default loong config location' -r
complete -c loong -n "__fish_loong_using_subcommand import" -l from -d 'Limit selection to one source kind such as recommended, existing, codex, or env' -r
complete -c loong -n "__fish_loong_using_subcommand import" -l source-path -d 'Choose one exact detected source path when multiple candidates of the same kind exist' -r
complete -c loong -n "__fish_loong_using_subcommand import" -l provider -d 'profile id, unique model name or suffix, or provider kind' -r
complete -c loong -n "__fish_loong_using_subcommand import" -l include -d 'Reuse only the listed domains, for example provider,channels' -r
complete -c loong -n "__fish_loong_using_subcommand import" -l exclude -d 'Exclude the listed domains from the selected import candidate' -r
complete -c loong -n "__fish_loong_using_subcommand import" -l force -d 'Overwrite an existing target config path instead of stopping for manual review'
complete -c loong -n "__fish_loong_using_subcommand import" -l preview -d 'Print the selected import candidate preview in text mode'
complete -c loong -n "__fish_loong_using_subcommand import" -l apply -d 'Apply the selected import candidate to the target config path'
complete -c loong -n "__fish_loong_using_subcommand import" -l json -d 'Emit machine-readable preview JSON for scripting or automation'
complete -c loong -n "__fish_loong_using_subcommand import" -s h -l help -d 'Print help (see more with \'--help\')'
complete -c loong -n "__fish_loong_using_subcommand migrate" -l input -d 'Path to the legacy agent workspace or root to inspect' -r
complete -c loong -n "__fish_loong_using_subcommand migrate" -l output -d 'Target Loong config path to preview, write, or roll back' -r
complete -c loong -n "__fish_loong_using_subcommand migrate" -l source -d 'Hint the legacy claw-family source kind for single-source plan/apply modes' -r
complete -c loong -n "__fish_loong_using_subcommand migrate" -l mode -d 'Migration mode to run' -r -f -a "apply\t''
plan\t''
discover\t''
plan_many\t''
recommend_primary\t''
merge_profiles\t''
map_external_skills\t''
apply_selected\t''
rollback_last_apply\t''"
complete -c loong -n "__fish_loong_using_subcommand migrate" -l source-id -d 'Explicit discovered source id to apply for apply_selected mode' -r
complete -c loong -n "__fish_loong_using_subcommand migrate" -l primary-source-id -d 'Explicit primary source id when safe profile merge is enabled' -r
complete -c loong -n "__fish_loong_using_subcommand migrate" -l json -d 'Emit machine-readable JSON instead of text output'
complete -c loong -n "__fish_loong_using_subcommand migrate" -l safe-profile-merge -d 'Merge profile-lane content while keeping one prompt owner'
complete -c loong -n "__fish_loong_using_subcommand migrate" -l apply-external-skills-plan -d 'Bridge installable local external skills into the managed runtime during apply_selected'
complete -c loong -n "__fish_loong_using_subcommand migrate" -l force -d 'Overwrite an existing target config path instead of stopping for manual review'
complete -c loong -n "__fish_loong_using_subcommand migrate" -s h -l help -d 'Print help (see more with \'--help\')'
complete -c loong -n "__fish_loong_using_subcommand ask" -l config -r
complete -c loong -n "__fish_loong_using_subcommand ask" -l session -r
complete -c loong -n "__fish_loong_using_subcommand ask" -l message -r
complete -c loong -n "__fish_loong_using_subcommand ask" -l acp-bootstrap-mcp-server -r
complete -c loong -n "__fish_loong_using_subcommand ask" -l acp-cwd -r
complete -c loong -n "__fish_loong_using_subcommand ask" -l acp
complete -c loong -n "__fish_loong_using_subcommand ask" -l acp-event-stream
complete -c loong -n "__fish_loong_using_subcommand ask" -s h -l help -d 'Print help (see more with \'--help\')'
complete -c loong -n "__fish_loong_using_subcommand help; and not __fish_seen_subcommand_from demo update run-task turn invoke-connector audit-demo init-spec run-spec benchmark-programmatic-pressure benchmark-programmatic-pressure-lint benchmark-wasm-cache benchmark-memory-context validate-config onboard personalize doctor debug audit skills tasks delegate-child-run sessions status plugins channels runtime chat gateway feishu completions welcome import migrate ask help" -f -a "demo" -d 'Run the original end-to-end bootstrap demo'
complete -c loong -n "__fish_loong_using_subcommand help; and not __fish_seen_subcommand_from demo update run-task turn invoke-connector audit-demo init-spec run-spec benchmark-programmatic-pressure benchmark-programmatic-pressure-lint benchmark-wasm-cache benchmark-memory-context validate-config onboard personalize doctor debug audit skills tasks delegate-child-run sessions status plugins channels runtime chat gateway feishu completions welcome import migrate ask help" -f -a "update" -d 'Update this Loong install to the latest stable GitHub release'
complete -c loong -n "__fish_loong_using_subcommand help; and not __fish_seen_subcommand_from demo update run-task turn invoke-connector audit-demo init-spec run-spec benchmark-programmatic-pressure benchmark-programmatic-pressure-lint benchmark-wasm-cache benchmark-memory-context validate-config onboard personalize doctor debug audit skills tasks delegate-child-run sessions status plugins channels runtime chat gateway feishu completions welcome import migrate ask help" -f -a "run-task" -d 'Deprecated compatibility alias for the generic task runner'
complete -c loong -n "__fish_loong_using_subcommand help; and not __fish_seen_subcommand_from demo update run-task turn invoke-connector audit-demo init-spec run-spec benchmark-programmatic-pressure benchmark-programmatic-pressure-lint benchmark-wasm-cache benchmark-memory-context validate-config onboard personalize doctor debug audit skills tasks delegate-child-run sessions status plugins channels runtime chat gateway feishu completions welcome import migrate ask help" -f -a "turn" -d 'Run agent turns through the unified runtime entry surface'
complete -c loong -n "__fish_loong_using_subcommand help; and not __fish_seen_subcommand_from demo update run-task turn invoke-connector audit-demo init-spec run-spec benchmark-programmatic-pressure benchmark-programmatic-pressure-lint benchmark-wasm-cache benchmark-memory-context validate-config onboard personalize doctor debug audit skills tasks delegate-child-run sessions status plugins channels runtime chat gateway feishu completions welcome import migrate ask help" -f -a "invoke-connector" -d 'Invoke one connector operation through kernel policy gate'
complete -c loong -n "__fish_loong_using_subcommand help; and not __fish_seen_subcommand_from demo update run-task turn invoke-connector audit-demo init-spec run-spec benchmark-programmatic-pressure benchmark-programmatic-pressure-lint benchmark-wasm-cache benchmark-memory-context validate-config onboard personalize doctor debug audit skills tasks delegate-child-run sessions status plugins channels runtime chat gateway feishu completions welcome import migrate ask help" -f -a "audit-demo" -d 'Demonstrate audit lifecycle with fixed clock and token revocation'
complete -c loong -n "__fish_loong_using_subcommand help; and not __fish_seen_subcommand_from demo update run-task turn invoke-connector audit-demo init-spec run-spec benchmark-programmatic-pressure benchmark-programmatic-pressure-lint benchmark-wasm-cache benchmark-memory-context validate-config onboard personalize doctor debug audit skills tasks delegate-child-run sessions status plugins channels runtime chat gateway feishu completions welcome import migrate ask help" -f -a "init-spec" -d 'Generate a runnable JSON spec template for quick vertical customization'
complete -c loong -n "__fish_loong_using_subcommand help; and not __fish_seen_subcommand_from demo update run-task turn invoke-connector audit-demo init-spec run-spec benchmark-programmatic-pressure benchmark-programmatic-pressure-lint benchmark-wasm-cache benchmark-memory-context validate-config onboard personalize doctor debug audit skills tasks delegate-child-run sessions status plugins channels runtime chat gateway feishu completions welcome import migrate ask help" -f -a "run-spec" -d 'Run a full workflow from a JSON spec (task/connector/runtime/tool/memory)'
complete -c loong -n "__fish_loong_using_subcommand help; and not __fish_seen_subcommand_from demo update run-task turn invoke-connector audit-demo init-spec run-spec benchmark-programmatic-pressure benchmark-programmatic-pressure-lint benchmark-wasm-cache benchmark-memory-context validate-config onboard personalize doctor debug audit skills tasks delegate-child-run sessions status plugins channels runtime chat gateway feishu completions welcome import migrate ask help" -f -a "benchmark-programmatic-pressure" -d 'Run pressure benchmarks for programmatic orchestration and optional regression gate checks'
complete -c loong -n "__fish_loong_using_subcommand help; and not __fish_seen_subcommand_from demo update run-task turn invoke-connector audit-demo init-spec run-spec benchmark-programmatic-pressure benchmark-programmatic-pressure-lint benchmark-wasm-cache benchmark-memory-context validate-config onboard personalize doctor debug audit skills tasks delegate-child-run sessions status plugins channels runtime chat gateway feishu completions welcome import migrate ask help" -f -a "benchmark-programmatic-pressure-lint" -d 'Lint pressure baseline coverage without running benchmark scenarios'
complete -c loong -n "__fish_loong_using_subcommand help; and not __fish_seen_subcommand_from demo update run-task turn invoke-connector audit-demo init-spec run-spec benchmark-programmatic-pressure benchmark-programmatic-pressure-lint benchmark-wasm-cache benchmark-memory-context validate-config onboard personalize doctor debug audit skills tasks delegate-child-run sessions status plugins channels runtime chat gateway feishu completions welcome import migrate ask help" -f -a "benchmark-wasm-cache" -d 'Benchmark Wasm compile cache behavior and enforce hot-path speedup gate'
complete -c loong -n "__fish_loong_using_subcommand help; and not __fish_seen_subcommand_from demo update run-task turn invoke-connector audit-demo init-spec run-spec benchmark-programmatic-pressure benchmark-programmatic-pressure-lint benchmark-wasm-cache benchmark-memory-context validate-config onboard personalize doctor debug audit skills tasks delegate-child-run sessions status plugins channels runtime chat gateway feishu completions welcome import migrate ask help" -f -a "benchmark-memory-context" -d 'Benchmark memory prompt-context hydration across window-only, rebuild, steady-state, and shrink catch-up summary paths'
complete -c loong -n "__fish_loong_using_subcommand help; and not __fish_seen_subcommand_from demo update run-task turn invoke-connector audit-demo init-spec run-spec benchmark-programmatic-pressure benchmark-programmatic-pressure-lint benchmark-wasm-cache benchmark-memory-context validate-config onboard personalize doctor debug audit skills tasks delegate-child-run sessions status plugins channels runtime chat gateway feishu completions welcome import migrate ask help" -f -a "validate-config" -d 'Validate config semantics and report structured diagnostics'
complete -c loong -n "__fish_loong_using_subcommand help; and not __fish_seen_subcommand_from demo update run-task turn invoke-connector audit-demo init-spec run-spec benchmark-programmatic-pressure benchmark-programmatic-pressure-lint benchmark-wasm-cache benchmark-memory-context validate-config onboard personalize doctor debug audit skills tasks delegate-child-run sessions status plugins channels runtime chat gateway feishu completions welcome import migrate ask help" -f -a "onboard" -d 'Guided onboarding for fast first-chat setup with preflight diagnostics'
complete -c loong -n "__fish_loong_using_subcommand help; and not __fish_seen_subcommand_from demo update run-task turn invoke-connector audit-demo init-spec run-spec benchmark-programmatic-pressure benchmark-programmatic-pressure-lint benchmark-wasm-cache benchmark-memory-context validate-config onboard personalize doctor debug audit skills tasks delegate-child-run sessions status plugins channels runtime chat gateway feishu completions welcome import migrate ask help" -f -a "personalize" -d 'Capture optional operator preferences for future sessions'
complete -c loong -n "__fish_loong_using_subcommand help; and not __fish_seen_subcommand_from demo update run-task turn invoke-connector audit-demo init-spec run-spec benchmark-programmatic-pressure benchmark-programmatic-pressure-lint benchmark-wasm-cache benchmark-memory-context validate-config onboard personalize doctor debug audit skills tasks delegate-child-run sessions status plugins channels runtime chat gateway feishu completions welcome import migrate ask help" -f -a "doctor" -d 'Run configuration diagnostics and optionally apply safe config/path fixes'
complete -c loong -n "__fish_loong_using_subcommand help; and not __fish_seen_subcommand_from demo update run-task turn invoke-connector audit-demo init-spec run-spec benchmark-programmatic-pressure benchmark-programmatic-pressure-lint benchmark-wasm-cache benchmark-memory-context validate-config onboard personalize doctor debug audit skills tasks delegate-child-run sessions status plugins channels runtime chat gateway feishu completions welcome import migrate ask help" -f -a "debug" -d 'Build one developer-facing debug bundle over runtime, provider, ACP, session, and audit signals'
complete -c loong -n "__fish_loong_using_subcommand help; and not __fish_seen_subcommand_from demo update run-task turn invoke-connector audit-demo init-spec run-spec benchmark-programmatic-pressure benchmark-programmatic-pressure-lint benchmark-wasm-cache benchmark-memory-context validate-config onboard personalize doctor debug audit skills tasks delegate-child-run sessions status plugins channels runtime chat gateway feishu completions welcome import migrate ask help" -f -a "audit" -d 'Inspect the retained audit journal through a bounded CLI surface'
complete -c loong -n "__fish_loong_using_subcommand help; and not __fish_seen_subcommand_from demo update run-task turn invoke-connector audit-demo init-spec run-spec benchmark-programmatic-pressure benchmark-programmatic-pressure-lint benchmark-wasm-cache benchmark-memory-context validate-config onboard personalize doctor debug audit skills tasks delegate-child-run sessions status plugins channels runtime chat gateway feishu completions welcome import migrate ask help" -f -a "skills" -d 'Manage installed external skills through an operator-facing CLI surface'
complete -c loong -n "__fish_loong_using_subcommand help; and not __fish_seen_subcommand_from demo update run-task turn invoke-connector audit-demo init-spec run-spec benchmark-programmatic-pressure benchmark-programmatic-pressure-lint benchmark-wasm-cache benchmark-memory-context validate-config onboard personalize doctor debug audit skills tasks delegate-child-run sessions status plugins channels runtime chat gateway feishu completions welcome import migrate ask help" -f -a "tasks" -d 'Manage async background tasks on top of the current session runtime'
complete -c loong -n "__fish_loong_using_subcommand help; and not __fish_seen_subcommand_from demo update run-task turn invoke-connector audit-demo init-spec run-spec benchmark-programmatic-pressure benchmark-programmatic-pressure-lint benchmark-wasm-cache benchmark-memory-context validate-config onboard personalize doctor debug audit skills tasks delegate-child-run sessions status plugins channels runtime chat gateway feishu completions welcome import migrate ask help" -f -a "delegate-child-run"
complete -c loong -n "__fish_loong_using_subcommand help; and not __fish_seen_subcommand_from demo update run-task turn invoke-connector audit-demo init-spec run-spec benchmark-programmatic-pressure benchmark-programmatic-pressure-lint benchmark-wasm-cache benchmark-memory-context validate-config onboard personalize doctor debug audit skills tasks delegate-child-run sessions status plugins channels runtime chat gateway feishu completions welcome import migrate ask help" -f -a "sessions" -d 'Inspect and manage persisted runtime sessions through an operator-facing session shell'
complete -c loong -n "__fish_loong_using_subcommand help; and not __fish_seen_subcommand_from demo update run-task turn invoke-connector audit-demo init-spec run-spec benchmark-programmatic-pressure benchmark-programmatic-pressure-lint benchmark-wasm-cache benchmark-memory-context validate-config onboard personalize doctor debug audit skills tasks delegate-child-run sessions status plugins channels runtime chat gateway feishu completions welcome import migrate ask help" -f -a "status" -d 'Print one operator-readable runtime summary over gateway, ACP, and durable work-unit health'
complete -c loong -n "__fish_loong_using_subcommand help; and not __fish_seen_subcommand_from demo update run-task turn invoke-connector audit-demo init-spec run-spec benchmark-programmatic-pressure benchmark-programmatic-pressure-lint benchmark-wasm-cache benchmark-memory-context validate-config onboard personalize doctor debug audit skills tasks delegate-child-run sessions status plugins channels runtime chat gateway feishu completions welcome import migrate ask help" -f -a "plugins" -d 'Author manifest-first plugin packages and inspect shared plugin governance truth'
complete -c loong -n "__fish_loong_using_subcommand help; and not __fish_seen_subcommand_from demo update run-task turn invoke-connector audit-demo init-spec run-spec benchmark-programmatic-pressure benchmark-programmatic-pressure-lint benchmark-wasm-cache benchmark-memory-context validate-config onboard personalize doctor debug audit skills tasks delegate-child-run sessions status plugins channels runtime chat gateway feishu completions welcome import migrate ask help" -f -a "channels" -d 'Inspect channels or run canonical grouped channel operations'
complete -c loong -n "__fish_loong_using_subcommand help; and not __fish_seen_subcommand_from demo update run-task turn invoke-connector audit-demo init-spec run-spec benchmark-programmatic-pressure benchmark-programmatic-pressure-lint benchmark-wasm-cache benchmark-memory-context validate-config onboard personalize doctor debug audit skills tasks delegate-child-run sessions status plugins channels runtime chat gateway feishu completions welcome import migrate ask help" -f -a "runtime" -d 'Inspect runtime, ACP, MCP, snapshot, and trajectory operator surfaces'
complete -c loong -n "__fish_loong_using_subcommand help; and not __fish_seen_subcommand_from demo update run-task turn invoke-connector audit-demo init-spec run-spec benchmark-programmatic-pressure benchmark-programmatic-pressure-lint benchmark-wasm-cache benchmark-memory-context validate-config onboard personalize doctor debug audit skills tasks delegate-child-run sessions status plugins channels runtime chat gateway feishu completions welcome import migrate ask help" -f -a "chat" -d 'Start interactive CLI chat channel with sliding-window memory'
complete -c loong -n "__fish_loong_using_subcommand help; and not __fish_seen_subcommand_from demo update run-task turn invoke-connector audit-demo init-spec run-spec benchmark-programmatic-pressure benchmark-programmatic-pressure-lint benchmark-wasm-cache benchmark-memory-context validate-config onboard personalize doctor debug audit skills tasks delegate-child-run sessions status plugins channels runtime chat gateway feishu completions welcome import migrate ask help" -f -a "gateway" -d 'Run the gateway lifecycle namespace'
complete -c loong -n "__fish_loong_using_subcommand help; and not __fish_seen_subcommand_from demo update run-task turn invoke-connector audit-demo init-spec run-spec benchmark-programmatic-pressure benchmark-programmatic-pressure-lint benchmark-wasm-cache benchmark-memory-context validate-config onboard personalize doctor debug audit skills tasks delegate-child-run sessions status plugins channels runtime chat gateway feishu completions welcome import migrate ask help" -f -a "feishu" -d 'Run the Feishu integration namespace'
complete -c loong -n "__fish_loong_using_subcommand help; and not __fish_seen_subcommand_from demo update run-task turn invoke-connector audit-demo init-spec run-spec benchmark-programmatic-pressure benchmark-programmatic-pressure-lint benchmark-wasm-cache benchmark-memory-context validate-config onboard personalize doctor debug audit skills tasks delegate-child-run sessions status plugins channels runtime chat gateway feishu completions welcome import migrate ask help" -f -a "completions" -d 'Print a shell completion script to stdout'
complete -c loong -n "__fish_loong_using_subcommand help; and not __fish_seen_subcommand_from demo update run-task turn invoke-connector audit-demo init-spec run-spec benchmark-programmatic-pressure benchmark-programmatic-pressure-lint benchmark-wasm-cache benchmark-memory-context validate-config onboard personalize doctor debug audit skills tasks delegate-child-run sessions status plugins channels runtime chat gateway feishu completions welcome import migrate ask help" -f -a "welcome" -d 'Show a welcome banner for an already configured install'
complete -c loong -n "__fish_loong_using_subcommand help; and not __fish_seen_subcommand_from demo update run-task turn invoke-connector audit-demo init-spec run-spec benchmark-programmatic-pressure benchmark-programmatic-pressure-lint benchmark-wasm-cache benchmark-memory-context validate-config onboard personalize doctor debug audit skills tasks delegate-child-run sessions status plugins channels runtime chat gateway feishu completions welcome import migrate ask help" -f -a "import" -d 'Preview or apply migration sources explicitly'
complete -c loong -n "__fish_loong_using_subcommand help; and not __fish_seen_subcommand_from demo update run-task turn invoke-connector audit-demo init-spec run-spec benchmark-programmatic-pressure benchmark-programmatic-pressure-lint benchmark-wasm-cache benchmark-memory-context validate-config onboard personalize doctor debug audit skills tasks delegate-child-run sessions status plugins channels runtime chat gateway feishu completions welcome import migrate ask help" -f -a "migrate" -d 'Preview or apply config import modes explicitly'
complete -c loong -n "__fish_loong_using_subcommand help; and not __fish_seen_subcommand_from demo update run-task turn invoke-connector audit-demo init-spec run-spec benchmark-programmatic-pressure benchmark-programmatic-pressure-lint benchmark-wasm-cache benchmark-memory-context validate-config onboard personalize doctor debug audit skills tasks delegate-child-run sessions status plugins channels runtime chat gateway feishu completions welcome import migrate ask help" -f -a "ask" -d 'Run one non-interactive assistant turn'
complete -c loong -n "__fish_loong_using_subcommand help; and not __fish_seen_subcommand_from demo update run-task turn invoke-connector audit-demo init-spec run-spec benchmark-programmatic-pressure benchmark-programmatic-pressure-lint benchmark-wasm-cache benchmark-memory-context validate-config onboard personalize doctor debug audit skills tasks delegate-child-run sessions status plugins channels runtime chat gateway feishu completions welcome import migrate ask help" -f -a "help" -d 'Print this message or the help of the given subcommand(s)'
complete -c loong -n "__fish_loong_using_subcommand help; and __fish_seen_subcommand_from turn" -f -a "run" -d 'Run one non-interactive assistant turn through the unified runtime'
complete -c loong -n "__fish_loong_using_subcommand help; and __fish_seen_subcommand_from doctor" -f -a "security" -d 'Report effective security exposure and config hygiene posture'
complete -c loong -n "__fish_loong_using_subcommand help; and __fish_seen_subcommand_from debug" -f -a "bundle" -d 'Build one developer-facing debug bundle over runtime, provider, ACP, session, and audit signals'
complete -c loong -n "__fish_loong_using_subcommand help; and __fish_seen_subcommand_from debug" -f -a "show" -d 'Show one persisted debug bundle artifact in text or JSON form'
complete -c loong -n "__fish_loong_using_subcommand help; and __fish_seen_subcommand_from debug" -f -a "watch" -d 'Stream a continuously refreshed developer observability view'
complete -c loong -n "__fish_loong_using_subcommand help; and __fish_seen_subcommand_from audit" -f -a "recent" -d 'Print the last N retained audit events'
complete -c loong -n "__fish_loong_using_subcommand help; and __fish_seen_subcommand_from audit" -f -a "summary" -d 'Print a compact rollup over the last N retained audit events'
complete -c loong -n "__fish_loong_using_subcommand help; and __fish_seen_subcommand_from audit" -f -a "discovery" -d 'Summarize trust-aware tool discovery events with dedicated trust filters'
complete -c loong -n "__fish_loong_using_subcommand help; and __fish_seen_subcommand_from audit" -f -a "token-trail" -d 'Reconstruct the retained lifecycle for one capability token'
complete -c loong -n "__fish_loong_using_subcommand help; and __fish_seen_subcommand_from audit" -f -a "verify" -d 'Verify the integrity chain of the durable audit journal'
complete -c loong -n "__fish_loong_using_subcommand help; and __fish_seen_subcommand_from audit" -f -a "repair" -d 'Repair legacy journals missing integrity sidecars'
complete -c loong -n "__fish_loong_using_subcommand help; and __fish_seen_subcommand_from skills" -f -a "list" -d 'List discovered external skills across managed, user, and project scopes'
complete -c loong -n "__fish_loong_using_subcommand help; and __fish_seen_subcommand_from skills" -f -a "search" -d 'Search the external-skills inventory from a task or capability phrase'
complete -c loong -n "__fish_loong_using_subcommand help; and __fish_seen_subcommand_from skills" -f -a "recommend" -d 'Recommend the best-fit external skills for an operator goal'
complete -c loong -n "__fish_loong_using_subcommand help; and __fish_seen_subcommand_from skills" -f -a "info" -d 'Inspect one resolved external skill'
complete -c loong -n "__fish_loong_using_subcommand help; and __fish_seen_subcommand_from skills" -f -a "fetch" -d 'Download an external skill package and optionally sync it into the managed runtime'
complete -c loong -n "__fish_loong_using_subcommand help; and __fish_seen_subcommand_from skills" -f -a "install" -d 'Install a managed external skill from a local directory or archive'
complete -c loong -n "__fish_loong_using_subcommand help; and __fish_seen_subcommand_from skills" -f -a "install-bundled" -d 'Install a first-party bundled managed external skill'
complete -c loong -n "__fish_loong_using_subcommand help; and __fish_seen_subcommand_from skills" -f -a "enable-browser-preview" -d 'Enable the managed browser preview flow and install its bundled helper skill'
complete -c loong -n "__fish_loong_using_subcommand help; and __fish_seen_subcommand_from skills" -f -a "remove" -d 'Remove an installed managed external skill'
complete -c loong -n "__fish_loong_using_subcommand help; and __fish_seen_subcommand_from skills" -f -a "policy" -d 'Inspect or update persisted runtime policy for external skills'
complete -c loong -n "__fish_loong_using_subcommand help; and __fish_seen_subcommand_from tasks" -f -a "create" -d 'Queue one async background task on top of the current session runtime'
complete -c loong -n "__fish_loong_using_subcommand help; and __fish_seen_subcommand_from tasks" -f -a "list" -d 'List visible async background tasks for the scoped session'
complete -c loong -n "__fish_loong_using_subcommand help; and __fish_seen_subcommand_from tasks" -f -a "status" -d 'Inspect one visible async background task'
complete -c loong -n "__fish_loong_using_subcommand help; and __fish_seen_subcommand_from tasks" -f -a "events" -d 'Show recent lifecycle events for one visible async background task'
complete -c loong -n "__fish_loong_using_subcommand help; and __fish_seen_subcommand_from tasks" -f -a "wait" -d 'Wait on one visible async background task and return incremental events'
complete -c loong -n "__fish_loong_using_subcommand help; and __fish_seen_subcommand_from tasks" -f -a "cancel" -d 'Cancel one visible async background task'
complete -c loong -n "__fish_loong_using_subcommand help; and __fish_seen_subcommand_from tasks" -f -a "recover" -d 'Recover one visible overdue async background task'
complete -c loong -n "__fish_loong_using_subcommand help; and __fish_seen_subcommand_from sessions" -f -a "list" -d 'List visible persisted sessions for the scoped session lineage'
complete -c loong -n "__fish_loong_using_subcommand help; and __fish_seen_subcommand_from sessions" -f -a "status" -d 'Inspect one visible persisted session'
complete -c loong -n "__fish_loong_using_subcommand help; and __fish_seen_subcommand_from sessions" -f -a "events" -d 'Show recent lifecycle events for one visible session'
complete -c loong -n "__fish_loong_using_subcommand help; and __fish_seen_subcommand_from sessions" -f -a "wait" -d 'Wait on one visible session and return incremental events'
complete -c loong -n "__fish_loong_using_subcommand help; and __fish_seen_subcommand_from sessions" -f -a "history" -d 'Show recent transcript turns for one visible session'
complete -c loong -n "__fish_loong_using_subcommand help; and __fish_seen_subcommand_from sessions" -f -a "cancel" -d 'Cancel one visible session'
complete -c loong -n "__fish_loong_using_subcommand help; and __fish_seen_subcommand_from sessions" -f -a "recover" -d 'Recover one visible session'
complete -c loong -n "__fish_loong_using_subcommand help; and __fish_seen_subcommand_from sessions" -f -a "archive" -d 'Archive one visible terminal session'
complete -c loong -n "__fish_loong_using_subcommand help; and __fish_seen_subcommand_from sessions" -f -a "heal" -d 'Plan or apply bounded self-heal actions for one visible session'
complete -c loong -n "__fish_loong_using_subcommand help; and __fish_seen_subcommand_from plugins" -f -a "init" -d 'Scaffold a new manifest-first plugin package root for external authors'
complete -c loong -n "__fish_loong_using_subcommand help; and __fish_seen_subcommand_from plugins" -f -a "inventory" -d 'Inspect manifest-first package truth across one or more plugin roots'
complete -c loong -n "__fish_loong_using_subcommand help; and __fish_seen_subcommand_from plugins" -f -a "doctor" -d 'Diagnose manifest-first plugin packages with author-facing remediation'
complete -c loong -n "__fish_loong_using_subcommand help; and __fish_seen_subcommand_from plugins" -f -a "bridge-profiles" -d 'List bundled bridge support profiles for controlled ecosystem compatibility'
complete -c loong -n "__fish_loong_using_subcommand help; and __fish_seen_subcommand_from plugins" -f -a "bridge-template" -d 'Emit the effective recommended bridge support profile template for the scanned ecosystem'
complete -c loong -n "__fish_loong_using_subcommand help; and __fish_seen_subcommand_from plugins" -f -a "preflight" -d 'Run profile-aware plugin preflight across one or more scan roots'
complete -c loong -n "__fish_loong_using_subcommand help; and __fish_seen_subcommand_from plugins" -f -a "actions" -d 'Print the deduplicated operator action plan derived from plugin preflight'
complete -c loong -n "__fish_loong_using_subcommand help; and __fish_seen_subcommand_from channels" -f -a "list" -d 'List compiled channel surfaces, aliases, and readiness status'
complete -c loong -n "__fish_loong_using_subcommand help; and __fish_seen_subcommand_from channels" -f -a "resolve" -d 'Resolve one channel id or alias through the catalog and runtime inventory'
complete -c loong -n "__fish_loong_using_subcommand help; and __fish_seen_subcommand_from channels" -f -a "send" -d 'Send one proactive message through the canonical channel surface'
complete -c loong -n "__fish_loong_using_subcommand help; and __fish_seen_subcommand_from channels" -f -a "serve" -d 'Run or control one channel serve loop through the canonical channel surface'
complete -c loong -n "__fish_loong_using_subcommand help; and __fish_seen_subcommand_from runtime" -f -a "snapshot" -d 'Print a unified runtime snapshot for experiment reproducibility and lineage capture'
complete -c loong -n "__fish_loong_using_subcommand help; and __fish_seen_subcommand_from runtime" -f -a "restore" -d 'Restore a persisted runtime snapshot artifact into the current config and managed skill state. Dry-run by default; pass --apply to mutate state'
complete -c loong -n "__fish_loong_using_subcommand help; and __fish_seen_subcommand_from runtime" -f -a "experiment" -d 'Manage snapshot-linked experiment run records'
complete -c loong -n "__fish_loong_using_subcommand help; and __fish_seen_subcommand_from runtime" -f -a "capability" -d 'Manage run-derived capability candidates, family readiness, promotion plans, and governed apply outputs'
complete -c loong -n "__fish_loong_using_subcommand help; and __fish_seen_subcommand_from runtime" -f -a "work-unit" -d 'Manage durable work units for long-running runtime orchestration'
complete -c loong -n "__fish_loong_using_subcommand help; and __fish_seen_subcommand_from runtime" -f -a "models" -d 'Inspect provider model runtime inventory'
complete -c loong -n "__fish_loong_using_subcommand help; and __fish_seen_subcommand_from runtime" -f -a "context" -d 'Inspect context-engine runtime inventory'
complete -c loong -n "__fish_loong_using_subcommand help; and __fish_seen_subcommand_from runtime" -f -a "memory" -d 'Inspect memory-system runtime inventory'
complete -c loong -n "__fish_loong_using_subcommand help; and __fish_seen_subcommand_from runtime" -f -a "mcp" -d 'Inspect configured MCP server runtime inventory'
complete -c loong -n "__fish_loong_using_subcommand help; and __fish_seen_subcommand_from runtime" -f -a "acp" -d 'Inspect ACP runtime state and diagnostics'
complete -c loong -n "__fish_loong_using_subcommand help; and __fish_seen_subcommand_from runtime" -f -a "control-plane" -d 'Run or inspect control-plane surfaces'
complete -c loong -n "__fish_loong_using_subcommand help; and __fish_seen_subcommand_from runtime" -f -a "safe-lane" -d 'Inspect safe-lane runtime summaries'
complete -c loong -n "__fish_loong_using_subcommand help; and __fish_seen_subcommand_from runtime" -f -a "session" -d 'Inspect session-search artifacts and transcript search results'
complete -c loong -n "__fish_loong_using_subcommand help; and __fish_seen_subcommand_from runtime" -f -a "trajectory" -d 'Export or inspect runtime trajectory artifacts for replay, evaluation, or research workflows'
complete -c loong -n "__fish_loong_using_subcommand help; and __fish_seen_subcommand_from gateway" -f -a "run" -d 'Claim the gateway owner slot and run the gateway runtime'
complete -c loong -n "__fish_loong_using_subcommand help; and __fish_seen_subcommand_from gateway" -f -a "status" -d 'Show the persisted gateway owner status'
complete -c loong -n "__fish_loong_using_subcommand help; and __fish_seen_subcommand_from gateway" -f -a "stop" -d 'Request cooperative shutdown for the active gateway owner'
complete -c loong -n "__fish_loong_using_subcommand help; and __fish_seen_subcommand_from feishu" -f -a "auth" -d 'Start or inspect user OAuth grants and state'
complete -c loong -n "__fish_loong_using_subcommand help; and __fish_seen_subcommand_from feishu" -f -a "onboard" -d 'Create or update Feishu/Lark bot channel credentials in loong.toml'
complete -c loong -n "__fish_loong_using_subcommand help; and __fish_seen_subcommand_from feishu" -f -a "whoami" -d 'Resolve the selected user grant and print Feishu profile details'
complete -c loong -n "__fish_loong_using_subcommand help; and __fish_seen_subcommand_from feishu" -f -a "doc" -d 'Create or append Feishu docx documents'
complete -c loong -n "__fish_loong_using_subcommand help; and __fish_seen_subcommand_from feishu" -f -a "read" -d 'Read Feishu resources'
complete -c loong -n "__fish_loong_using_subcommand help; and __fish_seen_subcommand_from feishu" -f -a "messages" -d 'Inspect Feishu message history and message details'
complete -c loong -n "__fish_loong_using_subcommand help; and __fish_seen_subcommand_from feishu" -f -a "search" -d 'Search Feishu resources'
complete -c loong -n "__fish_loong_using_subcommand help; and __fish_seen_subcommand_from feishu" -f -a "calendar" -d 'Inspect Feishu calendar resources'
complete -c loong -n "__fish_loong_using_subcommand help; and __fish_seen_subcommand_from feishu" -f -a "bitable" -d 'Inspect and write Feishu Bitable resources'
complete -c loong -n "__fish_loong_using_subcommand help; and __fish_seen_subcommand_from feishu" -f -a "send" -d 'Send one Feishu text, post, image, file, or card message'
complete -c loong -n "__fish_loong_using_subcommand help; and __fish_seen_subcommand_from feishu" -f -a "reply" -d 'Reply to one Feishu message or thread with text, post, image, file, or card content'
complete -c loong -n "__fish_loong_using_subcommand help; and __fish_seen_subcommand_from feishu" -f -a "serve" -d 'Run Feishu serve mode (webhook or websocket)'
test control_plane_server::tests::control_challenge_returns_nonce_payload ... ok
test completions_cli::tests::completions_elvish_non_empty ... ok
test completions_cli::tests::completions_powershell_non_empty ... ok
test completions_cli::tests::completions_zsh_contains_binary_name ... ok
test audit_cli::tests::audit_recent_waits_for_existing_audit_journal_lock_before_reading ... ok
test completions_cli::tests::run_completions_cli_returns_ok ... ok
test control_plane_server::tests::control_connect_rejects_protocol_mismatch ... ok
test control_plane_server::tests::control_connect_returns_protocol_response ... ok
test control_plane_server::tests::control_events_can_include_targeted_records_when_requested ... ok
test control_plane_server::tests::control_events_returns_recent_events_with_limit ... ok
test control_plane_server::tests::control_snapshot_rejects_missing_token ... ok
test control_plane_server::tests::control_snapshot_returns_snapshot_payload ... ok
test control_plane_server::tests::control_connect_rejects_reused_device_challenge ... ok
test control_plane_server::tests::control_connect_requires_pairing_before_signed_device_can_connect ... ok
test control_plane_server::tests::control_subscribe_rejects_missing_token ... ok
test control_plane_server::tests::control_subscribe_stream_yields_backlog_event ... ok
test control_plane_server::tests::control_subscribe_returns_sse_content_type ... ok
test control_plane_server::tests::default_bind_addr_is_loopback ... ok
test control_plane_server::tests::healthz_returns_snapshot_json ... ok
test control_plane_server::tests::non_loopback_exposure_requires_explicit_remote_opt_in ... ok
test control_plane_server::tests::non_loopback_exposure_requires_shared_token ... ok
test control_plane_server::tests::approval_list_rejects_insufficient_scope ... ok
test control_plane_server::tests::control_connect_requires_repairing_for_scope_upgrade ... ok
test control_plane_server::tests::pairing_list_surfaces_approved_request_after_resolution ... ok
test control_plane_server::tests::control_subscribe_stream_yields_live_event_after_wait ... ok
test control_plane_server::tests::control_events_supports_after_seq_long_poll ... ok
test control_plane_server::tests::control_events_after_seq_returns_empty_on_timeout ... ok
test control_plane_server::tests::readyz_returns_ok ... ok
test control_plane_server::tests::remote_control_connect_accepts_valid_shared_token ... ok
test control_plane_server::tests::remote_control_connect_clamps_bootstrap_scopes_to_safe_subset ... ok
test control_plane_server::tests::remote_control_connect_rejects_invalid_shared_token ... ok
test control_plane_server::tests::resolve_control_plane_bind_addr_accepts_explicit_override ... ok
test control_plane_server::tests::remote_control_connect_requires_shared_token_for_non_device_operator ... ok
test control_plane_server::tests::pairing_list_surfaces_pending_request_for_unpaired_device ... ok
test control_plane_server::tests::pairing_list_surfaces_rejected_request_after_resolution ... ok
test control_plane_server::tests::acp_session_list_rejects_insufficient_scope ... ok
test control_plane_server::tests::pairing_resolve_approves_device_and_connect_accepts_device_token ... ok
test control_plane_server::tests::approval_list_returns_only_visible_requests ... ok
test control_plane_server::tests::acp_session_list_returns_only_visible_sessions ... ok
test control_plane_server::tests::turn_stream_stops_when_retention_prunes_completed_turn ... ok
test control_plane_server::tests::acp_session_read_returns_live_status_for_visible_session ... ok
test control_plane_server::tests::task_routes_reject_insufficient_scope ... ok
test control_plane_server::tests::turn_submit_rejects_insufficient_scope ... ok
test control_plane_server::tests::turn_submit_returns_service_unavailable_without_runtime ... ok
test copilot_onboarding::tests::persist_github_copilot_oauth_token_writes_file_secret ... ok
test debug_cli::tests::build_debug_correlation_index_collects_deduplicated_identifiers ... ok
test debug_cli::tests::build_debug_watch_delta_lines_skips_zero_entries ... ok
test debug_cli::tests::load_debug_bundle_artifact_reads_valid_payload ... ok
test control_plane_server::tests::control_snapshot_uses_repository_backed_session_counts_when_available ... ok
test debug_cli::tests::normalize_debug_watch_refresh_ms_clamps_bounds ... ok
test debug_cli::tests::normalize_session_scope_defaults_when_empty ... ok
test debug_cli::tests::load_debug_bundle_artifact_rejects_wrong_surface ... ok
test debug_cli::tests::render_debug_cli_text_uses_bundle_sections_and_emoji_headings ... ok
test debug_cli::tests::render_debug_watch_text_uses_live_sections_and_tail ... ok
test completions_cli::tests::completions_bash_non_empty ... ok
test doctor_cli::tests::audit_integrity_doctor_check_fails_for_tampered_chain ... ok
test doctor_cli::tests::audit_integrity_doctor_check_passes_for_valid_chain ... ok
test doctor_cli::tests::audit_integrity_doctor_check_warns_for_in_memory_mode ... ok
test doctor_cli::tests::audit_journal_directory_check_accepts_bare_relative_filename ... ok
test control_plane_server::tests::session_list_returns_visible_repository_sessions ... ok
test doctor_cli::tests::audit_retention_doctor_check_fails_when_durable_path_is_directory ... ok
test doctor_cli::tests::audit_retention_doctor_check_cleans_up_probe_artifacts_for_creatable_missing_path ... ok
test doctor_cli::tests::audit_retention_doctor_check_fails_when_durable_path_is_readonly_file ... ok
test doctor_cli::tests::audit_retention_doctor_check_fails_when_parent_path_is_not_a_directory ... ok
test doctor_cli::tests::audit_retention_doctor_check_fails_when_missing_parent_chain_runs_into_file_boundary ... ok
test doctor_cli::tests::audit_retention_doctor_check_warns_for_in_memory_mode ... ok
test control_plane_server::tests::session_read_returns_repository_observation_for_visible_session ... ok
test doctor_cli::tests::build_channel_surface_checks_fails_plugin_bridge_contract_when_surface_is_uncompiled ... ok
test doctor_cli::tests::build_channel_surface_checks_fails_when_ready_serve_operation_is_stale ... ok
test doctor_cli::tests::build_channel_surface_checks_ignores_stub_surfaces_without_accounts ... ok
test control_plane_server::tests::task_list_returns_visible_background_tasks ... ok
test doctor_cli::tests::build_channel_surface_checks_omit_disabled_registry_operations ... ok
test doctor_cli::tests::build_channel_surface_checks_resolves_alias_metadata_from_channel_registry ... ok
test doctor_cli::tests::build_channel_surface_checks_scopes_names_for_multi_account_snapshots ... ok
test doctor_cli::tests::build_channel_surface_checks_reports_feishu_inbound_support_matrix ... ok
test doctor_cli::tests::build_channel_surface_checks_warns_when_multi_account_default_uses_fallback ... ok
test doctor_cli::tests::build_channel_surface_checks_warns_when_multiple_runtime_instances_are_running ... ok
test doctor_cli::tests::build_channel_surface_checks_warns_when_ready_serve_operation_is_not_running ... ok
test doctor_cli::tests::build_channel_surface_checks_warns_when_runtime_is_retrying ... ok
test doctor_cli::tests::build_channel_surface_checks_fails_plugin_bridge_contract_when_serve_requirements_are_missing ... ok
test control_plane_server::tests::task_read_returns_visible_background_task_detail ... ok
test doctor_cli::tests::build_channel_surface_checks_reports_plugin_bridge_contract_status_for_configured_surface ... ok
test delegate_child_cli::tests::detached_delegate_child_startup_failure_ignores_fast_success_with_warning_stderr ... ok
test control_plane_server::tests::turn_result_and_stream_reject_hidden_session_visibility ... ok
test doctor_cli::tests::build_doctor_next_steps_guides_browser_companion_repair ... ok
test doctor_cli::tests::build_doctor_next_steps_guides_browser_companion_version_alignment ... ok
test doctor_cli::tests::build_doctor_next_steps_guides_durable_audit_when_in_memory ... ok
test delegate_child_cli::tests::detached_delegate_child_startup_failure_surfaces_non_zero_exit ... ok
test doctor_cli::tests::build_doctor_next_steps_guides_fix_and_provider_credentials ... ok
test doctor_cli::tests::build_doctor_next_steps_guides_fix_when_audit_path_is_invalid ... ok
test doctor_cli::tests::build_doctor_next_steps_guides_duplicate_runtime_cleanup ... ok
test doctor_cli::tests::build_doctor_next_steps_guides_missing_web_search_credentials ... ok
test doctor_cli::tests::build_doctor_next_steps_guides_provider_route_probe_repairs ... ok
test doctor_cli::tests::build_doctor_next_steps_guides_reviewed_onboarding_default_for_auto_model_probe_failures ... ok
test control_plane_server::tests::turn_submit_rejects_hidden_session_visibility ... ok
test doctor_cli::tests::build_doctor_next_steps_guides_runtime_plugin_enablement_when_disabled ... ok
test doctor_cli::tests::build_doctor_next_steps_guides_duplicate_managed_bridge_selection_resolution ... ok
test doctor_cli::tests::build_doctor_next_steps_guides_managed_bridge_ambiguity_resolution ... ok
test doctor_cli::tests::build_doctor_next_steps_guides_warn_level_explicit_model_probe_recovery ... ok
test doctor_cli::tests::build_doctor_next_steps_guides_runtime_retry_diagnostics ... ok
test doctor_cli::tests::build_doctor_next_steps_guides_warn_level_preferred_model_probe_recovery ... ok
test doctor_cli::tests::build_doctor_next_steps_guides_stale_runtime_recovery ... ok
test doctor_cli::tests::build_doctor_next_steps_ignores_non_failure_model_probe_warnings ... ok
test doctor_cli::tests::build_doctor_next_steps_guides_managed_bridge_incomplete_setup ... ok
test doctor_cli::tests::build_doctor_next_steps_guides_missing_managed_bridge_selection_resolution ... ok
test doctor_cli::tests::build_doctor_next_steps_use_grouped_runtime_snapshot_command ... ok
test doctor_cli::tests::build_doctor_next_steps_includes_region_endpoint_step_for_minimax_probe_failures ... ok
test doctor_cli::tests::channel_env_fix_uses_registered_channel_defaults ... ok
test doctor_cli::tests::build_doctor_next_steps_shell_quotes_config_paths_with_single_quotes ... ok
test doctor_cli::tests::build_doctor_next_steps_skips_region_endpoint_step_for_non_auth_probe_failures ... ok
test doctor_cli::tests::channel_doctor_checks_report_enabled_channels_from_registry ... ok
test doctor_cli::tests::check_channel_surfaces_omit_disabled_channels ... ok
test doctor_cli::tests::build_doctor_next_steps_guides_browser_companion_preview_setup ... ok
test doctor_cli::tests::check_channel_surfaces_detail_includes_managed_bridge_setup_guidance ... ok
test doctor_cli::tests::check_channel_surfaces_reports_managed_bridge_discovery_for_compatible_plugins ... ok
test doctor_cli::tests::check_channel_surfaces_summarizes_multi_account_bridge_state_in_discovery_detail ... ok
test doctor_cli::tests::check_channel_surfaces_warns_when_configured_managed_bridge_plugin_id_is_duplicated ... ok
test doctor_cli::tests::check_channel_surfaces_warns_when_configured_managed_bridge_plugin_id_is_missing ... ok
test doctor_cli::tests::check_channel_surfaces_warns_when_managed_bridge_discovery_is_ambiguous ... ok
test doctor_cli::tests::collect_runtime_plugins_doctor_checks_escape_runtime_values ... ok
test doctor_cli::tests::collect_runtime_plugins_doctor_checks_warns_when_runtime_is_disabled ... ok
test doctor_cli::tests::collect_runtime_plugins_doctor_checks_warns_when_no_runtime_roots_are_scanned ... ok
test doctor_cli::tests::ensure_env_binding_fills_empty_slot ... ok
test doctor_cli::tests::feishu_integration_requested_is_false_for_default_config ... ok
test doctor_cli::tests::check_channel_surfaces_warns_when_managed_bridge_discovery_only_finds_incomplete_plugins ... ok
test doctor_cli::tests::managed_plugin_bridge_discovery_detail_escapes_untrusted_values ... ok
test doctor_cli::tests::provider_credential_env_hints_prioritize_oauth_defaults ... ok
test doctor_cli::tests::provider_credentials_doctor_check_adds_volcengine_auth_guidance ... ok
test doctor_cli::tests::provider_credentials_doctor_check_passes_for_auth_optional_provider ... ok
test doctor_cli::tests::provider_env_fix_does_not_overwrite_file_backed_api_key ... ok
test doctor_cli::tests::doctor_json_checks_include_runtime_attention_metadata ... ok
test doctor_cli::tests::managed_bridge_incomplete_setup_step_escapes_untrusted_values ... ok
test doctor_cli::tests::provider_model_probe_failure_fails_for_auto_model ... ok
test doctor_cli::tests::provider_model_probe_failure_guides_reviewed_default_for_auto_model ... ok
test doctor_cli::tests::provider_model_probe_failure_includes_region_hint_for_zhipu ... ok
test doctor_cli::tests::build_doctor_next_steps_with_channel_surfaces_keeps_managed_bridge_snapshot_stable ... ok
test doctor_cli::tests::provider_model_probe_failure_skips_region_hint_for_non_auth_errors ... ok
test doctor_cli::tests::provider_env_fix_does_not_overwrite_inline_api_key ... ok
test doctor_cli::tests::provider_model_probe_failure_warns_for_explicit_model ... ok
test doctor_cli::tests::provider_model_probe_failure_warns_for_preferred_model_fallbacks ... ok
test doctor_cli::tests::provider_env_fix_prefers_oauth_default_when_available ... ok
test doctor_cli::tests::resolve_secret_prefers_inline_value ... ok
test doctor_cli::tests::provider_transport_doctor_check_warns_for_responses_compatibility_mode ... ok
test doctor_cli::tests::provider_model_probe_transport_failure_prioritizes_route_guidance ... ok
test doctor_cli::tests::resolve_secret_reads_env_value ... ok
test doctor_cli::tests::select_doctor_first_turn_actions_skips_doctor_self_recursion ... ok
test doctor_cli::tests::web_search_provider_doctor_check_passes_when_firecrawl_credential_is_available ... ok
test doctor_cli::tests::web_search_provider_doctor_check_passes_when_tool_is_disabled ... ok
test doctor_cli::tests::web_search_provider_doctor_check_warns_when_firecrawl_credential_is_missing ... ok
test doctor_cli::tests::build_doctor_next_steps_promotes_ask_and_chat_when_green ... ok
test doctor_security_cli::tests::json_payload_uses_security_command_name ... ok
test doctor_cli::tests::doctor_json_checks_include_plugin_bridge_account_summary_for_mixed_multi_account_surface ... ok
test doctor_security_cli::tests::run_doctor_security_cli_rejects_unsupported_parent_flags ... ok
test doctor_cli::tests::check_feishu_integration_warns_when_user_grants_are_missing ... ok
test doctor_cli::tests::check_feishu_integration_passes_when_ready_grant_exists ... ok
test doctor_cli::tests::build_doctor_next_steps_prioritizes_personalization_when_channels_are_enabled ... ok
test doctor_security_cli::tests::tool_file_root_finding_uses_explicit_and_effective_resolution_truth ... ok
test env_compat::tests::make_env_compatible_is_no_op_for_canonical_env ... ok
test env_compat::tests::make_env_compatible_leaves_missing_env_missing ... ok
test feishu_cli::onboard_config_precheck_tests::ensure_errors_when_explicit_config_override_missing ... ok
test feishu_cli::onboard_config_precheck_tests::ensure_honors_explicit_config_override_when_present ... ok
test feishu_cli::onboard_config_precheck_tests::verify_returns_error_hinting_onboard_when_config_file_missing ... ok
test feishu_cli::onboard_config_precheck_tests::verify_returns_path_when_config_file_exists ... ok
test feishu_cli::render_tests::render_auth_exchange_text_includes_selected_and_effective_open_ids ... ok
test feishu_cli::render_tests::render_auth_list_text_distinguishes_persisted_and_effective_selection ... ok
test feishu_cli::render_tests::render_auth_list_text_includes_stale_selection_and_select_hint ... ok
test feishu_cli::render_tests::render_auth_revoke_text_includes_remaining_grant_state_and_hints ... ok
test feishu_cli::render_tests::render_auth_select_text_includes_selected_grant_summary ... ok
test feishu_cli::render_tests::render_auth_start_text_includes_configured_account_when_present ... ok
test feishu_cli::render_tests::render_auth_status_text_account_scope_includes_missing_scopes_and_select_hint ... ok
test feishu_cli::render_tests::render_auth_status_text_grant_scope_includes_requested_open_id_and_available_options ... ok
test feishu_cli::render_tests::render_calendar_freebusy_text_includes_configured_account_when_present ... ok
test feishu_cli::render_tests::render_calendar_list_text_includes_configured_account_when_present ... ok
test feishu_cli::render_tests::render_doc_append_text_includes_configured_account_when_present ... ok
test feishu_cli::render_tests::render_doc_create_text_includes_configured_account_when_present ... ok
test feishu_cli::render_tests::render_messages_get_text_includes_configured_account_when_present ... ok
test feishu_cli::render_tests::render_messages_history_text_includes_configured_account_when_present ... ok
test feishu_cli::render_tests::render_messages_resource_text_includes_configured_account_when_present ... ok
test feishu_cli::render_tests::render_onboard_text_includes_qr_registration_summary ... ok
test feishu_cli::render_tests::render_read_doc_text_includes_configured_account_when_present ... ok
test feishu_cli::render_tests::render_reply_text_includes_configured_account_when_present ... ok
test feishu_cli::render_tests::render_search_messages_text_includes_configured_account_when_present ... ok
test feishu_cli::render_tests::render_send_text_includes_configured_account_when_present ... ok
test feishu_cli::render_tests::render_whoami_text_includes_configured_account_when_present ... ok
test feishu_onboarding::tests::apply_credentials_updates_root_channel_when_no_named_account_exists ... ok
test feishu_onboarding::tests::apply_credentials_updates_selected_named_account ... ok
test feishu_onboarding::tests::apply_owner_bootstrap_access_preserves_existing_restrictions ... ok
test feishu_onboarding::tests::apply_owner_bootstrap_access_updates_named_account_for_qr_onboarding ... ok
test feishu_onboarding::tests::apply_owner_bootstrap_access_updates_root_channel_for_qr_onboarding ... ok
test feishu_onboarding::tests::begin_registration_appends_loong_tracking_query ... ok
test feishu_onboarding::tests::encode_terminal_qr_returns_non_empty_unicode_art ... ok
test doctor_security_cli::tests::run_doctor_security_cli_json_fails_when_exposed_findings_exist ... ok
test doctor_security_cli::tests::secret_hygiene_scans_legacy_provider_fields_and_auth_headers_with_profiles_present ... ok
test feishu_onboarding::tests::render_qr_instructions_falls_back_to_link_only_when_qr_is_unavailable ... ok
test doctor_security_cli::tests::secret_hygiene_scans_firecrawl_web_search_credentials ... ok
test doctor_security_cli::tests::secret_hygiene_exposes_inline_literals ... ok
test feishu_onboarding::tests::render_qr_instructions_shows_both_scan_and_desktop_paths_when_qr_rendered ... ok
test feishu_support::tests::build_grant_recommendations_ignores_write_gaps_when_not_required ... ok
test feishu_support::tests::build_grant_recommendations_marks_missing_write_scope_for_existing_grant ... ok
test feishu_support::tests::build_grant_recommendations_marks_only_missing_doc_write_scope ... ok
test doctor_security_cli::tests::default_shell_execution_is_exposed_in_yolo_mode ... ok
test feishu_support::tests::build_grant_recommendations_marks_only_missing_message_write_scope ... ok
test doctor_security_cli::tests::external_skills_expose_when_auto_expose_or_approval_is_open ... ok
test feishu_support::tests::configured_capabilities_from_config_reflects_enabled_flags ... ok
test feishu_support::tests::oauth_helpers_emit_urlsafe_unpadded_tokens ... ok
test feishu_support::tests::recommended_auth_start_command_for_missing_grant_omits_message_write_capability ... ok
test feishu_support::tests::resolve_required_feishu_scopes_falls_back_to_legacy_default_scopes_when_capability_block_is_absent ... ok
test feishu_support::tests::resolve_required_feishu_scopes_prefers_config_capabilities_over_legacy_default_scopes ... ok
test feishu_support::tests::resolve_required_feishu_scopes_uses_explicit_default_capability_block_instead_of_legacy_default_scopes ... ok
test feishu_support::tests::resolve_scopes_can_append_doc_write_scope_capability ... ok
test feishu_support::tests::resolve_scopes_can_append_recommended_message_write_scopes ... ok
test feishu_support::tests::resolve_scopes_can_expand_all_capability_bundle_over_custom_scopes ... ok
test feishu_support::tests::resolve_scopes_normalizes_legacy_group_message_scope_alias ... ok
test control_plane_server::tests::turn_submit_preserves_input_whitespace ... ok
test control_plane_server::tests::turn_submit_and_result_fetch_complete_with_streamed_backend ... ok
test feishu_support::tests::scopes_for_configured_capabilities_include_offline_access_and_bitable_bundle ... ok
test feishu_support::tests::summarize_required_doc_write_scope_status_treats_disabled_scope_as_already_satisfied ... ok
test control_plane_server::tests::turn_stream_replays_buffered_runtime_and_terminal_events ... ok
test first_run_entry_tests::redacted_command_name_omits_sensitive_command_payloads ... ok
test feishu_support::tests::disabled_feishu_channel_still_allows_integration_context_loading ... ok
test feishu_support::tests::resolve_selected_grant_reports_missing_explicit_open_id ... ok
test feishu_support::tests::resolve_selected_grant_suggests_auth_list_when_multiple_grants_exist ... ok
test first_run_entry_tests::render_welcome_banner_includes_version_and_next_commands ... ok
test feishu_support::tests::resolve_selected_grant_prefers_persisted_selected_open_id ... ok
test feishu_support::tests::resolve_selected_grant_clears_stale_selected_open_id_and_returns_single_grant ... ok
test feishu_support::tests::resolve_selected_grant_clears_stale_selected_open_id_before_multi_grant_error ... ok
test doctor_security_cli::tests::browser_surfaces_become_unknown_when_companion_is_ready ... ok
test gateway::api_turn::tests::gateway_turn_returns_service_unavailable_without_acp_backend ... ok
test doctor_security_cli::tests::external_skills_audit_uses_effective_policy_override ... ok
test gateway::client::tests::gateway_local_client_pairing_events_decodes_event_payloads ... ok
test gateway::client::tests::gateway_local_client_pairing_events_surfaces_stale_cursor_outcome ... ok
test gateway::client::tests::gateway_local_discovery_accepts_loopback_owner_status ... ok
test gateway::client::tests::gateway_local_client_pairing_session_uses_session_token ... ok
test first_run_entry_tests::resolve_default_entry_command_honors_loong_config_path_override ... ok
test gateway::client::tests::gateway_local_discovery_loads_trimmed_bearer_token ... ok
test first_run_entry_tests::resolve_default_entry_command_ignores_legacy_home_when_config_is_missing ... ok
test gateway::client::tests::gateway_local_discovery_rejects_non_loopback_bind_address ... ok
test gateway::client::tests::gateway_local_discovery_rejects_stale_owner_status ... ok
test gateway::client::tests::gateway_local_discovery_rejects_empty_bearer_token ... ok
test first_run_entry_tests::resolve_default_entry_command_ignores_loongclaw_config_path_without_compat_shim ... ok
test gateway::client::tests::gateway_local_discovery_prefers_bootstrap_when_owner_status_is_missing ... ok
test first_run_entry_tests::resolve_default_entry_command_routes_to_onboard_when_config_is_missing ... ok
test first_run_entry_tests::resolve_default_entry_command_routes_to_onboard_when_config_path_is_a_directory ... ok
test gateway::event_bus::tests::broadcast_sink_delivers_to_subscriber ... ok
test gateway::event_bus::tests::broadcast_sink_handles_no_subscribers ... ok
test gateway::event_bus::tests::event_bus_publish_invokes_registered_hook ... ok
test gateway::event_bus::tests::event_bus_snapshot_restores_recent_events_and_monotonic_seq ... ok
test gateway::event_bus::tests::multiple_subscribers_each_receive_event ... ok
test gateway::event_bus::tests::recent_events_after_returns_bounded_suffix ... ok
test first_run_entry_tests::resolve_default_entry_command_routes_to_welcome_when_default_config_exists ... ok
test first_run_entry_tests::resolve_welcome_config_path_honors_loong_config_path_override ... ok
test first_run_entry_tests::run_welcome_cli_rejects_directory_config_path ... ok
test first_run_entry_tests::run_welcome_cli_rejects_missing_config_file ... ok
test gateway::control::tests::gateway_control_listener_port_accepts_explicit_ephemeral_zero ... ok
test gateway::control::tests::gateway_control_listener_port_defaults_to_26306 ... ok
test gateway::control::tests::gateway_control_listener_port_prefers_cli_override ... ok
test gateway::control::tests::gateway_control_listener_port_uses_config_value_without_override ... ok
test gateway::control::tests::gateway_control_listener_port_uses_env_override ... ok
test gateway::openai_compat::tests::gateway_openai_chat_completion_rejects_invalid_stop_shape ... ok
test gateway::openai_compat::tests::gateway_openai_chat_completion_rejects_messages_not_ending_with_user ... ok
test gateway::openai_compat::tests::gateway_openai_chat_completion_rejects_tools_fields ... ok
test gateway::openai_compat::tests::gateway_openai_chat_completion_rejects_unknown_model ... ok
test gateway::openai_compat::tests::gateway_openai_chat_completion_rejects_tool_choice_field ... ok
test gateway::openai_compat::tests::gateway_openai_chat_completion_rejects_missing_auth ... ok
test gateway::openai_compat::tests::gateway_openai_chat_completion_streaming_rejects_truly_unsupported_models ... ok
test feishu_onboarding::tests::poll_registration_switches_to_lark_when_tenant_brand_requests_it ... ok
test gateway::client::tests::gateway_local_discovery_falls_back_to_owner_status_when_bootstrap_is_unavailable ... ok
test gateway::openai_compat::tests::gateway_openai_models_exposes_default_configured_model_value ... ok
test gateway::openai_compat::tests::gateway_openai_models_lists_configured_provider_profiles ... ok
test gateway::openai_compat::tests::gateway_openai_models_rejects_missing_auth ... ok
test gateway::read_models::tests::channel_inventory_read_model_includes_structured_channel_access_policies ... ok
test gateway::read_models::tests::operator_channel_surface_read_model_collects_duplicate_runtime_owner_pids ... ok
test gateway::read_models::tests::operator_channel_surface_read_model_counts_retrying_runtime_attention ... ok
test gateway::read_models::tests::operator_channel_surface_read_model_keeps_non_plugin_backed_summary_empty ... ok
test gateway::read_models::tests::operator_channel_surface_read_model_keeps_plugin_backed_summary_context ... ok
test gateway::read_models::tests::operator_channels_summary_read_model_collects_runtime_attention_surface_ids ... ok
test gateway::read_models::tests::operator_runtime_summary_includes_hidden_surface_ids ... ok
test gateway::read_models::tests::tool_surface_read_model_preserves_guidance_and_counts ... ok
test gateway::service::tests::acp_manager_init_failure_marks_gateway_owner_failed ... ok
test gateway::state::tests::gateway_owner_state_acquire_and_finalize_preserve_last_stopped_snapshot ... ok
test gateway::state::tests::gateway_owner_state_reclaims_stale_owner_slot ... ok
test gateway::state::tests::gateway_owner_state_status_marks_running_snapshot_stale_after_heartbeat_budget ... ok
test gateway::state::tests::gateway_owner_state_stop_request_returns_already_stopped_without_active_owner ... ok
test gateway::state::tests::gateway_owner_state_stop_request_writes_request_for_running_owner ... ok
test gateway::state::tests::gateway_pairing_runtime_state_roundtrips_after_rewrite ... ok
test managed_plugin_bridge_runtime::tests::managed_bridge_serve_loop_recovers_after_transient_receive_failure ... ok
test managed_plugin_bridge_runtime::tests::managed_bridge_serve_loop_stops_after_retry_budget ... ok
test gateway::openai_compat::tests::gateway_openai_chat_completion_passes_tuning_fields_to_provider ... ok
test managed_plugin_bridge_runtime::tests::request_managed_plugin_bridge_duplicate_cleanup_keeps_preferred_owner ... ok
test managed_plugin_bridge_runtime::tests::run_managed_plugin_bridge_send_posts_http_bridge_request ... ok
test managed_plugin_bridge_runtime::tests::run_managed_plugin_bridge_send_rejects_conflicting_embedded_account ... ok
test managed_plugin_bridge_runtime::tests::run_managed_plugin_bridge_send_rejects_disallowed_weixin_contact ... ok
test mcp_cli::tests::append_mcp_runtime_snapshot_lines_includes_last_error_for_failed_servers ... ok
test mcp_cli::tests::render_mcp_servers_snapshot_text_includes_last_error_for_failed_servers ... ok
test memory_context_benchmark::tests::memory_context_shape_excludes_retrieved_memory_from_summary_counts ... ok
test memory_context_benchmark::tests::prompt_frame_benchmark_signals_preserve_stable_prefix_on_followup ... ok
test migrate_cli::tests::bootstrap_migrate_runtime_kernel_provides_kernel_context ... ok
test migrate_cli::tests::render_migrate_surface_text_uses_operator_header ... ok
test migration::channels::feishu::tests::absent_mode_env_fix_skips_webhook_secrets ... ok
test migration::channels::feishu::tests::merge_defaults_to_websocket_when_enabling_feishu_without_explicit_mode ... ok
test migration::channels::feishu::tests::merge_defaults_to_websocket_when_target_already_enabled ... ok
test migration::channels::feishu::tests::merge_preserves_explicit_top_level_webhook_mode ... ok
test migration::channels::feishu::tests::websocket_mode_skips_default_webhook_secret_bindings ... ok
test migration::channels::matrix::tests::collect_doctor_checks_uses_default_account_settings ... ok
test migration::channels::matrix::tests::merge_matrix_config_copies_custom_defaults_and_account_overrides ... ok
test migration::channels::outbound::tests::build_enabled_account_summary_reads_structured_reserved_runtime_fields ... ok
test migration::channels::outbound::tests::reserved_runtime_fields_detail_uses_structured_fields_without_note_protocol ... ok
test migration::channels::wecom::tests::collect_doctor_checks_uses_default_account_settings ... ok
test migration::channels::wecom::tests::merge_wecom_config_copies_custom_defaults_and_account_overrides ... ok
test migration::channels::wecom::tests::merge_wecom_config_ignores_blank_websocket_url_override ... ok
test migration::channels::wecom::tests::merge_wecom_config_treats_explicit_default_websocket_url_as_default ... ok
test migration::discovery::tests::cli_import_surface_detects_prompt_pack_metadata_changes ... ok
test migration::discovery::tests::detect_workspace_guidance_keeps_single_root_scope_for_import_discovery ... ok
test migration::discovery::tests::detect_workspace_guidance_uses_shared_import_taxonomy ... ok
test gateway::openai_compat::tests::gateway_openai_chat_completion_persists_turn_history_through_gateway_runtime ... ok
test migration::planner::tests::compose_provider_domain_canonicalizes_selected_current_provider ... ok
test migration::discovery::tests::provider_import_surface_marks_x_api_key_provider_ready ... ok
test migration::planner::tests::supplement_provider_config_canonicalizes_legacy_api_key_env_binding ... ok
test managed_plugin_bridge_runtime::tests::request_managed_plugin_bridge_serve_stop_writes_stop_request ... ok
test gateway::openai_compat::tests::gateway_openai_chat_completion_preserves_provider_rate_limit_status ... ok
test migration::provider_selection::tests::build_provider_selection_plan_canonicalizes_single_choice ... ok
test migration::provider_selection::tests::merge_provider_config_canonicalizes_legacy_api_key_env_binding ... ok
test migration::planner::tests::supplement_provider_config_accepts_x_api_key_source_credentials ... ok
test migration::planner::tests::supplement_provider_config_preserves_explicit_target_auth_bindings ... ok
test migration::provider_selection::tests::resolve_provider_config_from_selection_canonicalizes_current_provider ... ok
test migration::planner::tests::supplement_provider_config_preserves_target_auth_headers ... ok
test multi_channel_serve_tests::parse_multi_channel_serve_channel_account_rejects_compiled_out_matrix_runtime ... ok
test multi_channel_serve_tests::parse_multi_channel_serve_channel_account_rejects_unknown_runtime_channel ... ok
test multi_channel_serve_tests::supported_multi_channel_serve_channel_ids_follow_background_runtime_registry ... ok
test next_actions::tests::collect_setup_next_actions_includes_personalize_after_chat_when_pending ... ok
test next_actions::tests::collect_setup_next_actions_guides_browser_preview_enable_when_not_configured ... ok
test next_actions::tests::collect_setup_next_actions_guides_browser_preview_shell_unblock_when_hard_denied ... ok
test next_actions::tests::collect_setup_next_actions_keeps_outbound_follow_up_as_inspection_after_doctor_for_single_surface ... ok
test next_actions::tests::collect_setup_next_actions_keeps_outbound_group_follow_up_as_inspection_after_doctor ... ok
test next_actions::tests::collect_setup_next_actions_labels_multiple_unresolved_plugin_bridge_surfaces ... ok
test next_actions::tests::collect_setup_next_actions_labels_single_unresolved_plugin_bridge_surface ... ok
test next_actions::tests::collect_setup_next_actions_omits_personalize_when_configured ... ok
test next_actions::tests::collect_setup_next_actions_omits_personalize_when_suppressed ... ok
test next_actions::tests::is_managed_bridge_doctor_action_matches_multi_surface_label ... ok
test next_actions::tests::is_managed_bridge_doctor_action_matches_runtime_attention_label ... ok
test next_actions::tests::is_managed_bridge_doctor_action_matches_single_surface_label ... ok
test next_actions::tests::is_managed_bridge_doctor_action_rejects_non_doctor_action ... ok
test next_actions::tests::is_managed_bridge_doctor_action_rejects_unrelated_doctor_action ... ok
test observability::tests::build_env_filter_falls_back_on_invalid_directive ... ok
test observability::tests::debug_variant_name_keeps_only_variant_identity ... ok
test observability::tests::parse_log_format_accepts_known_variants ... ok
test observability::tests::resolved_log_directive_falls_back_to_rust_log_then_default ... ok
test observability::tests::resolved_log_directive_prefers_loong_log ... ok
test observability::tests::summarize_error_collapses_whitespace_and_truncates ... ok
test onboard_cli::tests::accepted_non_interactive_warnings_do_not_depend_on_display_text ... ok
test onboard_cli::tests::append_escape_cancel_hint_dedupes_case_insensitively ... ok
test onboard_cli::tests::apply_selected_api_key_env_routes_openai_oauth_env_to_oauth_binding ... ok
test onboard_cli::tests::apply_selected_api_key_env_routes_unknown_openai_env_to_api_key_binding ... ok
test onboard_cli::tests::apply_selected_system_prompt_restore_uses_rendered_native_prompt ... ok
test onboard_cli::tests::apply_selected_web_search_credential_formats_env_reference ... ok
test onboard_cli::tests::apply_selected_web_search_credential_rejects_unknown_provider ... ok
test onboard_cli::tests::apply_selected_web_search_credential_updates_firecrawl_field ... ok
test next_actions::tests::collect_setup_next_actions_promotes_browser_companion_preview_when_ready ... ok
test gateway::openai_compat::tests::gateway_openai_chat_completion_returns_non_streaming_response ... ok
test migration::provider_selection::tests::provider_status_for_choice_marks_x_api_key_provider_ready ... ok
test onboard_cli::tests::build_onboarding_success_summary_does_not_echo_invalid_credential_env_value ... ok
test onboard_cli::tests::config_validation_failure_message_only_matches_config_validation_failures ... ok
test onboard_cli::tests::configured_preferred_model_probe_warning_is_accepted_non_interactively ... ok
test onboard_cli::tests::default_choice_footer_avoids_bracket_default_syntax ... ok
test onboard_cli::tests::detected_shortcut_snapshot_wraps_starting_point_like_review_rows ... ok
test onboard_cli::tests::entry_screen_footer_mentions_escape_cancel ... ok
test onboard_cli::tests::explicit_model_probe_warning_is_accepted_non_interactively ... ok
test onboard_cli::tests::explicit_onboard_cancel_input_requires_escape_byte ... ok
test next_actions::tests::collect_setup_next_actions_labels_single_runtime_attention_plugin_bridge_surface ... ok
test onboard_cli::tests::format_backup_timestamp_at_matches_existing_filename_shape ... ok
test onboard_cli::tests::interactive_entry_screen_omits_static_options_when_selection_widget_handles_choices ... ok
test onboard_cli::tests::interactive_existing_config_write_screen_omits_static_options_when_selection_widget_handles_choices ... ok
test onboard_cli::tests::interactive_starting_point_screen_omits_static_options_when_selection_widget_handles_choices ... ok
test onboard_cli::tests::literal_esc_text_is_not_treated_as_cancel_input ... ok
test onboard_cli::tests::load_onboarding_model_catalog_returns_static_list_for_canonical_volcengine_endpoint ... ok
test onboard_cli::tests::load_onboarding_model_catalog_skips_static_list_for_noncanonical_volcengine_endpoint ... ok
test onboard_cli::tests::model_selection_screen_tells_users_to_type_auto_for_fallbacks ... ok
test onboard_cli::tests::non_interactive_preflight_failure_message_appends_provider_route_probe_detail_for_transport_failures ... ok
test onboard_cli::tests::non_interactive_preflight_failure_message_uses_first_failing_check_detail ... ok
test onboard_cli::tests::non_interactive_preflight_warning_message_uses_first_blocking_warning_detail ... ok
test onboard_cli::tests::onboard_line_channel_applies_backpressure_after_buffer_limit ... ok
test onboard_cli::tests::browser_companion_onboard_preflight_passes_when_runtime_gate_is_open ... ok
test onboard_cli::tests::browser_companion_onboard_preflight_warns_when_enabled_without_command ... ok
test gateway::openai_compat::tests::gateway_openai_chat_completion_returns_openai_model_streaming_sse_response ... ok
test onboard_cli::tests::onboarding_preinstall_targets_are_derived_from_app_registry ... ok
test onboard_cli::tests::parse_select_one_input_accepts_custom_alias_for_custom_model_option ... ok
test onboard_cli::tests::preferred_api_key_env_default_ignores_invalid_configured_secret_literal ... ok
test onboard_cli::tests::preflight_summary_omits_skip_model_probe_rerun_hint_after_probe_is_already_skipped ... ok
test onboard_cli::tests::preflight_summary_screen_footer_mentions_escape_cancel ... ok
test onboard_cli::tests::preflight_summary_uses_explicit_model_guidance_for_reviewed_auto_failures ... ok
test onboard_cli::tests::preflight_summary_uses_explicit_model_only_guidance_without_reviewed_default ... ok
test onboard_cli::tests::preinstalled_skills_screen_only_surfaces_the_onboarding_subset ... ok
test onboard_cli::tests::prompt_addendum_screen_mentions_single_line_terminal_input ... ok
test onboard_cli::tests::prompt_import_candidate_choice_uses_select_widget ... ok
test onboard_cli::tests::prompt_onboard_entry_choice_uses_select_widget ... ok
test onboard_cli::tests::prompt_onboard_shortcut_choice_cancels_on_escape_input ... ok
test onboard_cli::tests::prompt_onboard_shortcut_choice_uses_select_widget ... ok
test onboard_cli::tests::prompt_with_default_text_avoids_bracket_default_syntax ... ok
test onboard_cli::tests::explicit_web_search_provider_override_prefers_cli_option_over_env ... ok
test onboard_cli::tests::onboard_paste_drain_window_falls_back_for_invalid_env_values ... ok
test onboard_cli::tests::onboard_paste_drain_window_prefers_valid_env_override ... ok
test onboard_cli::tests::onboard_paste_drain_window_rejects_zero_millisecond_override ... ok
test onboard_cli::tests::browser_companion_onboard_preflight_warns_when_runtime_gate_is_closed ... ok
test onboard_cli::tests::provider_credential_check_passes_for_auth_optional_provider ... ok
test onboard_cli::tests::provider_model_probe_failure_fails_for_auto_model ... ok
test onboard_cli::tests::provider_model_probe_failure_guides_reviewed_default_for_auto_model ... ok
test onboard_cli::tests::provider_model_probe_failure_includes_region_hint_for_minimax ... ok
test onboard_cli::tests::provider_model_probe_failure_skips_region_hint_for_non_auth_errors ... ok
test onboard_cli::tests::provider_model_probe_failure_warns_for_explicit_model ... ok
test onboard_cli::tests::provider_model_probe_failure_warns_for_preferred_model_fallbacks ... ok
test onboard_cli::tests::provider_model_probe_transport_failure_prioritizes_route_guidance ... ok
test onboard_cli::tests::render_onboard_option_lines_align_wrapped_labels_with_option_prefix ... ok
test onboard_cli::tests::render_onboard_option_lines_avoid_bracketed_choice_tokens ... ok
test onboard_cli::tests::render_select_one_invalid_input_message_hides_internal_custom_model_slug ... ok
test onboard_cli::tests::provider_matches_for_review_ignores_credential_field_explicitness ... ok
test onboard_cli::tests::render_web_search_provider_selection_screen_uses_actual_default_provider_in_footer ... ok
test onboard_cli::tests::resolve_api_key_env_selection_accepts_explicit_clear_token_in_interactive_mode ... ok
test onboard_cli::tests::resolve_api_key_env_selection_rejects_secret_literal_non_interactively ... ok
test onboard_cli::tests::resolve_api_key_env_selection_rejects_uuid_secret_literal_non_interactively ... ok
test onboard_cli::tests::resolve_api_key_env_selection_reprompts_after_secret_literal_interactively ... ok
test onboard_cli::tests::resolve_backup_path_at_uses_formatted_timestamp ... ok
test onboard_cli::tests::resolve_api_key_env_selection_reprompts_after_uuid_secret_literal_interactively ... ok
test onboard_cli::tests::resolve_effective_web_search_default_provider_keeps_explicit_non_interactive_provider ... ok
test onboard_cli::tests::resolve_model_selection_allows_custom_override_when_catalog_is_available ... ok
test onboard_cli::tests::resolve_model_selection_applies_deepseek_recommended_model_non_interactively ... ok
test onboard_cli::tests::resolve_model_selection_applies_minimax_recommended_model_non_interactively ... ok
test onboard_cli::tests::resolve_model_selection_keeps_auto_visible_for_noncanonical_volcengine_catalog ... ok
test onboard_cli::tests::resolve_model_selection_prefills_deepseek_recommended_model_interactively ... ok
test onboard_cli::tests::resolve_model_selection_prefills_minimax_recommended_model_interactively ... ok
test onboard_cli::tests::resolve_model_selection_prefills_reviewed_model_for_mixed_case_auto_interactively ... ok
test onboard_cli::tests::resolve_model_selection_rejects_blank_custom_override_when_auto_is_hidden ... ok
test onboard_cli::tests::resolve_model_selection_rejects_blank_explicit_model_non_interactively ... ok
test onboard_cli::tests::resolve_model_selection_uses_catalog_choices_when_available_interactively ... ok
test onboard_cli::tests::resolve_prompt_addendum_selection_clears_current_addendum_when_dash_input_is_used ... ok
test onboard_cli::tests::resolve_prompt_addendum_selection_keeps_current_addendum_when_blank_input_is_used ... ok
test onboard_cli::tests::resolve_prompt_addendum_selection_uses_allow_empty_prompt_path_for_blank_first_run_input ... ok
test onboard_cli::tests::resolve_prompt_addendum_selection_uses_allow_empty_prompt_path_for_clear_input ... ok
test onboard_cli::tests::resolve_provider_selection_allows_switching_step_plan_region_endpoint ... ok
test onboard_cli::tests::resolve_provider_selection_keeps_zai_available_in_interactive_list ... ok
test onboard_cli::tests::resolve_provider_selection_preserves_existing_custom_base_url_by_default ... ok
test onboard_cli::tests::resolve_provider_selection_preserves_existing_region_endpoint_default ... ok
test onboard_cli::tests::resolve_provider_selection_preserves_kimi_coding_default_variant ... ok
test onboard_cli::tests::resolve_provider_selection_preserves_step_plan_default_variant ... ok
test onboard_cli::tests::resolve_provider_selection_prompts_for_custom_base_url_when_unresolved ... ok
test onboard_cli::tests::resolve_provider_selection_rejects_invalid_custom_base_url ... ok
test onboard_cli::tests::resolve_select_one_eof_errors_when_selection_is_required ... ok
test onboard_cli::tests::resolve_select_one_eof_returns_default_when_available ... ok
test onboard_cli::tests::resolve_system_prompt_selection_accepts_explicit_clear_token_in_interactive_mode ... ok
test onboard_cli::tests::resolve_system_prompt_selection_keeps_current_prompt_when_interactive_default_is_used ... ok
test onboard_cli::tests::resolve_system_prompt_selection_keeps_prefilled_override_when_interactive_default_is_used ... ok
test onboard_cli::tests::resolve_web_search_credential_selection_accepts_clear_token_interactively ... ok
test onboard_cli::tests::resolve_web_search_credential_selection_keeps_inline_secret_on_blank_input ... ok
test onboard_cli::tests::resolve_web_search_credential_selection_reprompts_after_secret_literal_interactively ... ok
test onboard_cli::tests::resolve_web_search_credential_selection_uses_explicit_option_non_interactively ... ok
test gateway::openai_compat::tests::gateway_openai_chat_completion_returns_streaming_sse_response ... ok
test onboard_cli::tests::provider_credential_check_accepts_x_api_key_provider_env_credentials ... ok
test onboard_cli::tests::provider_credential_check_adds_volcengine_auth_guidance_when_missing ... ok
test onboard_cli::tests::recommend_web_search_provider_from_available_credentials_prefers_unique_ready_provider ... ok
test onboard_cli::tests::recommend_web_search_provider_from_available_credentials_returns_none_when_multiple_ready ... ok
test onboard_cli::tests::resolve_effective_web_search_default_provider_falls_back_for_detected_tavily_without_credential ... ok
test onboard_cli::tests::resolve_web_search_provider_selection_keeps_current_provider_on_blank_interactive_input_when_recommendation_differs ... ok
test onboard_cli::tests::select_non_interactive_starting_config_uses_sorted_detected_candidate_priority ... ok
test onboard_cli::tests::single_line_prompt_capture_drains_follow_up_paste_before_next_prompt ... ok
test onboard_cli::tests::rollback_removes_partial_first_write_config ... ok
test onboard_cli::tests::stdio_onboard_line_reader_warns_once_when_background_spawn_fails ... ok
test onboard_cli::tests::stdio_onboard_ui_starts_without_initializing_line_reader ... ok
test onboard_cli::tests::system_prompt_screen_mentions_single_line_terminal_input ... ok
test onboard_cli::tests::test_onboard_ui_prompt_required_trims_input_like_stdio ... ok
test onboard_cli::tests::test_onboard_ui_prompt_with_default_only_checks_user_input_for_cancel ... ok
test onboard_cli::tests::test_onboard_ui_select_one_accepts_legacy_personality_alias_input ... ok
test onboard_cli::tests::test_onboard_ui_select_one_accepts_slug_input ... ok
test onboard_cli::tests::test_onboard_ui_select_one_cancels_on_escape_input ... ok
test onboard_cli::tests::validate_select_one_state_rejects_empty_options ... ok
test onboard_cli::tests::validate_select_one_state_rejects_out_of_bounds_default ... ok
test onboard_cli::tests::write_confirmation_screen_footer_mentions_escape_cancel ... ok
test onboard_cli::tests::resolve_write_plan_uses_select_widget_for_existing_config ... ok
test onboard_cli::volcengine_coding_plan_catalog_tests::volcengine_coding_plan_domestic_static_catalog_detects_cn_beijing_coding_v3 ... ok
test onboard_cli::volcengine_coding_plan_catalog_tests::volcengine_coding_plan_domestic_static_catalog_rejects_non_coding_plan_endpoints ... ok
test onboard_cli::volcengine_coding_plan_catalog_tests::volcengine_coding_plan_domestic_static_catalog_rejects_proxy_path ... ok
test onboard_web_search::tests::build_onboard_probe_client_returns_none_when_ssrf_safe_client_build_fails ... ok
test onboard_web_search::tests::configured_web_search_provider_secret_reads_firecrawl_field ... ok
test onboard_web_search::tests::resolve_effective_web_search_default_provider_keeps_explicit_interactive_override ... ok
test onboard_web_search::tests::resolve_effective_web_search_default_provider_keeps_current_interactive_provider_for_detected_recommendations ... ok
test onboarding_model_policy::tests::onboarding_model_catalog_choices_keep_default_first_and_deduplicate ... ok
test onboarding_model_policy::tests::onboarding_model_selection_context_hides_duplicate_reviewed_model_note ... ok
test onboarding_model_policy::tests::onboarding_model_selection_context_surfaces_preferred_fallback_hint ... ok
test onboarding_model_policy::tests::resolve_onboarding_model_prompt_default_keeps_auto_for_unreviewed_provider ... ok
test onboarding_model_policy::tests::resolve_onboarding_model_prompt_default_keeps_explicit_model ... ok
test onboarding_model_policy::tests::resolve_onboarding_model_prompt_default_prefers_explicit_override ... ok
test onboarding_model_policy::tests::resolve_onboarding_model_prompt_default_rejects_blank_override ... ok
test onboarding_model_policy::tests::resolve_onboarding_model_prompt_default_uses_reviewed_default_for_auto ... ok
test onboard_cli::tests::shortcut_screen_footer_mentions_escape_cancel ... ok
test onboard_cli::tests::shortcut_header_footer_mentions_escape_cancel ... ok
test onboarding_model_policy::tests::resolve_onboarding_model_prompt_default_uses_xiaomi_reviewed_default_for_auto ... ok
test onboard_cli::tests::run_preflight_checks_fail_for_invalid_provider_credential_env_value ... ok
test onboard_cli::tests::run_preflight_checks_includes_provider_transport_review_for_responses_compatibility_mode ... ok
test personalize_cli::tests::personalize_cli_empty_save_without_existing_preferences_is_invalid ... ok
test personalize_cli::tests::personalize_cli_empty_save_does_not_clear_suppressed_state_without_preferences ... ok
test personalize_cli::tests::personalize_cli_declined_memory_profile_upgrade_still_saves_preferences ... ok
test personalize_cli::tests::personalize_cli_save_allows_clearing_existing_enum_fields ... ok
test personalize_cli::tests::personalize_cli_save_allows_clearing_existing_text_fields ... ok
test personalize_cli::tests::personalize_cli_save_clears_personalization_when_all_existing_fields_are_removed ... ok
test personalize_cli::tests::personalize_cli_save_from_suppressed_state_prints_reenable_guidance ... ok
test plugin_bridge_account_summary::tests::plugin_bridge_account_summary_renders_mixed_multi_account_surface ... ok
test plugin_bridge_account_summary::tests::plugin_bridge_snapshot_blocker_reason_ignores_external_plugin_unsupported_contract ... ok
test plugin_bridge_account_summary::tests::plugin_bridge_snapshot_blocker_reason_keeps_unsupported_without_external_plugin_owner ... ok
test plugins_cli::tests::build_policy_signature_spec_requires_complete_pair ... ok
test personalize_cli::tests::personalize_cli_skip_leaves_config_untouched ... ok
test personalize_cli::tests::personalize_cli_save_updates_config_and_memory_profile ... ok
test plugins_cli::tests::execute_plugins_bridge_profiles_returns_bundled_profiles ... ok
test personalize_cli::tests::personalize_cli_suppress_persists_prompt_state_without_preferences ... ok
test plugins_cli::tests::execute_plugins_actions_filters_operator_action_plan ... ok
test plugins_cli::tests::execute_plugins_init_process_stdio_scaffold_retains_source_language ... ok
test plugins_cli::tests::execute_plugins_init_rejects_invalid_semver_version ... ok
test plugins_cli::tests::execute_plugins_init_rejects_non_empty_package_root ... ok
test plugins_cli::tests::execute_plugins_init_requires_source_language_for_process_stdio ... ok
test plugins_cli::tests::execute_plugins_bridge_template_materializes_aligned_active_profile ... ok
test personalize_cli::tests::personalize_cli_suppress_preserves_existing_preferences ... ok
test plugins_cli::tests::execute_plugins_doctor_defaults_to_sdk_release_and_surfaces_author_actions ... ok
test plugins_cli::tests::execute_plugins_bridge_template_materializes_custom_delta_and_writes_output ... ok
test plugins_cli::tests::execute_plugins_init_scaffolds_http_json_package_manifest ... ok
test plugins_cli::tests::execute_plugins_inventory_surfaces_manifest_first_openclaw_package_truth ... ok
test plugins_cli::tests::normalize_scan_roots_deduplicates_and_rejects_empty_input ... ok
test plugins_cli::tests::summarize_filtered_actions_counts_surface_kind_and_reload ... ok
test plugins_cli::tests::wrap_plugins_surface_text_uses_operator_header ... ok
test plugins_cli::tests::write_plugin_scaffold_files_rolls_back_manifest_when_readme_write_fails ... ok
test plugins_cli::tests::execute_plugins_preflight_accepts_bridge_support_delta_artifact_and_suppresses_repeat_delta_recommendation ... ok
test plugins_cli::tests::execute_plugins_preflight_recommends_custom_bridge_profile_delta_for_python_openclaw_plugins ... ok
test provider_credential_policy::tests::provider_credential_env_hints_prioritize_oauth_defaults ... ok
test provider_credential_policy::tests::provider_has_configured_auth_header_accepts_header_only_auth ... ok
test provider_credential_policy::tests::provider_has_locally_available_credentials_accepts_header_only_x_api_key_providers ... ok
test plugins_cli::tests::execute_plugins_preflight_recommends_openclaw_bridge_profile_without_active_profile ... ok
test provider_credential_policy::tests::provider_is_credential_ready_accepts_auth_optional_providers ... ok
test plugins_cli::tests::execute_plugins_preflight_uses_bundled_openclaw_bridge_profile ... ok
test provider_credential_policy::tests::render_provider_credential_source_value_redacts_invalid_env_names ... ok
test provider_model_probe_policy::tests::provider_model_probe_failure_appends_region_hint_for_auth_failures ... ok
test provider_model_probe_policy::tests::provider_model_probe_failure_marks_transport_route_failures ... ok
test provider_model_probe_policy::tests::provider_model_probe_failure_preserves_reviewed_model_recovery ... ok
test provider_model_probe_policy::tests::provider_model_probe_failure_preserves_xiaomi_reviewed_model_recovery ... ok
test provider_model_probe_policy::tests::provider_model_probe_recovery_advice_keeps_region_hint_for_auth_failures ... ok
test provider_model_probe_policy::tests::provider_model_probe_recovery_advice_preserves_reviewed_default_recovery ... ok
test provider_model_probe_policy::tests::provider_model_probe_recovery_advice_reconstructs_transport_failures_from_detail ... ok
test provider_credential_policy::tests::selected_provider_credential_env_field_prefers_configured_binding_on_overlap ... ok
test provider_route_diagnostics::tests::summarize_provider_route_probe_reports_connect_failures ... ok
test provider_route_diagnostics::tests::summarize_provider_route_probe_reports_dns_failures ... ok
test provider_route_diagnostics::tests::summarize_provider_route_probe_warns_for_fake_ip_style_dns ... ok
test provider_route_diagnostics::tests::transport_style_model_probe_failure_detection_ignores_status_errors ... ok
test runtime_restore_cli::tests::render_runtime_restore_text_uses_operator_surface_header ... ok
test runtime_snapshot_restore_spec_tests::runtime_snapshot_provider_header_safety_uses_explicit_safe_names_only ... ok
test runtime_snapshot_restore_spec_tests::runtime_snapshot_restore_managed_skills_keeps_entries_without_display_metadata ... ok
test runtime_snapshot_restore_spec_tests::runtime_snapshot_restore_normalization_canonicalizes_matching_explicit_env_reference ... ok
test runtime_snapshot_restore_spec_tests::runtime_snapshot_restore_normalization_moves_provider_env_name_fields_into_secret_refs ... ok
test runtime_snapshot_restore_spec_tests::runtime_snapshot_restore_normalization_prefers_explicit_env_reference_over_legacy_env_field ... ok
test runtime_snapshot_restore_spec_tests::runtime_snapshot_restore_normalization_treats_blank_inline_secret_as_absent ... ok
test runtime_snapshot_restore_spec_tests::runtime_snapshot_tool_runtime_json_reports_browser_execution_tiers ... ok
test runtime_snapshot_restore_spec_tests::runtime_web_access_summary_accepts_firecrawl_credentials ... ok
test runtime_snapshot_restore_spec_tests::runtime_web_access_summary_distinguishes_network_from_query_search_credentials ... ok
test runtime_trajectory_cli::tests::runtime_trajectory_runtime_errors_use_grouped_namespace ... ok
test session_cli::tests::session_search_errors_use_grouped_runtime_namespace ... ok
test sessions_cli::tests::build_session_heal_plan_adds_turn_checkpoint_repair_action_when_runtime_repair_is_possible ... ok
test sessions_cli::tests::build_session_heal_plan_marks_manual_checkpoint_recovery_as_observe_only ... ok
test sessions_cli::tests::build_session_heal_plan_preserves_task_surface_commands_for_resume_recipes ... ok
test sessions_cli::tests::render_session_heal_plan_lines_surface_actions_and_hints ... ok
test sessions_cli::tests::render_session_inspection_lines_includes_diagnostics_summaries ... ok
test status_cli::tests::build_status_cli_recipes_use_grouped_runtime_commands ... ok
test status_cli::tests::collect_status_runtime_attention_actions_include_duplicate_runtime_winner ... ok
test status_cli::tests::collect_status_runtime_attention_actions_prefers_managed_bridge_runtime_diagnostics ... ok
test status_cli::tests::query_search_checklist_status_treats_disabled_mode_as_non_degraded ... ok
test status_cli::tests::render_status_cli_text_lists_channel_runtime_attention_section ... ok
test status_cli::tests::render_status_cli_text_surfaces_drill_down_recipes ... ok
test status_cli::tests::select_gateway_owner_status_for_config_ignores_mismatched_gateway_owner ... ok
test status_cli::tests::select_gateway_owner_status_for_config_keeps_matching_gateway_owner ... ok
test supervisor::tests::background_surface_failure_marks_runtime_owner_failed ... ok
test supervisor::tests::background_surface_startup_records_start_timestamp_and_running_phase ... ok
test supervisor::tests::child_stop_without_shutdown_request_returns_failure_result ... ok
test supervisor::tests::duplicate_shutdown_request_preserves_original_reason_and_terminal_phase ... ok
test supervisor::tests::failed_child_later_reporting_stopped_preserves_failure_phase_and_result ... ok
test supervisor::tests::final_exit_reason_is_recorded_for_failed_child ... ok
test supervisor::tests::first_surface_failure_remains_root_cause_when_sibling_fails_during_unwind ... ok
test supervisor::tests::graceful_shutdown_marks_running_children_stopping_then_stopped ... ok
test supervisor::tests::late_failure_after_failure_unwind_stop_does_not_rewrite_surface_state ... ok
test supervisor::tests::late_failure_after_requested_shutdown_does_not_rewrite_clean_stop ... ok
test supervisor::tests::loaded_multi_channel_spec_includes_all_enabled_runtime_backed_service_channels ... ok
test supervisor::tests::loaded_multi_channel_spec_rejects_duplicate_channel_account_overrides ... ok
test supervisor::tests::production_run_cli_host_uses_gateway_thread_contract ... ok
test supervisor::tests::shutdown_while_surface_is_starting_does_not_allow_late_running_transition ... ok
test supervisor::tests::sibling_failure_stops_starting_surface_and_rejects_late_running_transition ... ok
test task_execution::tests::daemon_runtime_kernel_rejects_invalid_turn_payload_instead_of_using_stub_echo ... ok
test task_execution::tests::daemon_task_execution_serializes_supervisor_state_for_cli_output ... ok
test task_execution::tests::execute_daemon_task_with_supervisor_preserves_faulted_state_on_dispatch_error ... ok
test task_execution::tests::execute_daemon_task_with_supervisor_reports_completed_state ... ok
test tasks_cli::tests::best_effort_task_approvals_payload_falls_back_when_session_tools_are_disabled ... ok
test tasks_cli::tests::best_effort_task_tool_policy_payload_falls_back_when_session_tools_are_disabled ... ok
test tasks_cli::tests::bootstrap_tasks_runtime_kernel_provides_kernel_bound_binding ... ok
test tasks_cli::tests::build_task_status_payload_marks_failed_task_as_recovered_when_event_present ... ok
test tasks_cli::tests::build_task_status_payload_marks_overdue_task_recoverable ... ok
test tasks_cli::tests::build_task_status_payload_uses_approval_action_and_tool_narrowing_signal ... ok
test tasks_cli::tests::compose_task_detail_payload_keeps_core_status_truth_when_secondary_lookups_degrade ... ok
test tasks_cli::tests::render_task_brief_line_prefers_derived_task_status_summary ... ok
test tasks_cli::tests::render_task_detail_lines_surface_task_status_summary ... ok
test test_support::tests::daemon_guard_scan_roots_include_daemon_tests_directory ... ok
test test_support::tests::daemon_source_guard_accepts_daemon_scoped_env_reference ... ok
test test_support::tests::daemon_source_guard_allows_non_scoped_env_helper_via_forbidden_glob_import ... ok
test test_support::tests::daemon_source_guard_allows_non_scoped_env_helper_via_forbidden_module_alias ... ok
test test_support::tests::daemon_source_guard_allows_super_scoped_env_import_without_unbounded_growth ... ok
test test_support::tests::daemon_source_guard_flags_alias_to_forbidden_app_root_module ... ok
test test_support::tests::daemon_source_guard_flags_alias_to_forbidden_mvp_root_module ... ok
test test_support::tests::daemon_source_guard_flags_alias_to_forbidden_scoped_env_item ... ok
test test_support::tests::daemon_source_guard_flags_alias_to_forbidden_test_support_module ... ok
test test_support::tests::daemon_source_guard_flags_glob_import_from_later_root_alias_before_function_use ... ok
test test_support::tests::daemon_source_guard_flags_glob_import_from_later_root_alias_inside_nested_module ... ok
test test_support::tests::daemon_source_guard_flags_import_only_scoped_env_from_later_root_alias ... ok
test test_support::tests::daemon_source_guard_flags_long_alias_chain_to_forbidden_root_module ... ok
test test_support::tests::daemon_source_guard_flags_loong_app_scoped_env_reference ... ok
test test_support::tests::daemon_source_guard_flags_multiline_mvp_scoped_env_brace_import ... ok
test test_support::tests::daemon_source_guard_flags_mvp_scoped_env_brace_import ... ok
test test_support::tests::daemon_source_guard_flags_mvp_scoped_env_reference ... ok
test test_support::tests::daemon_source_guard_flags_parent_qualified_scoped_env_via_forbidden_glob_import ... ok
test test_support::tests::daemon_source_guard_flags_same_name_root_alias_without_unbounded_growth ... ok
test test_support::tests::daemon_source_guard_flags_scoped_env_usage_via_forbidden_glob_import ... ok
test test_support::tests::daemon_source_guard_flags_self_qualified_path_from_later_root_alias_inside_nested_module ... ok
test test_support::tests::daemon_source_guard_flags_self_qualified_scoped_env_via_forbidden_glob_import ... ok
test test_support::tests::daemon_source_guard_ignores_comment_mentions ... ok
test test_support::tests::daemon_source_guard_ignores_string_literal_mentions ... ok
test gateway::openai_compat::tests::gateway_openai_chat_completion_streaming_failure_emits_error_chunk ... ok
test onboard_web_search::tests::resolve_web_search_provider_recommendation_detects_unique_ready_credential_without_explicit_default_provider ... ok
test onboard_web_search::tests::resolve_web_search_provider_recommendation_keeps_explicitly_configured_default_provider ... ok
test tlon_cli::tests::tlon_send_cli_accepts_conversation_target_kind ... ok
test tlon_cli::tests::tlon_send_cli_rejects_non_conversation_target_kind ... ok
test tlon_cli::tests::tlon_send_cli_requires_target ... ok
test tool_calling_readiness::tests::tool_calling_state_is_degraded_when_tool_schema_is_disabled ... ok
test tool_calling_readiness::tests::tool_calling_state_is_inactive_when_no_tools_are_visible ... ok
test update_cli::tests::install_prefix_for_current_executable_uses_parent_directory ... ok
test update_cli::tests::parse_latest_stable_release_response_accepts_stable_release ... ok
test update_cli::tests::parse_latest_stable_release_response_rejects_draft_release ... ok
test update_cli::tests::parse_latest_stable_release_response_rejects_prerelease ... ok
test update_cli::tests::parse_latest_stable_release_response_requires_tag_name ... ok
test update_cli::tests::stable_release_script_url_points_at_release_download_asset ... ok
test provider_credential_policy::tests::provider_available_credential_env_binding_preserves_oauth_env_bindings ... ok
test provider_credential_policy::tests::provider_available_credential_env_binding_uses_first_populated_env_hint ... ok
test provider_credential_policy::tests::provider_has_locally_available_credentials_accepts_x_api_key_providers ... ok
test provider_presentation::tests::provider_credential_state_accepts_x_api_key_provider_env_credentials ... ok
test gateway::openai_compat::tests::gateway_openai_chat_completion_streaming_persists_turn_history_through_gateway_runtime ... ok
test test_support::tests::scoped_env_remove_restores_original_value ... ok
test gateway::openai_compat::tests::gateway_openai_chat_completion_streaming_uses_provider_events_when_available ... ok
test gateway::openai_compat::tests::gateway_openai_chat_completion_surfaces_provider_usage_in_non_streaming_response ... ok
test test_support::tests::daemon_test_env_source_files_do_not_use_app_scoped_env_guard ... ok
test gateway::openai_compat::tests::gateway_openai_models_disambiguate_duplicate_model_ids_by_profile ... ok

test result: ok. 725 passed; 0 failed; 0 ignored; 0 measured; 0 filtered out; finished in 12.61s

     Running unittests src\main.rs (target\debug\deps\loong-e3cbafacb0b1c0f3.exe)

running 10 tests
test tests::command_kind_uses_stable_snake_case_labels ... ok
test tests::redacted_command_name_handles_unit_variants ... ok
test tests::redacted_command_name_omits_struct_field_values ... ok
test tests::resolve_tokio_worker_thread_stack_size_rejects_huge_override ... ok
test tests::resolve_tokio_worker_thread_stack_size_accepts_explicit_override ... ok
test tests::error_code_extracts_stable_prefixes_only ... ok
test tests::resolve_tokio_worker_thread_stack_size_rejects_invalid_override ... ok
test tests::resolve_tokio_worker_thread_stack_size_rejects_zero_override ... ok
test tests::resolve_tokio_worker_thread_stack_size_keeps_default_for_non_serve_commands ... ok
test tests::resolve_tokio_worker_thread_stack_size_uses_debug_default_for_grouped_channel_serve ... ok

test result: ok. 10 passed; 0 failed; 0 ignored; 0 measured; 0 filtered out; finished in 0.00s

     Running tests\integration.rs (target\debug\deps\integration-f7e74b80fe5587a1.exe)

running 989 tests
test integration::acp::acp_dispatch_decision_json_keeps_reason_and_structured_target ... ok
test integration::acp::acp_control_plane_json_keeps_emit_runtime_events_flag ... ok
test integration::acp::acp_dispatch_decision_json_includes_automatic_routing_origin_when_allowed ... ok
test integration::acp::acp_manager_observability_json_keeps_turn_and_cache_metrics ... ok
test integration::acp::acp_session_status_json_keeps_queue_and_error_fields ... ok
test integration::acp::acp_session_metadata_json_keeps_activation_provenance_contract ... ok
test integration::acp::acp_event_summary_json_keeps_counts_and_last_fields ... ok
test integration::acp::acp_doctor_json_uses_effective_backend_when_cli_overrides_default ... ok
test integration::acp::resolve_acp_status_session_key_rejects_missing_selector ... ok
test integration::architecture::execute_spec_blocks_when_architecture_guard_detects_core_mutation ... ok
test integration::architecture::execute_spec_allows_execution_with_clean_architecture_guard ... ok
test integration::architecture::execute_spec_self_awareness_surfaces_plugin_activation_inventory ... ok
test integration::ask_and_spec_cli_root::ask_cli_accepts_latest_session_selector ... ok
test integration::ask_and_spec_cli_root::ask_cli_accepts_message_session_and_acp_flags ... ok
test integration::ask_and_spec_cli_root::ask_cli_requires_message_flag ... ok
test integration::ask_and_spec_cli_root::cli_import_help_explains_explicit_power_user_flow ... ok
test integration::ask_and_spec_cli_root::cli_ask_help_mentions_one_shot_assistant_usage ... ok
test integration::ask_and_spec_cli_root::cli_migrate_help_explains_explicit_config_import_flow ... ok
test integration::ask_and_spec_cli_root::cli_onboard_help_mentions_detected_reusable_settings ... ok
test integration::ask_and_spec_cli_root::cli_runtime_restore_help_mentions_dry_run_default ... ok
test integration::ask_and_spec_cli_root::cli_uses_loong_program_name ... ok
test integration::ask_and_spec_cli_root::init_spec_cli_accepts_plugin_trust_guard_preset ... ok
test integration::ask_and_spec_cli_root::run_spec_cli_accepts_render_summary_flag ... ok
test integration::ask_cli_accepts_latest_session_selector ... ok
test integration::ask_cli_accepts_message_session_and_acp_flags ... ok
test integration::ask_cli_requires_message_flag ... ok
test integration::audit_cli_discovery_parses_group_by_alias ... ok
test integration::audit_cli_discovery_parses_pack_and_agent_filters ... ok
test integration::audit_cli_discovery_parses_trust_filters_and_aliases ... ok
test integration::audit_cli_recent_parses_event_and_token_filters ... ok
test integration::audit_cli_recent_parses_kind_and_triage_filters ... ok
test integration::audit_cli_recent_parses_global_flags_after_subcommand ... ok
test integration::audit_cli_recent_parses_time_window_filters ... ok
test integration::audit_cli_recent_parses_tool_search_filters ... ok
test integration::audit_cli_root::audit_cli_discovery_parses_pack_and_agent_filters ... ok
test integration::audit_cli_root::audit_cli_discovery_parses_group_by_alias ... ok
test integration::audit_cli_root::audit_cli_discovery_parses_trust_filters_and_aliases ... ok
test integration::audit_cli_root::audit_cli_recent_parses_event_and_token_filters ... ok
test integration::audit_cli_root::audit_cli_recent_parses_global_flags_after_subcommand ... ok
test integration::audit_cli_root::audit_cli_recent_parses_kind_and_triage_filters ... ok
test integration::audit_cli_root::audit_cli_recent_parses_time_window_filters ... ok
test integration::audit_cli_root::audit_cli_recent_parses_tool_search_filters ... ok
test integration::audit_cli_root::audit_cli_summary_parses_group_by_alias ... ok
test integration::audit_cli_root::audit_cli_summary_parses_kind_filter_in_canonical_form ... ok
test integration::audit_cli_root::audit_cli_summary_parses_limit_without_json ... ok
test integration::audit_cli_root::audit_cli_token_trail_parses_required_token_and_identity_filters ... ok
test integration::audit_cli_summary_parses_group_by_alias ... ok
test integration::audit_cli_summary_parses_kind_filter_in_canonical_form ... ok
test integration::audit_cli_summary_parses_limit_without_json ... ok
test integration::audit_cli_token_trail_parses_required_token_and_identity_filters ... ok
test integration::acp::resolve_acp_status_session_key_supports_binding_route_lookup ... ok
test integration::build_channels_cli_json_payload_includes_duplicate_managed_bridge_selection_fields ... ok
test integration::build_channels_cli_json_payload_includes_managed_plugin_bridge_guidance_fields ... ok
test integration::build_channels_cli_json_payload_includes_full_channel_catalog ... ok
test integration::build_channels_cli_json_payload_includes_managed_plugin_bridge_discovery ... ok
test integration::acp::resolve_acp_status_session_key_supports_conversation_lookup ... ok
test integration::build_channels_cli_json_payload_includes_operation_requirement_metadata ... ok
test integration::build_channels_cli_json_payload_includes_onboarding_metadata ... ok
test integration::build_memory_systems_cli_json_payload_includes_runtime_policy ... ok
test integration::build_channels_cli_json_payload_includes_plugin_bridge_contracts ... ok
test integration::build_channels_cli_json_payload_includes_plugin_bridge_stable_targets ... ok
test integration::build_channels_cli_json_payload_includes_runtime_retry_metadata ... ok
test integration::build_channels_cli_json_payload_includes_structured_channel_access_policy_summaries ... ok
test integration::channel_catalog_json::build_channels_cli_json_payload_includes_full_channel_catalog ... ok
test integration::build_channels_cli_json_payload_includes_plugin_bridge_account_summary_for_mixed_multi_account_surface ... ok
test integration::channel_catalog_json::build_channels_cli_json_payload_includes_onboarding_metadata ... ok
test integration::channel_catalog_json::build_channels_cli_json_payload_includes_operation_requirement_metadata ... ok
test integration::channel_catalog_text::render_channel_surfaces_text_reports_aliases_and_operation_health ... ok
test integration::channel_catalog_text::render_channel_surfaces_text_reports_default_account_marker ... ok
test integration::channel_catalog_text::render_channel_surfaces_text_reports_configured_accounts_for_multi_account_channels ... ok
test integration::channel_catalog_text::render_channel_surfaces_text_reports_catalog_only_channels ... ok
test integration::channel_catalog_json::build_channels_cli_json_payload_includes_structured_channel_access_policy_summaries ... ok
test integration::channel_plugin_bridge_json::build_channels_cli_json_payload_includes_duplicate_managed_bridge_selection_fields ... ok
test integration::channel_plugin_bridge_json::build_channels_cli_json_payload_includes_managed_plugin_bridge_guidance_fields ... ok
test integration::channel_plugin_bridge_json::build_channels_cli_json_payload_includes_managed_plugin_bridge_discovery ... ok
test integration::channel_plugin_bridge_text::render_channel_surfaces_text_escapes_untrusted_managed_bridge_values ... ok
test integration::channel_plugin_bridge_json::build_channels_cli_json_payload_includes_plugin_bridge_contracts ... ok
test integration::channel_plugin_bridge_json::build_channels_cli_json_payload_includes_plugin_bridge_stable_targets ... ok
test integration::channel_plugin_bridge_text::render_channel_surfaces_text_groups_plugin_backed_channels_into_their_own_section ... ok
test integration::channel_plugin_bridge_text::render_channel_surfaces_text_reports_plugin_backed_stable_targets ... ok
test integration::channel_plugin_bridge_text::render_channel_surfaces_text_reports_managed_plugin_bridge_ambiguity_and_setup_guidance ... ok
test integration::channel_plugin_bridge_text::render_channel_surfaces_text_reports_managed_plugin_bridge_discovery ... ok
test integration::cli_ask_help_mentions_one_shot_assistant_usage ... ok
test integration::channel_plugin_bridge_json::build_channels_cli_json_payload_includes_plugin_bridge_account_summary_for_mixed_multi_account_surface ... ok
test integration::cli_tests::acp_event_summary_cli_rejects_zero_limit ... ok
test integration::cli_import_help_explains_explicit_power_user_flow ... ok
test integration::cli_migrate_help_explains_explicit_config_import_flow ... ok
test integration::cli_tests::build_acp_dispatch_address_builds_structured_scope ... ok
test integration::cli_runtime_restore_help_mentions_dry_run_default ... ok
test integration::cli_onboard_help_mentions_detected_reusable_settings ... ok
test integration::cli_tests::build_acp_dispatch_address_requires_channel_for_structured_scope ... ok
test integration::cli_tests::benchmark_memory_context_cli_parses_custom_knobs ... ok
test integration::channel_plugin_bridge_text::render_channel_surfaces_text_reports_plugin_bridge_account_summary_for_mixed_multi_account_surface ... ok
test integration::cli_tests::benchmark_memory_context_cli_uses_stable_default_sample_sizes ... ok
test integration::cli_tests::default_channel_send_target_kind_uses_command_family_send_metadata ... ok
test integration::cli_tests::debug_bundle_cli_parses ... ok
test integration::cli_tests::chat_cli_accepts_acp_runtime_option_flags ... ok
test integration::cli_tests::format_acp_event_summary_includes_routing_intent_and_provenance ... ok
test integration::cli_tests::format_u32_rollup_uses_dash_for_empty_map ... ok
test integration::cli_tests::debug_show_cli_parses ... ok
test integration::cli_tests::debug_watch_cli_parses ... ok
test integration::cli_tests::feishu_namespace_send_parses_canonical_shape ... ok
test integration::cli_tests::channels_help_mentions_grouped_send_and_serve_surfaces ... ok
test integration::cli_tests::grouped_channel_serve_accepts_account_and_stop_controls ... ok
test integration::cli_tests::grouped_channels_send_accepts_a_canonical_shape ... ok
test integration::cli_tests::gateway_run_cli_parses_channel_account_selection_flags ... ok
test integration::cli_tests::grouped_channels_serve_accepts_a_canonical_shape ... ok
test integration::cli_tests::memory_systems_cli_parses ... ok
test integration::cli_tests::migrate_cli_parses_apply_selected_flags ... ok
test integration::cli_tests::migrate_cli_parses_discover_mode_with_defaults ... ok
test integration::cli_tests::migrate_cli_requires_mode_flag ... ok
test integration::cli_tests::onboard_cli_accepts_generic_api_key_flag ... ok
test integration::cli_tests::grouped_channels_serve_accepts_bridge_backed_shapes ... ok
test integration::cli_tests::onboard_cli_accepts_memory_profile_flag ... ok
test integration::cli_tests::onboard_cli_accepts_personality_flag ... ok
test integration::cli_tests::onboard_cli_accepts_web_search_api_key_flag ... ok
test integration::cli_tests::onboard_cli_keeps_legacy_api_key_env_alias ... ok
test integration::cli_tests::onboard_cli_accepts_web_search_provider_flag ... ok
test integration::cli_tests::root_help_uses_onboarding_language ... ok
test integration::cli_tests::run_channel_send_cli_forwards_common_arguments_to_runner ... ok
test integration::cli_tests::run_channel_serve_cli_forwards_optional_arguments_to_runner ... ok
test integration::cli_tests::root_help_prefers_grouped_namespaces_and_hides_flat_legacy_aliases ... ok
test integration::cli_tests::runtime_experiment_cli_parses_compare ... ok
test integration::cli_tests::removed_flat_legacy_aliases_now_fail_to_parse ... ok
test integration::cli_tests::runtime_experiment_cli_parses_compare_with_recorded_snapshots ... ok
test integration::cli_tests::runtime_experiment_cli_parses_restore ... ok
test integration::cli_tests::runtime_experiment_cli_rejects_compare_recorded_snapshots_with_manual_paths ... ok
test integration::cli_tests::runtime_experiment_cli_parses_start_finish_and_show ... ok
test integration::cli_tests::runtime_restore_cli_parses ... ok
test integration::cli_tests::runtime_snapshot_cli_parses ... ok
test integration::cli_tests::runtime_trajectory_cli_parses_export_flags ... ok
test integration::cli_tests::runtime_capability_cli_parses_propose_review_show_index_plan_apply_activate_and_rollback ... ok
test integration::cli_tests::runtime_trajectory_cli_parses_show_flags ... ok
test integration::cli_tests::safe_lane_summary_cli_rejects_zero_limit ... ok
test integration::cli_tests::runtime_trajectory_export_help_mentions_export_and_lineage ... ok
test integration::cli_tests::update_subcommand_help_mentions_latest_stable_release_only ... ok
test integration::cli_tests::setup_subcommand_is_removed ... ok
test integration::cli_tests::grouped_channels_serve_bridge_surfaces_fail_with_managed_runtime_errors ... FAILED
test integration::cli_tests::welcome_subcommand_help_advertises_first_run_shortcuts ... ok
test integration::cli_tests::update_subcommand_parses_without_flags ... ok
test integration::cli_uses_loong_program_name ... ok
test integration::cli_tests::root_command_tree_removes_flat_legacy_aliases_entirely ... ok
test integration::doctor_feishu::doctor_ignores_legacy_bitable_default_scope_when_capability_block_is_explicit ... ok
test integration::doctor_feishu::doctor_passes_when_feishu_grant_has_doc_write_scope_without_rerun_hint ... ok
test integration::doctor_feishu::doctor_passes_when_feishu_grant_has_message_write_scope_without_rerun_hint ... ok
test integration::doctor_feishu::doctor_reports_feishu_grant_freshness_when_valid_grant_exists ... ok
test integration::doctor_feishu::doctor_reports_missing_feishu_grant_when_channel_is_enabled ... ok
test integration::doctor_feishu::doctor_warns_when_config_requires_bitable_scope_but_grant_lacks_it ... ok
test integration::doctor_feishu::doctor_skips_write_warnings_when_capabilities_disable_docs_and_messages ... ok
test integration::doctor_feishu::doctor_reports_selected_feishu_grant_when_default_exists ... ok
test integration::doctor_feishu::doctor_warns_when_effective_grant_is_ambiguous_without_selected_default ... ok
test integration::doctor_feishu::doctor_uses_effective_selected_grant_for_freshness_and_scope_checks ... ok
test integration::doctor_feishu::doctor_warns_when_feishu_grant_lacks_doc_write_scope ... ok
test integration::doctor_feishu::doctor_warns_when_feishu_grant_lacks_message_write_scope ... ok
test integration::doctor_feishu::doctor_warns_when_multiple_feishu_grants_exist_without_selected_default ... ok
test integration::doctor_feishu::doctor_warns_when_selected_open_id_is_stale_but_single_grant_routes_implicitly ... ok
test integration::feishu_cli::feishu_auth_list_marks_single_grant_as_effectively_selected ... ok
test integration::feishu_cli::feishu_auth_exchange_sets_selected_open_id_for_new_grant ... ok
test integration::feishu_cli::feishu_auth_list_reports_multiple_grants_for_account ... ok
test integration::feishu_cli::feishu_auth_list_clears_stale_selected_open_id_without_false_selected_flags ... ok
test integration::feishu_cli::feishu_auth_revoke_reports_missing_explicit_open_id ... ok
test integration::feishu_cli::feishu_auth_select_includes_configured_account_in_payload ... ok
test integration::feishu_cli::feishu_auth_select_uses_configured_account_in_missing_grant_error ... ok
test integration::feishu_cli::feishu_auth_select_persists_selected_grant_for_account ... ok
test integration::feishu_cli::feishu_auth_revoke_reports_remaining_effective_grant_after_deleting_selected_grant ... ok
test integration::feishu_cli::feishu_auth_revoke_reports_reselection_needed_when_multiple_grants_remain ... ok
test integration::feishu_cli::feishu_auth_start_capability_can_expand_read_and_write_scope_bundles ... ok
test integration::feishu_cli::feishu_auth_start_can_include_recommended_message_write_scopes ... ok
test integration::feishu_cli::feishu_auth_start_non_json_keeps_manual_flow_for_non_local_redirect_uri ... ok
test integration::cli_tests::bash_completions_surface_grouped_namespaces_without_flat_legacy_aliases ... ok
test integration::feishu_cli::feishu_auth_start_persists_oauth_state_and_authorize_url ... ok
test integration::feishu_cli::feishu_auth_start_prefers_explicit_default_capability_block_over_legacy_default_scopes ... ok
test integration::feishu_cli::feishu_auth_start_uses_config_derived_bitable_scope_without_manual_scope_flags ... ok
test integration::feishu_cli::feishu_auth_status_ignores_legacy_bitable_default_scope_when_capability_block_is_explicit ... ok
test integration::feishu_cli::feishu_auth_status_reports_missing_config_derived_bitable_scope ... ok
test integration::feishu_cli::feishu_auth_status_recommends_account_scoped_reauthorize_for_missing_write_scope ... ok
test integration::feishu_cli::feishu_auth_status_account_scope_clears_stale_selected_open_id ... ok
test integration::feishu_cli::feishu_auth_status_skips_write_gaps_when_capabilities_disable_docs_and_messages ... ok
test integration::feishu_cli::feishu_auth_subcommand_registers_start_exchange_status_and_revoke ... ok
test integration::feishu_cli::feishu_auth_status_with_missing_open_id_reports_available_grants ... ok
test integration::feishu_cli::feishu_auth_status_without_grant_recommends_readonly_auth_start ... ok
test integration::feishu_cli::feishu_bitable_app_copy_posts_copy_body ... ok
test integration::feishu_cli::feishu_auth_status_without_open_id_summarizes_multiple_grants ... ok
test integration::feishu_cli::feishu_bitable_app_create_posts_expected_body ... ok
test integration::feishu_cli::feishu_auth_status_without_open_id_uses_effective_selected_grant_when_present ... ok
test integration::feishu_cli::feishu_bitable_app_get_fetches_expected_path ... ok
test integration::feishu_cli::feishu_bitable_app_list_filters_drive_files_to_bitable ... ok
test integration::feishu_cli::feishu_bitable_app_list_requires_drive_readonly_scope ... ok
test integration::feishu_cli::feishu_bitable_app_patch_sends_patch_body ... ok
test integration::cli_tests::grouped_channels_serve_native_surfaces_fail_with_account_configuration_errors ... ok
test integration::feishu_cli::feishu_bitable_batch_create_records_rejects_more_than_500_items ... ok
test integration::feishu_cli::feishu_bitable_batch_create_records_sends_open_id_query ... ok
test integration::feishu_cli::feishu_bitable_batch_create_tables_posts_name_only_items ... ok
test integration::feishu_cli::feishu_bitable_batch_delete_records_uses_records_body_key ... ok
test integration::feishu_cli::feishu_bitable_batch_update_records_sends_open_id_query ... ok
test integration::feishu_cli::feishu_bitable_create_field_omits_property_for_url_field ... ok
test integration::feishu_cli::feishu_bitable_create_record_sends_post_with_open_id_query ... ok
test integration::feishu_cli::feishu_bitable_create_record_requires_confirmed_write_scope ... ok
test integration::feishu_cli::feishu_bitable_create_record_surfaces_invalid_response_body ... ok
test integration::feishu_cli::feishu_bitable_create_table_omits_property_for_checkbox_and_url_fields ... ok
test integration::feishu_cli::feishu_bitable_delete_field_sends_delete_request ... ok
test integration::feishu_cli::feishu_bitable_delete_record_sends_delete_to_record_path ... ok
test integration::feishu_cli::feishu_bitable_get_view_fetches_expected_path ... ok
test integration::feishu_cli::feishu_bitable_list_fields_preserves_ui_type ... ok
test integration::feishu_cli::feishu_bitable_patch_table_sends_patch_request ... ok
test integration::feishu_cli::feishu_bitable_list_tables_returns_top_level_tables_page ... ok
test integration::feishu_cli::feishu_bitable_list_tables_requires_table_read_scope ... ok
test integration::feishu_cli::feishu_bitable_patch_view_sends_patch_request ... ok
test integration::feishu_cli::feishu_bitable_search_records_supports_automatic_fields ... ok
test integration::feishu_cli::feishu_bitable_update_field_requires_field_name_and_type ... ok
test integration::feishu_cli::feishu_bitable_search_records_requires_confirmed_retrieve_scope ... ok
test integration::feishu_cli::feishu_bitable_update_record_sends_put_with_open_id_query ... ok
test integration::feishu_cli::feishu_bitable_view_list_parses_paginated_items ... ok
test integration::feishu_cli::feishu_command_registers_nested_integration_subcommands ... ok
test integration::feishu_cli::feishu_bitable_view_create_posts_expected_body ... ok
test integration::feishu_cli::feishu_calendar_freebusy_uses_open_id_type_for_implicit_selected_user ... ok
test integration::feishu_cli::feishu_calendar_primary_uses_user_grant_token_and_defaults_open_id ... ok
test integration::feishu_cli::feishu_doc_append_rejects_content_and_content_path_together ... ok
test integration::feishu_cli::feishu_doc_append_reads_html_content_path_and_infers_html_type ... ok
test integration::feishu_cli::feishu_doc_create_reads_content_path_and_infers_markdown_type ... ok
test integration::feishu_cli::feishu_doc_create_reports_doc_write_hint_when_only_message_write_scope_exists ... ok
test integration::feishu_cli::feishu_doc_append_uses_user_grant_token_and_appends_content ... ok
test integration::feishu_cli::feishu_doc_create_uses_user_grant_token_and_inserts_initial_content ... ok
test integration::feishu_cli::feishu_messages_get_fetches_tenant_token_before_im_detail_request ... ok
test integration::feishu_cli::feishu_messages_history_fetches_tenant_token_before_im_request ... ok
test integration::feishu_cli::feishu_messages_resource_downloads_binary_to_output_path ... ok
test integration::feishu_cli::feishu_messages_history_includes_configured_account_in_payload_for_account_alias ... ok
test integration::feishu_cli::feishu_namespace_send_supports_rich_outbound_flags ... ok
test integration::feishu_cli::feishu_read_doc_uses_user_grant_token_directly ... ok
test integration::feishu_cli::feishu_read_doc_requires_open_id_when_multiple_grants_exist_without_selection ... ok
test integration::feishu_cli::feishu_reply_command_supports_post_content ... ok
test integration::feishu_cli::feishu_reply_command_uploads_file_path_and_sends_file_message ... ok
test integration::feishu_cli::feishu_search_messages_uses_user_grant_token_directly ... ok
test integration::feishu_cli::feishu_reply_command_uses_tenant_token_and_thread_flag ... ok
test integration::feishu_cli::feishu_send_command_requires_confirmed_write_scope ... ok
test integration::feishu_cli::feishu_send_command_supports_post_content ... ok
test integration::feishu_cli::feishu_send_command_uploads_image_path_and_sends_image_message ... ok
test integration::feishu_cli::feishu_send_command_uses_tenant_token_receive_id_override_and_uuid ... ok
test integration::ask_cli::ask_cli_latest_session_selector_process_rejects_missing_resumable_root ... ok
test integration::feishu_cli::feishu_whoami_reports_ambiguous_runtime_account_id_for_multiple_configured_aliases ... ok
test integration::feishu_cli::feishu_whoami_accepts_unique_runtime_account_id_for_configured_alias ... ok
test integration::feishu_cli::feishu_whoami_includes_configured_account_in_payload_for_account_alias ... ok
test integration::gateway_api_acp::gateway_acp_dispatch_returns_read_model_payload ... ok
test integration::gateway_api_acp::gateway_acp_dispatch_returns_service_unavailable_when_acp_disabled ... ok
test integration::gateway_api_acp::gateway_acp_observability_rejects_missing_auth ... ok
test integration::feishu_cli::feishu_whoami_refreshes_expired_grant_and_updates_store ... ok
test integration::feishu_cli::feishu_whoami_reports_missing_explicit_open_id ... ok
test integration::feishu_cli::feishu_whoami_requires_open_id_when_multiple_grants_exist_without_selection ... ok
test integration::gateway_api_events::gateway_sse_rejects_missing_auth ... ok
test integration::gateway_api_acp::gateway_acp_status_returns_service_unavailable_when_acp_disabled ... ok
test integration::gateway_api_health::gateway_health_requires_no_auth ... ok
test integration::gateway_api_events::gateway_sse_stream_returns_event_stream_content_type ... ok
test integration::gateway_api_health::gateway_health_returns_ok ... ok
test integration::gateway_api_pairing::gateway_pairing_complete_rejects_invalid_signature ... ok
test integration::gateway_api_pairing::gateway_pairing_requests_reject_missing_auth ... ok
test integration::gateway_api_pairing::gateway_pairing_session_and_events_reject_invalid_session_token ... ok
test integration::gateway_api_acp::gateway_acp_status_returns_not_found_for_unregistered_session ... ok
test integration::gateway_api_pairing::gateway_pairing_start_resolve_and_complete_reject_missing_auth ... ok
test integration::gateway_api_acp::gateway_acp_observability_returns_snapshot_json ... ok
test integration::feishu_cli::feishu_resource_subcommands_parse ... ok
test integration::gateway_api_turn::gateway_turn_accepts_structured_session_scope_before_backend_check ... ok
test integration::gateway_api_turn::gateway_turn_rejects_channel_scope_without_conversation_id ... ok
test integration::gateway_api_turn::gateway_turn_rejects_empty_input ... ok
test integration::gateway_api_turn::gateway_turn_rejects_missing_auth ... ok
test integration::gateway_api_turn::gateway_turn_rejects_missing_session_id ... ok
test integration::gateway_api_turn::gateway_turn_returns_503_when_no_acp_backend ... ok
test integration::gateway_nodes::gateway_nodes_reject_missing_auth ... ok
test integration::gateway_api_pairing::gateway_pairing_requests_and_resolve_roundtrip_pending_request ... ok
test integration::gateway_api_pairing::gateway_pairing_session_routes_require_session_token_and_surface_missing_event_bus ... ok
test integration::gateway_nodes::gateway_nodes_return_paired_devices_and_managed_bridges ... ok
test integration::feishu_cli::feishu_doc_append_supports_oversized_table_subtree ... ok
test integration::feishu_cli::feishu_doc_append_supports_oversized_grid_subtree ... ok
test integration::feishu_cli::feishu_doc_append_supports_oversized_callout_subtree ... ok
test integration::ask_cli::ask_cli_latest_session_selector_process_uses_selected_root_session_history ... ok
test integration::gateway_api_turn::gateway_acp_operator_endpoints_surface_shared_session_truth ... ok
test integration::gateway_api_turn::gateway_run_turn_persists_acp_session_metadata_into_configured_sqlite_store ... ok
test integration::gateway_read_models::gateway_read_model_acp_dispatch_keeps_structured_address_and_target ... ok
test integration::gateway_read_models::gateway_read_model_acp_observability_keeps_rollups_and_provenance ... ok
test integration::gateway_read_models::gateway_read_model_acp_session_list_keeps_metadata_and_counts ... ok
test integration::gateway_read_models::gateway_read_model_acp_status_keeps_requested_and_resolved_session_fields ... ok
test integration::gateway_read_models::gateway_read_model_channel_inventory_matches_channel_cli_contract ... ok
test integration::gateway_read_models::gateway_read_model_operator_summary_keeps_owner_control_and_runtime_rollups ... ok
test integration::gateway_read_models::gateway_read_model_runtime_snapshot_embeds_inventory_and_tool_summary ... ok
test integration::gateway_owner_state::gateway_owner_state_headless_run_claims_slot_and_stops_via_stop_request ... ok
test integration::gateway_owner_state::gateway_owner_state_local_client_channels_and_operator_summary_keep_plugin_backed_parity ... ok
test integration::gateway_owner_state::gateway_owner_state_local_client_discovers_owner_reads_summary_and_stops_runtime ... ok
test integration::gateway_owner_state::gateway_owner_state_multi_channel_compat_records_wrapper_mode_and_session ... ok
test integration::import_cli::import_cli_apply_accepts_single_selected_source_without_recommended_plan ... ok
test integration::import_cli::import_cli_apply_candidate_rejects_conflicting_plugin_bridge_install_root ... ok
test integration::import_cli::import_cli_apply_prefers_recommended_plan_when_multiple_candidates_exist ... ok
test integration::gateway_owner_state::gateway_owner_state_rejects_second_active_owner_slot ... ok
test integration::import_cli::import_cli_apply_reports_ambiguous_sources_when_from_filter_still_matches_multiple_candidates ... ok
test integration::import_cli::import_cli_apply_requires_explicit_source_without_recommended_plan ... ok
test integration::import_cli::import_cli_apply_selected_channels_supplements_existing_channel_fields ... ok
test integration::import_cli::import_cli_apply_selected_domains_preserves_unselected_existing_values ... ok
test integration::import_cli::import_cli_apply_summary_distinguishes_new_config_creation ... ok
test integration::import_cli::import_cli_apply_summary_includes_registry_channel_actions ... ok
test integration::import_cli::import_cli_apply_summary_prefers_managed_bridge_doctor_handoff_when_preflight_blocks ... ok
test integration::import_cli::import_cli_apply_summary_reports_active_provider_and_saved_profiles ... ok
test integration::import_cli::import_cli_apply_summary_shell_quotes_config_paths_with_single_quotes ... ok
test integration::import_cli::import_cli_apply_summary_shell_wraps_saved_setup_in_operator_surface ... ok
test integration::gateway_owner_state::gateway_owner_state_second_owner_attempt_preserves_pending_stop_request ... ok
test integration::import_cli::import_cli_apply_summary_surfaces_transport_summary ... ok
test integration::import_cli::import_cli_apply_summary_uses_channel_handoff_when_cli_is_disabled ... ok
test integration::import_cli::import_cli_apply_summary_wraps_long_path_and_domains_for_narrow_width ... ok
test integration::gateway_owner_state::gateway_owner_state_turn_endpoint_rejects_when_acp_disabled_by_policy ... ok
test integration::import_cli::import_cli_json_preview_includes_provider_choice_transport ... ok
test integration::import_cli::import_cli_json_preview_includes_provider_selection_requirements ... ok
test integration::import_cli::import_cli_json_preview_includes_source_path_for_path_level_selection ... ok
test integration::import_cli::import_cli_json_preview_redacts_config_secrets ... ok
test integration::import_cli::import_cli_parse_domain_selector_accepts_known_values ... ok
test integration::import_cli::import_cli_parse_source_selector_accepts_known_values ... ok
test integration::import_cli::import_cli_parse_source_selector_rejects_non_importable_values ... ok
test integration::import_cli::import_cli_preview_json_reports_provider_profiles_and_active_provider ... ok
test integration::import_cli::import_cli_provider_selection_accepts_manual_choice_for_unresolved_recommended_plan ... ok
test integration::import_cli::import_cli_provider_selection_reports_ambiguous_model_selector ... ok
test integration::import_cli::import_cli_provider_selection_requires_explicit_choice_for_unresolved_recommended_plan ... ok
test integration::import_cli::import_cli_provider_selection_unknown_selector_lists_accepted_selectors ... ok
test integration::ask_cli::ask_cli_latest_session_selector_process_wait_budget_starts_with_process_run ... ok
test integration::build_channels_cli_json_payload_includes_grouped_channel_surfaces ... ok
test integration::import_cli::import_cli_render_preview_includes_brand_header_and_title ... ok
test integration::import_cli::import_cli_render_preview_keeps_provider_choice_transport_visible_on_wide_width ... ok
test integration::import_cli::import_cli_render_preview_labels_candidate_position_when_multiple_candidates ... ok
test integration::import_cli::import_cli_render_preview_lists_domain_status_and_source ... ok
test integration::channel_catalog_json::build_channels_cli_json_payload_includes_grouped_channel_surfaces ... ok
test integration::import_cli::import_cli_render_preview_shell_wraps_candidate_in_operator_surface ... ok
test integration::import_cli::import_cli_render_preview_surfaces_responses_transport_for_provider_candidate ... ok
test integration::gateway_owner_state::gateway_owner_state_localhost_control_surface_requires_auth_and_stops_runtime ... ok
test integration::import_cli::import_cli_resolve_selected_domains_respects_include_and_exclude ... ok
test integration::import_cli::import_cli_applies_codex_source_and_imported_config_is_usable ... ok
test integration::import_cli::import_cli_supported_selector_lists_stay_canonical ... ok
test integration::import_cli::import_cli_surface_matches_future_channel_surfaces_without_hardcoded_names ... ok
test integration::import_cli::provider_selection_recommendation_hint_prefers_short_human_selectors ... ok
test integration::import_cli::provider_selection_resolve_choice_by_kind_prefers_default_profile_id ... ok
test integration::import_cli::provider_selection_resolve_choice_by_model_accepts_unique_model_name ... ok
test integration::import_cli::provider_selection_resolve_choice_by_model_suffix_accepts_unique_suffix ... ok
test integration::init_spec_cli_accepts_plugin_trust_guard_preset ... ok
test integration::logging::validate_config_logging_redacts_raw_config_path_from_tracing_fields ... ok
test integration::import_cli::import_cli_applies_codex_source_and_imported_turn_falls_back_from_responses ... ok
test integration::managed_bridge_parity::managed_bridge_parity_keeps_summary_aligned_across_text_json_and_operator_views ... ok
test integration::mcp::build_mcp_server_detail_cli_json_payload_wraps_single_server ... ok
test integration::mcp::build_mcp_servers_cli_json_payload_includes_server_status_and_missing_selection ... ok
test integration::mcp::list_mcp_servers_cli_parses_json_flag ... ok
test integration::mcp::show_mcp_server_cli_parses_name_and_json_flag ... ok
test integration::memory_context_benchmark_cli::memory_context_benchmark_rejects_history_not_exceeding_window ... ok
test integration::memory_context_benchmark_cli::memory_context_benchmark_rejects_history_without_shrink_catch_up_headroom ... ok
test integration::memory_context_benchmark_cli::memory_context_benchmark_writes_report_with_all_scenarios ... ok
test integration::memory_surfaces::build_memory_systems_cli_json_payload_includes_runtime_policy ... ok
test integration::memory_surfaces::memory_system_metadata_json_includes_stage_families_summary_and_source ... ok
test integration::import_cli::import_cli_applies_codex_source_and_imported_turn_falls_back_from_responses_gateway_502 ... ok
test integration::memory_system_metadata_json_includes_stage_families_summary_and_source ... ok
test integration::migrate_cli::migrate_cli_ux_apply_mode_reports_flag_level_output_requirement ... ok
test integration::migrate_cli::migrate_cli_ux_discover_mode_reports_flag_level_input_requirement ... ok
test integration::migrate_cli::migrate_cli_ux_help_mentions_mode_specific_required_flags ... ok
test integration::migrate_cli::parse_legacy_claw_source_accepts_supported_ids ... ok
test integration::import_cli::import_cli_applies_codex_source_with_custom_chat_completions_path ... ok
test integration::migrate_cli::root_help_lists_migrate_with_config_import_wording ... ok
test integration::import_cli::import_cli_apply_recommended_import_retains_multiple_same_kind_provider_profiles ... ok
test integration::import_cli::import_cli_apply_supplements_existing_provider_profiles_without_replacing_active_provider ... ok
test integration::import_cli::import_cli_detected_multi_path_codex_sources_require_path_level_disambiguation ... ok
test integration::import_cli::import_cli_render_preview_explains_provider_conflict_apply_behavior ... ok
test integration::migration::channel_import_readiness_tracks_channel_states_by_id ... ok
test integration::import_cli::import_cli_render_preview_falls_back_to_stacked_provider_rows_when_medium_width_overflows ... ok
test integration::import_cli::import_cli_render_preview_marks_provider_choice_required_for_unresolved_recommended_plan ... ok
test integration::migration::channel_registry_apply_selected_channels_merges_line_accounts ... ok
test integration::import_cli::import_cli_render_preview_wraps_provider_choices_for_narrow_width ... ok
test integration::migration::channel_registry_apply_selected_channels_merges_wecom_config ... ok
test integration::migration::channel_registry_apply_selected_channels_skips_conflicting_plugin_bridge_install_root ... ok
test integration::migration::channel_registry_collects_catalog_action_when_no_service_channels_are_enabled ... ok
test integration::migration::channel_registry_apply_selected_channels_copies_plugin_bridge_install_root ... ok
test integration::migration::channel_registry_collects_contextual_inspection_action_for_enabled_discord_surface ... ok
test integration::migration::channel_registry_collects_contextual_inspection_action_for_enabled_weixin_bridge_surface ... ok
test integration::migration::channel_preview_order_follows_shared_service_channel_catalog_order ... ok
test integration::migration::channel_registry_collects_contextual_review_action_for_blocked_discord_surface ... ok
test integration::migration::channel_registry_collects_outbound_inspection_action_for_multiple_enabled_outbound_surfaces ... ok
test integration::migration::channel_registry_collects_managed_bridge_preview_when_enabled_bridge_needs_review ... ok
test integration::migration::channel_registry_collects_outbound_review_action_when_multiple_outbound_surfaces_need_attention ... ok
test integration::migration::channel_registry_collects_preflight_checks_for_enabled_channels ... ok
test integration::migration::channel_registry_enabled_ids_follow_app_service_channel_catalog ... ok
test integration::migration::channel_registry_collects_serve_actions_for_enabled_channels ... ok
test integration::migration::channel_registry_collects_ready_channel_candidates ... ok
test integration::migration::channel_registry_collects_ready_managed_bridge_preview_when_compatible_plugin_exists ... ok
test integration::migration::channel_registry_keeps_non_runtime_inspection_action_when_runtime_channel_is_enabled ... ok
test integration::migration::channel_registry_lists_registered_channel_ids ... ok
test integration::migration::channel_registry_lists_enabled_channel_ids ... ok
test integration::migration::channel_registry_ignores_unconfigured_plugin_backed_channels_even_when_managed_bridge_is_installed ... ok
test integration::migration::channel_registry_keeps_managed_bridge_preview_in_review_when_bridge_contract_is_misconfigured ... ok
test integration::migration::channel_registry_registered_ids_follow_shared_service_channel_catalog_order ... ok
test integration::migration::channel_registry_passes_when_single_compatible_managed_bridge_is_available_for_enabled_plugin_backed_channel ... ok
test integration::migration::channel_registry_summarizes_mixed_multi_account_managed_bridge_preview_detail ... ok
test integration::migration::channel_registry_passes_when_managed_bridge_plugin_id_selects_a_compatible_plugin ... ok
test integration::migration::channel_registry_warns_when_managed_bridge_discovery_is_ambiguous_for_enabled_plugin_backed_channel ... ok
test integration::migration::channel_registry_warns_when_managed_bridge_install_root_is_missing_for_enabled_plugin_backed_channel ... ok
test integration::migration::channel_registry_warns_when_managed_bridge_setup_is_incomplete_for_enabled_plugin_backed_channel ... ok
test integration::migration::channel_registry_warns_when_managed_bridge_plugin_id_matches_duplicate_packages ... ok
test integration::migration::channel_registry_warns_when_managed_bridge_plugin_id_does_not_match_any_plugin ... ok
test integration::migration::migration_channel_env_binding_applies_matrix_and_wecom_defaults ... ok
test integration::migration::migration_build_import_candidate_detects_provider_env_pointer_only_changes ... ok
test integration::migration::migration_channel_registry_includes_discord_when_enabled ... ok
test integration::migration::migration_channel_registry_includes_matrix_when_enabled ... ok
test integration::migration::migration_channel_registry_includes_wecom_when_enabled ... ok
test integration::migration::migration_channel_domain_summary_includes_channel_maturity_labels ... ok
test integration::migration::migration_channel_registry_includes_weixin_bridge_when_enabled ... ok
test integration::migration::migration_classify_current_setup_treats_enabled_managed_bridge_without_ready_plugin_as_repairable ... ok
test integration::migration::migration_classify_current_setup_treats_prompt_and_memory_metadata_as_repairable ... ok
test integration::import_cli::import_cli_source_path_selects_specific_detected_codex_config ... ok
test integration::memory_surfaces::render_memory_system_snapshot_text_reports_fail_open_policy ... ok
test integration::migration::migration_classify_current_setup_treats_provider_tuning_changes_as_repairable ... ok
test integration::migrate_cli::run_migrate_cli_apply_mode_rejects_output_path_outside_configured_file_root ... ok
test integration::migration::migration_collect_import_candidates_maps_unknown_codex_provider_with_openai_compatible_wire_api ... ok
test integration::migration::migration_collect_import_candidates_skip_unknown_codex_provider_without_compatibility_signals ... ok
test integration::migration::migration_collect_import_candidates_preserves_api_key_flow_for_openai_codex_provider ... ok
test integration::migration::migration_collect_import_candidates_preserves_provider_default_auth_env_for_recognized_codex_provider ... ok
test integration::migration::migration_compose_recommended_candidate_keeps_incomplete_current_provider_when_alternative_conflicts ... ok
test integration::migration::migration_compose_recommended_candidate_keeps_non_provider_domains_when_cross_source_provider_conflict_requires_manual_choice ... ok
test integration::migration::migration_compose_recommended_candidate_keeps_ready_plugin_backed_bridge_channels ... ok
test integration::migrate_cli::run_migrate_cli_apply_selected_mode_can_apply_external_skill_plan ... ok
test integration::migration::migration_compose_recommended_candidate_marks_plugin_bridge_install_root_conflicts_for_review ... ok
test integration::migrate_cli::run_migrate_cli_apply_selected_mode_writes_manifest_and_config ... ok
test integration::migrate_cli::run_migrate_cli_plan_mode_returns_preview_without_writing ... ok
test integration::migration::migration_compose_recommended_candidate_preserves_selected_channel_conflict_over_later_supplement ... ok
test integration::migration::migration_compose_recommended_candidate_supplements_channel_fields_across_sources ... ok
test integration::migration::migration_compose_recommended_candidate_supplements_cli_memory_and_tools_across_sources ... ok
test integration::migration::migration_compose_recommended_candidate_supplements_provider_transport_tuning ... ok
test integration::migrate_cli::run_migrate_cli_writes_nativeized_config ... ok
test integration::migration::migration_compose_recommended_candidate_supplements_provider_wire_api ... ok
test integration::migration::migration_preview_descriptors_and_starting_point_reasons_are_stable ... ok
test integration::migration::migration_domain_previews_preserve_source_attribution ... ok
test integration::migration::migration_render_preview_channel_rows_include_channel_maturity_labels ... ok
test integration::migration::migration_render_preview_compacts_for_narrow_width ... ok
test integration::migration::migration_render_preview_falls_back_to_stacked_channel_rows_when_wide_line_would_overflow ... ok
test integration::migration::migration_compose_recommended_candidate_upgrades_incomplete_provider_from_compatible_source ... ok
test integration::migration::migration_render_preview_falls_back_to_stacked_rows_when_wide_table_would_overflow ... ok
test integration::migration::migration_render_preview_summarizes_multi_source_inputs ... ok
test integration::migration::migration_render_preview_includes_channel_details_and_guidance ... ok
test integration::migration::migration_render_preview_surfaces_domain_actions ... ok
test integration::migration::migration_render_preview_wraps_long_domain_and_channel_details_for_narrow_width ... ok
test integration::migration::migration_recommended_plan_supplements_cli_prompt_metadata_and_memory_profile ... ok
test integration::migration::migration_classify_current_setup_distinguishes_basic_states ... ok
test integration::migration::source_presentation_canonical_labels_are_stable ... ok
test integration::migration::source_presentation_rollup_and_onboarding_labels_follow_canonical_rules ... ok
test integration::migration::migration_classify_current_setup_ignores_home_drift_for_default_memory_path ... ok
test integration::multi_channel_serve_cli::multi_channel_serve_background_failure_exits_foreground_cli_host_with_summarized_shutdown_reason ... ok
test integration::multi_channel_serve_cli::multi_channel_serve_background_join_error_still_shuts_down_cli_and_other_surfaces ... ok
test integration::migration::migration_collect_import_candidates_detects_base_and_agent_scoped_codex_configs ... ok
test integration::migration::migration_compose_recommended_candidate_avoids_provider_auto_pick_on_cross_source_conflict ... ok
test integration::multi_channel_serve_cli::multi_channel_serve_initializes_runtime_environment_before_spawning_children ... ok
test integration::multi_channel_serve_cli::multi_channel_serve_keeps_cli_session_distinct_from_channel_sessions ... ok
test integration::multi_channel_serve_cli::multi_channel_serve_loads_config_once_before_spawning_children ... ok
test integration::multi_channel_serve_cli::multi_channel_serve_background_failure_before_cli_wait_still_stops_foreground_cli_host ... ok
test integration::multi_channel_serve_cli::multi_channel_serve_ctrl_c_waits_for_background_joins_and_reports_shutdown_reason ... ok
test integration::multi_channel_serve_cli::multi_channel_serve_skips_feishu_when_only_telegram_is_enabled ... ok
test integration::multi_channel_serve_cli::multi_channel_serve_starts_all_enabled_runtime_backed_service_channels ... ok
test integration::multi_channel_serve_cli::multi_channel_serve_skips_telegram_when_only_feishu_is_enabled ... ok
test integration::onboard_cli::backup_existing_config_copies_without_removing_original ... ok
test integration::onboard_cli::build_channel_onboarding_follow_up_lines_reports_manual_and_planned_channels ... ok
test integration::onboard_cli::channel_preflight_checks_report_configured_outbound_channels ... ok
test integration::onboard_cli::channel_preflight_checks_report_enabled_channels ... ok
test integration::migration::migration_compose_recommended_candidate_ignores_home_drift_for_default_memory_path ... ok
test integration::onboard_cli::collect_import_candidates_maps_codex_provider_names_with_canonical_catalog ... ok
test integration::onboard_cli::collect_import_candidates_include_codex_config_with_env_channels ... ok
test integration::onboard_cli::current_setup_preflight_screen_uses_quick_review_progress_copy ... ok
test integration::onboard_cli::collect_import_candidates_uses_provider_default_auth_env_for_codex_provider ... ok
test integration::onboard_cli::current_setup_write_confirmation_screen_uses_quick_review_progress_copy ... ok
test integration::onboard_cli::detect_env_import_starting_config_enables_ready_channels ... ok
test integration::onboard_cli::detect_env_import_starting_config_only_enables_ready_channels ... ok
test integration::onboard_cli::detected_setup_preflight_screen_uses_quick_review_progress_copy ... ok
test integration::onboard_cli::current_setup_review_lines_use_quick_review_progress_copy ... ok
test integration::onboard_cli::detected_setup_write_confirmation_screen_uses_quick_review_progress_copy ... ok
test integration::onboard_cli::directory_preflight_check_has_no_filesystem_side_effects ... ok
test integration::onboard_cli::collect_import_candidates_prepend_recommended_plan_before_detected_sources ... ok
test integration::migration::migration_compose_recommended_candidate_supplements_channels_without_overwriting_ready_provider ... ok
test integration::migration::resolve_channel_import_readiness_reports_partial_channel_credentials ... ok
test integration::onboard_cli::detected_setup_review_lines_use_quick_review_progress_copy ... ok
test integration::onboard_cli::import_surfaces_detect_configured_discord_channel_as_ready_when_send_contract_is_satisfied ... ok
test integration::migration::resolve_channel_import_readiness_reports_partial_wecom_channel_credentials ... ok
test integration::migration::resolve_channel_import_readiness_treats_serve_only_webhook_as_ready ... ok
test integration::onboard_cli::import_surfaces_detect_configured_discord_channel_for_review_when_send_contract_is_blocked ... ok
test integration::onboard_cli::import_surfaces_detect_configured_plugin_backed_channels_for_review_when_managed_bridge_install_root_is_missing ... ok
test integration::onboard_cli::import_surfaces_detect_ready_channels_from_environment_only ... ok
test integration::onboard_cli::import_surfaces_include_ready_provider_and_channels ... ok
test integration::onboard_cli::import_surfaces_mark_missing_channel_secret_for_review ... ok
test integration::onboard_cli::import_surfaces_detect_configured_plugin_backed_channels_as_ready_when_single_compatible_managed_bridge_is_available ... ok
test integration::onboard_cli::import_surfaces_ignore_unconfigured_plugin_backed_channels_even_when_managed_bridge_is_installed ... ok
test integration::migration::migration_classify_current_setup_treats_blocked_outbound_only_channel_as_repairable ... ok
test integration::multi_channel_serve_cli::multi_channel_serve_cooperative_stop_clears_channel_runtime_running_state ... ok
test integration::onboard_cli::managed_bridge_onboard_preflight_passes_when_single_compatible_plugin_is_available ... ok
test integration::onboard_cli::managed_bridge_onboard_preflight_summarizes_mixed_multi_account_detail ... ok
test integration::onboard_cli::managed_bridge_onboard_preflight_warns_when_install_root_is_missing ... ok
test integration::onboard_cli::managed_bridge_onboard_preflight_warns_when_bridge_contract_is_misconfigured_even_with_ready_plugin ... ok
test integration::onboard_cli::managed_bridge_onboard_preflight_warns_when_managed_bridge_discovery_is_ambiguous ... ok
test integration::onboard_cli::managed_bridge_onboard_preflight_warns_when_managed_bridge_setup_is_incomplete ... ok
test integration::migration::migration_compose_recommended_candidate_preserves_current_custom_provider_endpoint ... ok
test integration::onboard_cli::channel_preflight_checks_summarize_outbound_multi_account_state_and_reserved_runtime_fields ... ok
test integration::onboard_cli::interactive_onboard_clear_token_keeps_inline_provider_credential ... ok
test integration::onboard_cli::interactive_onboard_clear_token_restores_builtin_system_prompt ... ok
test integration::onboard_cli::interactive_onboard_firecrawl_web_search_custom_env_persists_explicit_env_reference ... ok
test integration::onboard_cli::interactive_onboard_only_shows_large_logo_on_the_initial_screen ... ok
test integration::onboard_cli::interactive_onboard_web_search_blank_input_keeps_inline_credential ... ok
test integration::onboard_cli::interactive_onboard_web_search_custom_env_persists_explicit_env_reference ... ok
test integration::onboard_cli::non_interactive_api_key_env_clear_keeps_existing_inline_credential ... ok
test integration::onboard_cli::non_interactive_api_key_env_override_clears_existing_inline_api_key ... ok
test integration::onboard_cli::non_interactive_api_key_env_override_clears_existing_oauth_credentials ... ok
test integration::onboard_cli::non_interactive_explicit_web_search_provider_does_not_silently_fall_back ... ok
test integration::onboard_cli::non_interactive_legacy_personality_alias_still_maps_to_supported_preset ... ok
test integration::onboard_cli::non_interactive_requires_explicit_risk_acknowledgement ... ok
test integration::onboard_cli::non_interactive_onboard_allows_explicit_model_probe_warning ... ok
test integration::onboard_cli::non_interactive_onboard_allows_explicit_skip_model_probe_warning ... ok
test integration::onboard_cli::onboard_api_key_env_screen_explains_suggested_env_and_blank_behavior ... ok
test integration::onboard_cli::onboard_api_key_env_screen_redacts_invalid_current_source_and_keeps_clear_hint ... ok
test integration::onboard_cli::onboard_api_key_env_screen_shows_prefilled_env_when_enter_default_is_overridden ... ok
test integration::onboard_cli::onboard_api_key_env_screen_wraps_long_unbroken_env_names ... ok
test integration::onboard_cli::onboard_api_key_env_screen_wraps_progress_line_on_narrow_width ... ok
test integration::onboard_cli::non_interactive_onboard_applies_reviewed_default_when_probe_fails ... ok
test integration::onboard_cli::non_interactive_onboard_applies_reviewed_default_when_probe_is_skipped ... ok
test integration::onboard_cli::onboard_current_setup_shortcut_can_install_minimax_office_pack ... ok
test integration::onboard_cli::onboard_current_setup_shortcut_can_install_selected_bundled_skills ... ok
test integration::onboard_cli::onboard_current_setup_shortcut_flow_skips_detailed_edit_screens ... ok
test integration::onboard_cli::onboard_current_setup_shortcut_is_disabled_by_web_search_provider_option ... ok
test integration::onboard_cli::non_interactive_onboard_keeps_matching_existing_config_despite_persistent_warnings ... ok
test integration::onboard_cli::non_interactive_onboard_persists_github_copilot_oauth_env_binding ... ok
test integration::onboard_cli::onboard_current_setup_shortcut_screen_groups_enabled_channels_by_runtime_taxonomy ... ok
test integration::onboard_cli::onboard_current_setup_shortcut_screen_summarizes_existing_setup_and_choices ... ok
test integration::onboard_cli::non_interactive_onboard_rejects_github_copilot_without_oauth_token ... ok
test integration::onboard_cli::non_interactive_onboard_rejects_unresolved_preflight_warnings ... ok
test integration::onboard_cli::non_interactive_onboard_uses_the_same_detected_starting_point_order_as_interactive_default ... ok
test integration::onboard_cli::onboard_detected_setup_shortcut_is_disabled_by_web_search_provider_option ... ok
test integration::onboard_cli::non_interactive_personality_and_memory_profile_are_persisted ... ok
test integration::onboard_cli::non_interactive_system_prompt_clear_restores_builtin_prompt ... ok
test integration::onboard_cli::onboard_detected_setup_shortcut_screen_summarizes_starting_point_and_choices ... ok
test integration::onboard_cli::onboard_entry_avoids_double_recommendation_when_suggested_starting_point_has_rollup_sources ... ok
test integration::onboard_cli::onboard_entry_import_option_explains_detected_additions_when_current_setup_exists ... ok
test integration::onboard_cli::onboard_entry_prefers_current_setup_when_it_is_healthy ... ok
test integration::onboard_cli::onboard_entry_prefers_import_when_current_setup_is_absent ... ok
test integration::onboard_cli::onboard_entry_prefers_import_when_current_setup_is_repairable_and_sources_exist ... ok
test integration::onboard_cli::onboard_entry_screen_compacts_to_plain_wordmark_on_narrow_width ... ok
test integration::onboard_cli::onboard_entry_screen_uses_compact_header_and_detected_setup_digest ... ok
test integration::onboard_cli::onboard_entry_screen_wraps_detected_setup_digest_and_option_details ... ok
test integration::onboard_cli::onboard_existing_config_write_screen_offers_replace_backup_and_cancel ... ok
test integration::onboard_cli::onboard_interactive_flow_defaults_back_to_native_prompt_pack_even_from_inline_override ... ok
test integration::onboard_cli::onboard_memory_profile_screen_shows_supported_profiles ... ok
test integration::onboard_cli::onboard_model_selection_screen_keeps_provider_context ... ok
test integration::onboard_cli::onboard_model_selection_screen_shows_prefilled_model_when_enter_default_differs ... ok
test integration::onboard_cli::onboard_model_selection_screen_wraps_compact_header_and_progress_on_narrow_width ... ok
test integration::onboard_cli::onboard_personality_selection_screen_shows_native_personality_choices ... ok
test integration::onboard_cli::onboard_preflight_screen_falls_back_to_stacked_rows_when_details_overflow ... ok
test integration::onboard_cli::onboard_preflight_screen_omits_continue_cancel_choices_when_all_checks_are_green ... ok
test integration::onboard_cli::onboard_preflight_screen_summarizes_status_counts_and_guidance ... ok
test integration::onboard_cli::onboard_presentation_entry_and_digest_copy_stays_canonical ... ok
test integration::onboard_cli::onboard_presentation_review_and_shortcut_copy_stays_canonical ... ok
test integration::onboard_cli::onboard_presentation_risk_preflight_and_write_copy_stays_canonical ... ok
test integration::onboard_cli::onboard_prompt_addendum_screen_explains_keep_and_clear_behavior ... ok
test integration::onboard_cli::onboard_provider_selection_manual_override_resets_model_for_new_provider ... ok
test integration::onboard_cli::onboard_provider_selection_plan_requires_explicit_choice_for_conflicting_recommended_import ... ok
test integration::onboard_cli::onboard_provider_selection_plan_retains_same_kind_profiles_and_defaults_to_selected_profile ... ok
test integration::onboard_cli::onboard_provider_selection_screen_includes_focus_title_and_choices ... ok
test integration::onboard_cli::onboard_provider_selection_screen_prefers_short_human_selectors_on_narrow_width ... ok
test integration::onboard_cli::onboard_provider_selection_screen_shows_default_enter_choice_when_provider_is_resolved ... ok
test integration::onboard_cli::onboard_provider_selection_screen_surfaces_responses_transport_for_choices ... ok
test integration::onboard_cli::onboard_provider_selection_screen_uses_profile_ids_for_same_kind_choices ... ok
test integration::onboard_cli::onboard_provider_selection_screen_wraps_long_choice_details ... ok
test integration::onboard_cli::onboard_provider_selection_uses_imported_provider_config_for_selected_choice ... ok
test integration::onboard_cli::onboard_provider_selector_reports_ambiguous_model_name ... ok
test integration::managed_bridge_parity::managed_bridge_parity_keeps_doctor_json_and_channels_json_account_summary_in_sync has been running for over 60 seconds
test integration::onboard_cli::non_interactive_system_prompt_override_disables_prompt_pack ... ok
test integration::onboard_cli::onboard_current_setup_adjustments_capture_personality_and_memory_profile ... ok
test integration::onboard_cli::onboard_review_lines_group_details_into_named_sections ... ok
test integration::onboard_cli::onboard_review_lines_include_active_provider_and_saved_profiles_when_multiple_profiles_exist ... ok
test integration::onboard_cli::onboard_review_lines_include_core_setup_summary_for_fresh_setup ... ok
test integration::onboard_cli::onboard_review_lines_include_starting_point_and_domain_preview ... ok
test integration::onboard_cli::onboard_review_lines_prefer_oauth_env_over_api_key_env_when_both_are_configured ... ok
test integration::onboard_cli::onboard_review_lines_redact_invalid_configured_credential_env_value ... ok
test integration::onboard_cli::onboard_review_lines_sanitize_suggested_starting_point_label ... ok
test integration::onboard_cli::onboard_review_lines_surface_region_endpoint_note_for_minimax ... ok
test integration::onboard_cli::onboard_review_lines_surface_transport_summary_for_responses_compatibility_mode ... ok
test integration::onboard_cli::onboard_review_lines_use_compact_header ... ok
test integration::onboard_cli::onboard_review_lines_wrap_long_starting_point_on_narrow_width ... ok
test integration::onboard_cli::onboard_risk_screen_uses_brand_header_and_continue_cancel_options ... ok
test integration::onboard_cli::onboard_should_skip_config_write_when_existing_config_matches_draft ... ok
test integration::managed_bridge_parity::managed_bridge_parity_keeps_doctor_json_and_channels_json_account_summary_in_sync ... ok
test integration::onboard_cli::onboard_single_detected_setup_preview_screen_uses_compact_follow_up_layout ... ok
test integration::onboard_cli::onboard_starting_point_selection_screen_deduplicates_workspace_guidance_and_channel_rollups ... ok
test integration::onboard_cli::onboard_starting_point_selection_screen_explains_explicit_path_fit ... ok
test integration::onboard_cli::onboard_starting_point_selection_screen_explains_when_direct_source_can_supplement_setup ... ok
test integration::onboard_cli::onboard_current_setup_shortcut_is_disabled_by_web_search_provider_override_env ... ok
test integration::onboard_cli::onboard_current_setup_shortcut_is_limited_to_healthy_interactive_keep_flow ... ok
test integration::onboard_cli::onboard_current_setup_adjustments_preserve_unchanged_domain_actions_in_review ... ok
test integration::onboard_cli::onboard_starting_point_selection_screen_explains_why_suggested_starting_point_is_recommended ... ok
test integration::onboard_cli::onboard_starting_point_selection_screen_explains_why_starting_fresh_is_a_good_fit ... ok
test integration::onboard_cli::onboard_starting_point_selection_screen_prefers_explicit_config_sources_when_coverage_ties ... ok
test integration::onboard_cli::onboard_starting_point_selection_screen_summarizes_multi_source_origin ... ok
test integration::onboard_cli::onboard_starting_point_selection_screen_prioritizes_richer_direct_sources ... ok
test integration::onboard_cli::onboard_starting_point_selection_screen_surfaces_keep_and_supplement_actions ... ok
test integration::onboard_cli::onboard_starting_point_selection_screen_wraps_header_title_and_subtitle_on_narrow_width ... ok
test integration::onboard_cli::onboard_starting_point_selection_screen_uses_compact_header_and_detected_options ... ok
test integration::onboard_cli::onboard_system_prompt_screen_explains_blank_behavior ... ok
test integration::onboard_cli::onboard_starting_point_selection_screen_wraps_long_option_labels_and_details ... ok
test integration::onboard_cli::onboard_system_prompt_screen_shows_prefilled_prompt_when_enter_default_differs ... ok
test integration::onboard_cli::onboard_write_confirmation_screen_shows_target_path_and_write_choice ... ok
test integration::onboard_cli::onboard_system_prompt_screen_wraps_long_current_prompt ... ok
test integration::onboard_cli::onboard_write_confirmation_screen_wraps_long_path_and_option_copy ... ok
test integration::onboard_cli::onboarding_success_summary_adds_doctor_action_for_plugin_backed_channels_needing_bridge_review ... ok
test integration::onboard_cli::onboarding_success_summary_advertises_browser_preview_enable_action ... ok
test integration::onboard_cli::onboarding_success_summary_groups_domain_outcomes_by_decision ... ok
test integration::onboard_cli::onboarding_success_summary_adds_doctor_action_for_incomplete_managed_bridge_setup ... ok
test integration::onboard_cli::onboarding_success_summary_derives_structured_actions ... ok
test integration::onboard_cli::onboarding_success_summary_groups_enabled_channels_by_runtime_taxonomy ... ok
test integration::onboard_cli::onboarding_success_summary_groups_secondary_channel_actions_after_primary_handoff ... ok
test integration::onboard_cli::onboarding_success_summary_keeps_mixed_runtime_and_outbound_followups_after_doctor ... ok
test integration::onboard_cli::onboarding_success_summary_keeps_generic_handoff_when_managed_bridge_is_ready ... ok
test integration::onboard_cli::onboarding_success_summary_lists_doctor_followup_for_plugin_backed_channels_when_cli_is_enabled ... ok
test integration::onboard_cli::onboarding_success_summary_prefers_oauth_env_over_api_key_env_when_both_are_configured ... ok
test integration::onboard_cli::onboarding_success_summary_reports_existing_config_kept ... ok
test integration::onboard_cli::onboarding_success_summary_reports_active_provider_and_saved_profiles ... ok
test integration::onboard_cli::onboarding_success_summary_reports_channel_surface_distribution ... ok
test integration::onboard_cli::onboarding_success_summary_reports_import_source_and_enabled_channels ... ok
test integration::onboard_cli::onboarding_success_summary_reports_web_search_provider_and_credential ... ok
test integration::onboard_cli::onboarding_success_summary_sanitizes_suggested_starting_point_label ... ok
test integration::onboard_cli::onboarding_success_summary_shell_quotes_config_paths_with_single_quotes ... ok
test integration::onboard_cli::onboarding_success_summary_suggests_registry_backed_channels_when_none_are_enabled ... ok
test integration::onboard_cli::onboarding_success_summary_surfaces_primary_handoff_before_saved_setup_details ... ok
test integration::onboard_cli::onboarding_success_summary_surfaces_region_endpoint_note_for_zhipu ... ok
test integration::onboard_cli::onboarding_success_summary_surfaces_transport_summary ... ok
test integration::onboard_cli::onboarding_success_summary_uses_channel_catalog_handoff_when_cli_is_disabled_and_no_service_channels_are_enabled ... ok
test integration::onboard_cli::onboarding_success_summary_uses_channel_handoff_when_cli_is_disabled ... ok
test integration::onboard_cli::onboarding_success_summary_uses_compact_header ... ok
test integration::onboard_cli::onboarding_success_summary_uses_contextual_bridge_handoff_when_ready_plugin_backed_channel_is_cli_only_path ... ok
test integration::onboard_cli::onboarding_success_summary_uses_contextual_discord_handoff_when_cli_is_disabled ... ok
test integration::onboard_cli::onboarding_success_summary_uses_contextual_discord_review_handoff_when_outbound_setup_is_blocked ... ok
test integration::onboard_cli::onboarding_success_summary_uses_doctor_handoff_for_plugin_backed_channels_when_cli_is_disabled ... ok
test integration::onboard_cli::onboarding_success_summary_uses_outbound_group_handoff_when_multiple_outbound_channels_are_enabled ... ok
test integration::onboard_cli::onboarding_success_summary_wraps_domain_outcomes_for_narrow_width ... ok
test integration::onboard_cli::parse_memory_profile_accepts_supported_ids ... ok
test integration::onboard_cli::parse_prompt_personality_accepts_supported_ids ... ok
test integration::onboard_cli::parse_provider_kind_accepts_primary_and_legacy_aliases ... ok
test integration::onboard_cli::preferred_api_key_env_default_prefers_oauth_default_for_fresh_openai ... ok
test integration::onboard_cli::preferred_api_key_env_default_stays_blank_for_inline_credentials ... ok
test integration::onboard_cli::preferred_api_key_env_default_stays_blank_when_provider_has_no_default_env ... ok
test integration::onboard_cli::provider_credential_check_accepts_inline_api_key ... ok
test integration::onboard_cli::provider_credential_check_mentions_active_profile_id_when_saved_profiles_exist ... ok
test integration::onboard_cli::provider_default_env_mapping_is_stable ... ok
test integration::onboard_cli::provider_kind_id_mapping_includes_kimi_coding ... ok
test integration::onboard_cli::onboarding_success_summary_uses_outbound_review_handoff_when_multiple_outbound_channels_need_attention ... ok
test integration::onboard_cli::scripted_onboard_ui_select_one_accepts_legacy_personality_alias_input ... ok
test integration::onboard_cli::scripted_onboard_ui_select_one_accepts_slug_input ... ok
test integration::onboard_cli::supported_provider_list_matches_canonical_provider_catalog ... ok
test integration::personalize_cli::cli_personalize_help_mentions_operator_preferences ... ok
test integration::personalize_cli::personalize_cli_accepts_config_flag ... ok
test integration::onboard_cli::onboarding_success_summary_uses_starting_point_language ... ok
test integration::plugins_cli::plugins_actions_cli_parses_filters_and_global_json_after_subcommand ... ok
test integration::plugins_cli::plugins_actions_help_mentions_root_and_filters ... ok
test integration::plugins_cli::plugins_bridge_profiles_cli_parses_selected_profile_and_json_flag ... ok
test integration::plugins_cli::plugins_bridge_profiles_help_mentions_profile_filter ... ok
test integration::plugins_cli::plugins_bridge_template_cli_parses_output_and_bridge_profile ... ok
test integration::plugins_cli::plugins_bridge_template_help_mentions_output_and_root ... ok
test integration::plugins_cli::plugins_doctor_cli_defaults_to_sdk_release_profile ... ok
test integration::plugins_cli::plugins_doctor_help_mentions_sdk_release_profile_and_scan_flags ... ok
test integration::plugins_cli::plugins_help_mentions_preflight_and_action_plan ... ok
test integration::plugins_cli::plugins_init_cli_parses_manifest_scaffold_request ... ok
test integration::onboard_cli::render_onboarding_success_summary_compacts_for_narrow_width ... ok
test integration::plugins_cli::plugins_init_help_mentions_bridge_contract_flags ... ok
test integration::plugins_cli::plugins_inventory_cli_parses_bridge_profile_and_examples_flag ... ok
test integration::plugins_cli::plugins_inventory_help_mentions_scan_and_bridge_flags_without_governance_profile ... ok
test integration::plugins_cli::plugins_preflight_cli_parses_bridge_support_delta_selector ... ok
test integration::programmatic::execute_spec_programmatic_tool_call_adaptive_policy_can_reduce_on_any_error ... ok
test integration::programmatic::execute_spec_programmatic_tool_call_applies_connector_rate_limits ... ok
test integration::programmatic::execute_spec_programmatic_tool_call_adaptive_budget_respects_min_floor_and_recovers ... ok
test integration::programmatic::execute_spec_programmatic_tool_call_circuit_breaker_blocks_followup_batch_calls ... ok
test integration::programmatic::execute_spec_programmatic_tool_call_conditional_step_routes_branch ... ok
test integration::programmatic::execute_spec_programmatic_tool_call_connector_batch_budget_checks_total_calls ... ok
test integration::programmatic::execute_spec_programmatic_tool_call_blocks_when_caller_not_allowlisted ... ok
test integration::programmatic::execute_spec_programmatic_tool_call_connector_batch_continue_on_error ... ok
test integration::programmatic::execute_spec_programmatic_tool_call_connector_batch_parallel_succeeds ... ok
test integration::programmatic::execute_spec_programmatic_tool_call_enforces_max_call_budget ... ok
test integration::programmatic::execute_spec_programmatic_tool_call_adaptive_budget_reduces_on_failures ... ok
test integration::programmatic::execute_spec_programmatic_tool_call_rejects_empty_adaptive_reduce_on_policy ... ok
test integration::programmatic::execute_spec_programmatic_tool_call_rejects_invalid_circuit_policy ... ok
test integration::programmatic::execute_spec_programmatic_tool_call_rejects_invalid_concurrency_policy ... ok
test integration::programmatic::execute_spec_programmatic_tool_call_rejects_invalid_rate_limit_policy ... ok
test integration::programmatic::execute_spec_programmatic_tool_call_default_adaptive_policy_skips_not_found_errors ... ok
test integration::programmatic::execute_spec_programmatic_tool_call_retry_jitter_tracks_backoff_budget ... ok
test integration::programmatic::execute_spec_programmatic_tool_call_retry_recovers_transient_failure ... ok
test integration::programmatic::execute_spec_programmatic_tool_call_supports_templates_and_steps ... ok
test integration::programmatic::execute_spec_programmatic_tool_call_weighted_fairness_avoids_low_priority_starvation ... ok
test integration::render_channel_surfaces_text_escapes_untrusted_managed_bridge_values ... ok
test integration::render_channel_surfaces_text_groups_plugin_backed_channels_into_their_own_section ... ok
test integration::render_channel_surfaces_text_reports_aliases_and_operation_health ... ok
test integration::render_channel_surfaces_text_reports_catalog_only_channels ... ok
test integration::render_channel_surfaces_text_reports_configured_accounts_for_multi_account_channels ... ok
test integration::render_channel_surfaces_text_reports_default_account_marker ... ok
test integration::render_channel_surfaces_text_reports_managed_plugin_bridge_ambiguity_and_setup_guidance ... ok
test integration::render_channel_surfaces_text_reports_managed_plugin_bridge_discovery ... ok
test integration::render_channel_surfaces_text_reports_plugin_backed_stable_targets ... ok
test integration::programmatic::programmatic_circuit_runtime_transitions_open_half_open_and_closes_on_success ... ok
test integration::programmatic::execute_spec_programmatic_tool_call_parallel_batch_caps_peak_inflight_budget ... ok
test integration::resolve_validate_output_accepts_explicit_problem_json ... ok
test integration::resolve_validate_output_defaults_to_text ... ok
test integration::resolve_validate_output_rejects_conflicting_json_and_output_flags ... ok
test integration::resolve_validate_output_uses_json_flag_legacy_alias ... ok
test integration::render_channel_surfaces_text_reports_plugin_bridge_account_summary_for_mixed_multi_account_surface ... ok
test integration::run_spec_cli_accepts_render_summary_flag ... ok
test integration::runtime_capability_cli::runtime_capability_activate_managed_skill_dry_run_reports_install_target ... ok
test integration::runtime_capability_cli::runtime_capability_activate_managed_skill_apply_installs_skill_and_is_idempotent ... ok
test integration::runtime_capability_cli::runtime_capability_activate_rejects_programmatic_flow_until_activation_surface_exists ... ok
test integration::runtime_capability_cli::runtime_capability_activate_profile_note_addendum_updates_config_and_is_idempotent ... ok
test integration::runtime_capability_cli::runtime_capability_apply_materializes_profile_note_addendum_artifact ... ok
test integration::runtime_capability_cli::runtime_capability_apply_materializes_managed_skill_artifact_and_is_idempotent ... ok
test integration::runtime_capability_cli::runtime_capability_apply_rejects_non_promotable_family ... ok
test integration::runtime_capability_cli::runtime_capability_apply_materializes_programmatic_flow_artifact ... ok
test integration::runtime_capability_cli::runtime_capability_index_groups_related_candidates_and_reports_ready_family ... ok
test integration::runtime_capability_cli::runtime_capability_index_ignores_symlinked_directories_during_scan ... ok
test integration::runtime_capability_cli::runtime_capability_index_marks_family_not_ready_when_evidence_is_incomplete ... ok
test integration::runtime_capability_cli::runtime_capability_index_marks_family_blocked_on_conflicting_reviews ... ok
test integration::runtime_capability_cli::runtime_capability_index_normalizes_family_ids_for_equivalent_persisted_proposals ... ok
test integration::runtime_capability_cli::runtime_capability_index_rejects_malformed_supported_artifact_during_scan ... ok
test integration::runtime_capability_cli::runtime_capability_index_rejects_wrong_schema_purpose_during_scan ... ok
test integration::onboard_cli::onboard_detected_setup_adjustments_preserve_unchanged_detected_actions_in_review ... ok
test integration::runtime_capability_cli::runtime_capability_index_reports_delta_evidence_digest ... ok
test integration::onboard_cli::onboard_detected_setup_selection_uses_the_same_order_the_screen_shows ... ok
test integration::onboard_cli::onboard_detected_setup_shortcut_is_disabled_by_web_search_provider_override_env ... ok
test integration::onboard_cli::onboard_detected_setup_shortcut_flow_skips_detailed_edit_screens ... ok
test integration::onboard_cli::onboard_detected_setup_shortcut_is_limited_to_interactive_import_flow_with_default_provider_choice ... ok
test integration::runtime_capability_cli::runtime_capability_plan_rejects_unknown_family_id ... ok
test integration::runtime_capability_cli::runtime_capability_plan_builds_promotable_managed_skill_plan ... ok
test integration::runtime_capability_cli::runtime_capability_plan_provenance_candidate_ids_follow_family_order ... ok
test integration::runtime_capability_cli::runtime_capability_propose_leaves_snapshot_delta_empty_without_recorded_snapshots ... ok
test integration::runtime_capability_cli::runtime_capability_plan_reports_missing_evidence_for_programmatic_flow_family ... ok
test integration::runtime_capability_cli::runtime_capability_propose_rejects_planned_runs ... ok
test integration::runtime_capability_cli::runtime_capability_propose_persists_candidate_from_finished_run ... ok
test integration::runtime_capability_cli::runtime_capability_propose_persists_snapshot_delta_when_recorded_snapshots_exist ... ok
test integration::runtime_capability_cli::runtime_capability_propose_rejects_broken_recorded_snapshot_delta ... ok
test integration::runtime_capability_cli::runtime_capability_plan_reports_blocked_profile_note_family ... ok
test integration::runtime_capability_cli::runtime_capability_propose_rejects_unknown_required_capability ... ok
test integration::runtime_capability_cli::runtime_capability_plan_surfaces_delta_evidence_digest ... ok
test integration::runtime_capability_cli::runtime_capability_plan_rejects_malformed_supported_artifact_during_scan ... ok
test integration::runtime_capability_cli::runtime_capability_review_records_terminal_decision_once ... ok
test integration::runtime_capability_cli::runtime_capability_show_accepts_artifacts_missing_snapshot_delta_field ... ok
test integration::runtime_capability_cli::runtime_capability_show_rejects_inconsistent_review_state ... ok
test integration::runtime_capability_cli::runtime_capability_show_rejects_wrong_schema_purpose ... ok
test integration::runtime_capability_cli::runtime_capability_show_rejects_wrong_schema_surface ... ok
test integration::runtime_capability_cli::runtime_capability_show_round_trips_the_persisted_artifact ... ok
test integration::runtime_experiment_cli::runtime_experiment_compare_recorded_snapshots_rejects_unavailable_result_stage ... ok
test integration::runtime_experiment_cli::runtime_experiment_compare_record_only_surfaces_decision_summary ... ok
test integration::runtime_experiment_cli::runtime_experiment_compare_recorded_snapshots_rejects_missing_recorded_result_path ... ok
test integration::runtime_capability_cli::runtime_capability_show_text_renders_snapshot_delta_summary ... ok
test integration::runtime_capability_cli::runtime_capability_rollback_managed_skill_restores_pre_activation_state_and_is_idempotent ... ok
test integration::runtime_experiment_cli::runtime_experiment_compare_recorded_snapshots_rejects_unresolvable_result_path ... ok
test integration::runtime_capability_cli::runtime_capability_rollback_profile_note_restores_pre_activation_state_and_is_idempotent ... ok
test integration::runtime_experiment_cli::runtime_experiment_compare_requires_both_snapshot_paths_for_deep_compare ... ok
test integration::runtime_experiment_cli::runtime_experiment_compare_reports_channel_taxonomy_deltas ... ok
test integration::runtime_experiment_cli::runtime_experiment_compare_rejects_snapshot_identity_mismatch ... ok
test integration::runtime_experiment_cli::runtime_experiment_compare_treats_missing_snapshot_sections_as_absent ... ok
test integration::runtime_experiment_cli::runtime_experiment_compare_with_recorded_snapshots_reports_changed_runtime_surfaces ... ok
test integration::runtime_experiment_cli::runtime_experiment_finish_persists_result_metrics_and_warnings ... ok
test integration::runtime_experiment_cli::runtime_experiment_compare_with_snapshot_delta_reports_changed_runtime_surfaces ... ok
test integration::runtime_experiment_cli::runtime_experiment_restore_rejects_unavailable_result_stage ... ok
test integration::runtime_experiment_cli::runtime_experiment_finish_warns_when_result_snapshot_has_no_experiment_id ... ok
test integration::runtime_experiment_cli::runtime_experiment_finish_rejects_mutating_a_finalized_run ... ok
test integration::runtime_experiment_cli::runtime_experiment_finish_rejects_conflicting_result_snapshot_experiment_id ... ok
test integration::runtime_experiment_cli::runtime_experiment_restore_rejects_missing_recorded_stage_path ... ok
test integration::runtime_experiment_cli::runtime_experiment_restore_uses_recorded_result_snapshot_path ... ok
test integration::runtime_experiment_cli::runtime_experiment_start_requires_explicit_experiment_id_when_baseline_is_missing_one ... ok
test integration::runtime_experiment_cli::runtime_experiment_start_creates_planned_run_and_inherits_baseline_lineage ... ok
test integration::runtime_experiment_cli::runtime_experiment_show_round_trips_the_persisted_artifact ... ok
test integration::runtime_experiment_cli::runtime_experiment_show_text_surfaces_decision_fields_first ... ok
test integration::onboard_cli::onboard_restores_original_config_when_memory_bootstrap_fails_after_write ... ok
test integration::onboard_cli::onboard_review_lines_compact_on_narrow_width ... ok
test integration::onboard_cli::onboard_single_detected_setup_flow_uses_preview_screen_instead_of_plain_label ... ok
test integration::onboard_cli::onboard_starting_point_selection_screen_explains_when_direct_source_is_a_good_fit ... ok
test integration::render_memory_system_snapshot_text_reports_fail_open_policy ... ok
test integration::runtime_restore_cli::runtime_restore_apply_replays_snapshot_state_and_verifies_post_apply_match ... ok
test integration::runtime_restore_cli::runtime_restore_apply_reports_verification_failure_without_reverting_applied_state ... ok
test integration::runtime_restore_cli::runtime_restore_dry_run_accepts_artifacts_without_runtime_plugins_restore_field ... ok
test integration::runtime_restore_cli::runtime_restore_dry_run_accepts_artifacts_without_runtime_plugins_top_level_field ... ok
test integration::runtime_restore_cli::runtime_restore_dry_run_blocks_apply_when_managed_skill_inventory_was_not_captured ... ok
test integration::runtime_restore_cli::runtime_restore_dry_run_blocks_apply_when_provider_credentials_were_redacted ... ok
test integration::runtime_restore_cli::runtime_restore_dry_run_collects_current_inventory_when_target_snapshot_disables_external_skills ... ok
test integration::runtime_trajectory_cli::runtime_trajectory_export_accepts_bare_output_file_in_current_directory ... ok
test integration::runtime_restore_cli::runtime_restore_dry_run_ignores_source_path_only_drift_for_managed_skills ... ok
test integration::runtime_trajectory_cli::runtime_trajectory_export_writes_bounded_artifact_with_lineage_and_canonical_records ... ok
artifact_path=C:\Users\77403\AppData\Local\Temp\loong-runtime-trajectory-show-1777014643540116200\artifacts\root-session.json
鈹?loong 鈹€鈹€鈹€鈹€鈹€鈹€鈹€鈹€鈹€鈹€鈹€鈹€鈹€鈹€鈹€鈹€鈹€鈹€鈹€鈹€鈹€鈹€鈹€鈹€鈹€鈹€鈹€鈹€鈹€鈹€鈹€鈹€鈹€鈹€鈹€鈹€鈹€鈹€鈹€鈹€鈹€鈹€鈹€鈹€鈹€鈹€鈹€鈹€鈹€鈹€鈹€鈹€鈹€鈹€鈹€鈹€鈹€鈹€鈹€鈹€鈹€鈹€鈹€鈹€鈹€鈹€鈹€鈹€鈹€鈹€鈹€鈹?鈹侺OONG  v0.1.2-alpha.1 路 add-qqbot-runtime-channel 路 9b9c4cb                   鈹?鈹俽untime trajectory                                                            鈹?鈹?                                                                             鈹?鈹俽untime trajectory                                                            鈹?鈹斺攢鈹€鈹€鈹€鈹€鈹€鈹€鈹€鈹€鈹€鈹€鈹€鈹€鈹€鈹€鈹€鈹€鈹€鈹€鈹€鈹€鈹€鈹€鈹€鈹€鈹€鈹€鈹€鈹€鈹€鈹€鈹€鈹€鈹€鈹€鈹€鈹€鈹€鈹€鈹€鈹€鈹€鈹€鈹€鈹€鈹€鈹€鈹€鈹€鈹€鈹€鈹€鈹€鈹€鈹€鈹€鈹€鈹€鈹€鈹€鈹€鈹€鈹€鈹€鈹€鈹€鈹€鈹€鈹€鈹€鈹€鈹€鈹€鈹€鈹€鈹€鈹€鈹€鈹?鈹?section 鈹€鈹€鈹€鈹€鈹€鈹€鈹€鈹€鈹€鈹€鈹€鈹€鈹€鈹€鈹€鈹€鈹€鈹€鈹€鈹€鈹€鈹€鈹€鈹€鈹€鈹€鈹€鈹€鈹€鈹€鈹€鈹€鈹€鈹€鈹€鈹€鈹€鈹€鈹€鈹€鈹€鈹€鈹€鈹€鈹€鈹€鈹€鈹€鈹€鈹€鈹€鈹€鈹€鈹€鈹€鈹€鈹€鈹€鈹€鈹€鈹€鈹€鈹€鈹€鈹€鈹€鈹€鈹€鈹€鈹?鈹俽untime_trajectory session=root-session kind=root state=completed             鈹?鈹俵ineage_root=root-session lineage_depth=0                                     鈹?鈹俢ounts total_turns=3 exported_turns=3 turns_truncated=false                   鈹?鈹俢anonical_records=3 events=2 approvals=1 terminal_status=ok                   鈹?鈹俥xport schema_version=1 exported_at=2026-04-24T07:10:43.6546105Z              鈹?鈹俥vent_page_limit=200                                                          鈹?鈹斺攢鈹€鈹€鈹€鈹€鈹€鈹€鈹€鈹€鈹€鈹€鈹€鈹€鈹€鈹€鈹€鈹€鈹€鈹€鈹€鈹€鈹€鈹€鈹€鈹€鈹€鈹€鈹€鈹€鈹€鈹€鈹€鈹€鈹€鈹€鈹€鈹€鈹€鈹€鈹€鈹€鈹€鈹€鈹€鈹€鈹€鈹€鈹€鈹€鈹€鈹€鈹€鈹€鈹€鈹€鈹€鈹€鈹€鈹€鈹€鈹€鈹€鈹€鈹€鈹€鈹€鈹€鈹€鈹€鈹€鈹€鈹€鈹€鈹€鈹€鈹€鈹€鈹€鈹榯est integration::runtime_restore_cli::runtime_restore_dry_run_reports_pending_mutations_and_leaves_config_unchanged ... ok
test integration::runtime_trajectory_cli::runtime_trajectory_show_round_trips_persisted_artifact_in_text_mode ... ok
test integration::runtime_restore_cli::runtime_snapshot_artifact_json_includes_lineage_and_restore_spec ... ok
test integration::sessions_cli::cli_sessions_help_mentions_operator_facing_session_shell ... ok
test integration::runtime_restore_cli::runtime_snapshot_artifact_json_redacts_inline_provider_secrets_from_restore_spec ... ok
test integration::runtime_restore_cli::runtime_snapshot_artifact_json_warns_when_managed_skill_inventory_is_disabled ... ok
test integration::runtime_snapshot_cli::runtime_snapshot_json_payload_includes_provider_tool_and_external_skill_inventory ... ok
test integration::runtime_snapshot_cli::runtime_snapshot_json_payload_marks_x_api_key_profiles_as_credential_resolved ... ok
test integration::runtime_restore_cli::runtime_restore_apply_rolls_back_managed_skill_changes_when_config_write_fails ... ok
test integration::runtime_snapshot_cli::runtime_snapshot_json_payload_preserves_auth_optional_provider_descriptor_contract ... ok
test integration::runtime_snapshot_cli::runtime_snapshot_json_payload_reflects_effective_external_skills_policy_override ... ok
test integration::runtime_snapshot_cli::runtime_snapshot_text_highlights_experiment_relevant_sections ... ok
test integration::sessions_cli::render_sessions_history_text_escapes_control_characters ... ok
test integration::sessions_cli::render_sessions_status_text_escapes_control_characters ... ok
test integration::sessions_cli::sessions_list_cli_parses_global_flags_after_subcommand ... ok
test integration::session_search_cli::collect_session_search_artifact_includes_visible_hits ... ok
test integration::session_search_cli::load_session_search_artifact_rejects_inconsistent_counts ... ok
test integration::session_search_cli::load_session_search_artifact_round_trips_written_json ... ok
test integration::sessions_cli::execute_sessions_command_archive_dry_run_surfaces_archive_action ... ok
test integration::sessions_cli::execute_sessions_command_cancel_dry_run_surfaces_cancel_action ... ok
test integration::sessions_cli::execute_sessions_command_events_history_and_wait_surface_incremental_payloads ... ok
test integration::sessions_cli::execute_sessions_command_heal_apply_runs_session_recover ... ok
test integration::sessions_cli::execute_sessions_command_heal_plans_overdue_session_recovery ... ok
test integration::sessions_cli::execute_sessions_command_list_returns_visible_sessions_with_workflow_metadata ... ok
test integration::sessions_cli::execute_sessions_command_recover_dry_run_surfaces_non_recoverable_result ... ok
test integration::sessions_cli::execute_sessions_command_status_surfaces_workflow_recipes_and_rendered_summary ... ok
test integration::skills_cli::execute_skills_command_enable_browser_preview_hides_recipes_when_cli_is_disabled ... ok
test integration::skills_cli::execute_skills_command_enable_browser_preview_is_idempotent_after_first_install ... ok
test integration::skills_cli::execute_skills_command_enable_browser_preview_persists_runtime_and_installs_helper_skill ... ok
test integration::skills_cli::execute_skills_command_enable_browser_preview_quotes_follow_up_config_path ... ok
test integration::skills_cli::execute_skills_command_enable_browser_preview_rejects_explicit_shell_deny_without_mutation ... ok
test integration::skills_cli::execute_skills_command_enable_browser_preview_rolls_back_config_on_install_failure ... ok
test integration::skills_cli::execute_skills_command_fetch_propagates_runtime_policy_errors ... ok
test integration::skills_cli::execute_skills_command_fetch_rejects_install_options_without_install_flag ... ok
test integration::skills_cli::execute_skills_command_info_guidance_avoids_false_success_for_inactive_skill ... ok
test integration::skills_cli::execute_skills_command_info_guidance_avoids_false_success_for_manual_or_hidden_skill ... ok
test integration::skills_cli::execute_skills_command_install_allows_approve_security_once ... ok
test integration::skills_cli::execute_skills_command_install_and_info_surface_first_use_guidance ... ok
test integration::skills_cli::execute_skills_command_policy_round_trips_persisted_config ... ok
test integration::skills_cli::execute_skills_command_policy_set_normalizes_domain_rules_for_persistence ... ok
test integration::skills_cli::execute_skills_command_install_returns_needs_approval_for_security_findings ... ok
test integration::skills_cli::execute_skills_command_policy_set_rejects_invalid_domain_rules ... ok
test integration::skills_cli::execute_skills_command_policy_set_requires_explicit_approval ... ok
test integration::skills_cli::render_skills_cli_text_hides_browser_preview_recipes_when_cli_is_disabled ... ok
test integration::skills_cli::render_skills_cli_text_surfaces_browser_preview_guidance ... ok
test integration::skills_cli::render_skills_cli_text_surfaces_fetch_sync_summary ... ok
test integration::skills_cli::render_skills_cli_text_surfaces_operator_install_summary ... ok
test integration::skills_cli::render_skills_cli_text_surfaces_skill_contract_details ... ok
test integration::skills_cli::skills_cli_json_wraps_config_status_and_result_payload ... ok
test integration::skills_cli::skills_enable_browser_preview_cli_parses_global_flags_after_subcommand ... ok
test integration::skills_cli::skills_fetch_cli_parses_install_flags_after_subcommand ... ok
test integration::skills_cli::execute_skills_command_installs_bundled_browser_companion_preview ... ok
test integration::skills_cli::skills_install_bundled_cli_parses_global_flags_after_subcommand ... ok
test integration::skills_cli::skills_install_cli_parses_global_flags_after_subcommand ... ok
test integration::skills_cli::skills_policy_set_cli_parses_domain_and_approval_flags ... ok
test integration::skills_cli::skills_recommend_cli_parses_query_and_limit_after_subcommand ... ok
test integration::spec_runtime::approval_falls_back_to_bundled_profile_when_path_missing ... ok
test integration::skills_cli::skills_search_cli_parses_query_and_limit_after_subcommand ... ok
test integration::spec_runtime::approval_inline_risk_signals_override_external_profile ... ok
test integration::spec_runtime::approval_uses_external_risk_profile_without_inline_overrides ... ok
test integration::spec_runtime::execute_spec_allows_execution_when_bridge_support_sha256_matches ... ok
test integration::spec_runtime::execute_spec_applies_hotfix_endpoint_before_invocation ... ok
test integration::spec_runtime::execute_spec_auto_provisions_provider_and_channel_when_missing ... ok
test integration::spec_runtime::example_spec_fixtures_parse_as_runner_specs ... ok
test integration::spec_runtime::execute_spec_blocks_on_bridge_support_checksum_mismatch ... ok
test integration::spec_runtime::execute_spec_blocks_on_bridge_support_sha256_mismatch ... ok
test integration::spec_runtime::execute_spec_blocks_when_bridge_matrix_does_not_support_plugin ... ok
test integration::spec_runtime::execute_spec_blocks_cross_root_slot_claim_conflicts_during_planning ... ok
test integration::spec_runtime::execute_spec_blocks_when_package_manifest_uses_legacy_version_metadata ... ok
test integration::spec_runtime::execute_spec_blocks_when_package_manifest_conflicts_with_source_manifest ... ok
test integration::spec_runtime::execute_spec_blocks_when_security_scan_profile_sha256_mismatches ... ok
test integration::spec_runtime::execute_spec_blocks_when_wasm_runtime_enabled_without_allowed_prefixes ... ok
test integration::spec_runtime::execute_spec_bootstrap_applies_only_bridges_allowed_by_bootstrap_policy ... ok
test integration::spec_runtime::execute_spec_blocks_when_security_scan_profile_signature_mismatches ... ok
test integration::spec_runtime::execute_spec_bootstrap_budget_is_global_across_multiple_roots ... ok
test integration::spec_runtime::execute_spec_bootstrap_enforcement_blocks_when_ready_plugins_are_deferred ... ok
test integration::spec_runtime::execute_spec_bootstrap_trust_policy_blocks_unverified_high_risk_auto_apply ... ok
test integration::spec_runtime::execute_spec_bootstrap_max_tasks_limits_applied_plugins ... ok
test integration::spec_runtime::execute_spec_default_medium_policy_blocks_high_risk_tool_call_without_approval ... ok
test integration::spec_runtime::execute_spec_default_medium_policy_allows_low_risk_tool_call_without_approval ... ok
test integration::spec_runtime::execute_spec_denylist_overrides_other_approvals ... ok
test integration::spec_runtime::execute_spec_one_time_full_access_allows_high_risk_tool_call ... ok
test integration::spec_runtime::execute_spec_one_time_full_access_expired_is_rejected ... ok
test integration::spec_runtime::execute_spec_one_time_full_access_with_zero_remaining_uses_is_rejected ... ok
test integration::spec_runtime::execute_spec_enriches_plugin_bridge_metadata_and_emits_bridge_execution ... ok
test integration::spec_runtime::execute_spec_per_call_approval_allows_high_risk_tool_call ... ok
test integration::spec_runtime::execute_spec_openclaw_connector_runtime_surfaces_attested_activation_contract ... ok
test integration::spec_runtime::execute_spec_plugin_inventory_blocks_openclaw_shim_profile_mismatch ... ok
test integration::spec_runtime::execute_spec_plugin_inventory_surfaces_activation_setup_and_ownership_truth ... ok
test integration::spec_runtime::execute_spec_plugin_inventory_requires_explicit_openclaw_shim_enablement ... ok
test integration::spec_runtime::execute_spec_plugin_inventory_surfaces_host_compatibility_blockers ... ok
test integration::spec_runtime::execute_spec_plugin_preflight_blocks_embedded_source_sdk_release_contracts ... ok
test integration::spec_runtime::execute_spec_plugin_preflight_applies_contract_drift_exception_lane ... ok
test integration::spec_runtime::execute_spec_plugin_preflight_honors_custom_policy_path_and_sha ... ok
test integration::spec_runtime::execute_spec_plugin_preflight_summarizes_runtime_activation_blockers ... ok
test integration::spec_runtime::execute_spec_returns_blocked_instead_of_panicking_on_operation_error ... ok
test integration::spec_runtime::execute_spec_runs_runtime_extension_and_captures_audit ... ok
test integration::spec_runtime::execute_spec_plugin_scan_is_transactional_when_blocked ... ok
test integration::spec_runtime::execute_spec_scans_multiple_roots_and_absorbs_per_root ... ok
test integration::spec_runtime::execute_spec_scans_plugin_files_and_absorbs_them_for_hotplug ... ok
test integration::spec_runtime::execute_spec_security_scan_allows_clean_wasm_with_hash_pin ... ok
test integration::spec_runtime::execute_spec_security_scan_allows_clean_wasm_with_metadata_hash_pin ... ok
test integration::spec_runtime::execute_spec_security_scan_blocks_when_metadata_hash_pin_is_invalid ... ok
test integration::spec_runtime::execute_spec_security_scan_blocks_wasm_plugin_with_wasi_import ... ok
test integration::spec_runtime::execute_spec_security_scan_covers_deferred_plugins_not_only_applied_subset ... ok
test integration::spec_runtime::execute_spec_security_scan_blocks_when_metadata_pin_conflicts_with_policy_pin ... ok
test integration::spec_runtime::execute_spec_security_scan_emits_audit_summary_when_not_blocking ... ok
test integration::spec_runtime::execute_spec_security_scan_exports_siem_record_with_truncation ... ok
test integration::spec_runtime::execute_spec_security_scan_siem_fail_closed_blocks_execution ... ok
test integration::spec_runtime::execute_spec_strict_mode_requires_approval_for_low_risk_tool_call ... ok
test integration::spec_runtime::execute_spec_skips_blocked_plugins_when_bridge_enforcement_is_disabled ... ok
test integration::spec_runtime::execute_spec_tool_core_can_run_config_import_plan_via_native_tool_runtime ... ok
test integration::spec_runtime::execute_spec_tool_extension_apply_selected_safe_merge_keeps_native_prompt ... ok
test integration::spec_runtime::execute_spec_tool_extension_can_discover_multiple_sources ... ok
test integration::spec_runtime::execute_spec_tool_extension_can_hot_handle_config_import_via_core_wrapper ... ok
test integration::spec_runtime::execute_spec_tool_extension_can_merge_profiles_without_merging_prompt_lane ... ok
test integration::spec_runtime::execute_spec_tool_search_conflicting_trust_filters_fail_closed ... ok
test integration::spec_runtime::execute_spec_tool_search_filters_by_structured_trust_tiers ... ok
test integration::spec_runtime::execute_spec_tool_search_filters_by_trust_tier_query_prefix ... ok
test integration::spec_runtime::execute_spec_tool_search_honors_deferred_filter_and_examples ... ok
test integration::spec_runtime::execute_spec_tool_search_surfaces_slot_claim_activation_conflicts ... ok
test integration::spec_runtime::execute_spec_tool_search_uses_explicit_plugin_setup_readiness_context ... ok
test integration::spec_runtime::execute_spec_tool_search_uses_translation_bridge_kind_for_unabsorbed_plugins ... ok
test integration::spec_runtime::execute_spec_wasm_component_bridge_blocks_artifact_outside_runtime_prefixes ... ok
test integration::spec_runtime::execute_spec_wasm_component_bridge_blocks_non_regular_artifact_path ... ok
test integration::spec_runtime::execute_spec_wasm_component_bridge_blocks_when_component_sha256_mismatches ... ok
test integration::spec_runtime::execute_spec_wasm_component_bridge_blocks_when_hash_pin_required_but_missing ... ok
test integration::spec_runtime::execute_spec_wasm_component_bridge_blocks_when_metadata_pin_conflicts_with_policy_pin ... ok
test integration::spec_runtime::execute_spec_wasm_component_bridge_blocks_when_module_size_exceeds_runtime_limit ... ok
test integration::spec_runtime::execute_spec_wasm_component_bridge_exchanges_request_output_when_runtime_enabled ... ok
test integration::spec_runtime::execute_spec_wasm_component_bridge_executes_with_timeout_guard_and_no_cache ... ok
test integration::spec_runtime::execute_spec_wasm_component_bridge_reads_allowlisted_guest_config_when_runtime_enabled ... ok
test integration::skills_cli::execute_skills_command_installs_bundled_pack_members ... ok
test integration::spec_runtime::init_spec_cli_plugin_trust_guard_preset_writes_expected_bootstrap_defaults ... ok
test integration::spec_runtime::plugin_bootstrap_trust_policy_fixture_blocks_unverified_process_plugin ... ok
test integration::spec_runtime::read_spec_file_accepts_cli_bridge_support_selection_override_when_file_has_none ... ok
test integration::spec_runtime::read_spec_file_materializes_relative_bridge_support_delta_selection ... ok
test integration::spec_runtime::read_spec_file_rejects_inline_bridge_support_and_selection_mix ... ok
test integration::spec_runtime::read_spec_file_surfaces_inline_bridge_support_provenance ... ok
test integration::skills_cli::execute_skills_command_installs_lists_inspects_and_removes_skill ... ok
test integration::skills_cli::execute_skills_command_list_anchors_project_scope_to_config_directory_when_file_root_is_unset ... ok
test integration::spec_runtime::run_spec_cli_emits_bridge_support_provenance_in_final_report ... ok
test integration::spec_runtime::execute_spec_wasm_component_bridge_times_out_and_reports_timeout_evidence ... ok
test integration::skills_cli::execute_skills_command_list_keeps_inactive_managed_winner_visible_to_operator ... ok
test integration::spec_runtime::runtime_extension_fixture_uses_backward_compatible_spec_defaults ... ok
test integration::spec_runtime::security_scan_profile_path_overrides_bundled_defaults ... ok
test integration::spec_runtime::security_scan_profile_sha256_pin_accepts_matching_profile ... ok
test integration::spec_runtime::run_spec_cli_rejects_bridge_support_sha256_pins_without_policy_source ... ok
test integration::spec_runtime::template_spec_is_json_roundtrip_stable ... ok
test integration::spec_runtime::tool_search_trusted_fixture_parses_structured_trust_tiers ... ok
test integration::spec_runtime_bridge::bridge_http_json_runtime_evidence_snapshots_stable ... ok
test integration::spec_runtime_bridge::bridge_process_stdio_runtime_evidence_snapshots_stable ... ok
test integration::spec_runtime_bridge::http_json::execute_spec_http_json_bridge_blocks_when_protocol_authorization_fails ... ok
test integration::spec_runtime::security_scan_profile_signature_accepts_matching_signature ... ok
test integration::skills_cli::execute_skills_command_list_prefers_nearest_project_ancestor_for_duplicate_skill_ids ... ok
test integration::spec_runtime_bridge::http_json::execute_spec_http_json_bridge_strict_contract_fails_on_id_mismatch ... ok
test integration::spec_runtime_bridge::http_json::execute_spec_http_json_bridge_strict_contract_executes_on_matching_frame ... ok
test integration::spec_runtime_bridge::http_json::execute_spec_http_json_bridge_executes_against_local_server ... ok
test integration::spec_runtime_bridge::http_json::execute_spec_http_json_bridge_strict_contract_fails_on_method_mismatch ... ok
test integration::skills_cli::execute_skills_command_list_reports_scopes_and_shadowed_skills ... ok
test integration::spec_runtime::run_spec_cli_render_summary_preserves_stdout_json_and_writes_trust_search_summary ... ok
test integration::status_cli::cli_status_help_mentions_operator_runtime_summary ... ok
test integration::status_cli::cli_status_parse_accepts_config_and_json_flags ... ok
test integration::skills_cli::execute_skills_command_list_shows_operator_only_and_ineligible_skill_metadata ... ok
test integration::spec_runtime::run_spec_cli_render_summary_surfaces_blocked_plugin_trust_review ... ok
test integration::skills_cli::execute_skills_command_operator_inspection_still_works_when_runtime_is_disabled ... ok
test integration::skills_cli::execute_skills_command_recommend_surfaces_manual_only_limitations ... ok
test integration::spec_runtime::run_spec_cli_resolves_bridge_support_delta_override_relative_to_process_cwd ... ok
test integration::skills_cli::execute_skills_command_search_surfaces_active_shadowed_and_blocked_matches ... ok
test integration::spec_runtime::execute_spec_surfaces_setup_incomplete_plugins_without_marking_them_ready ... ok
test integration::spec_runtime_bridge::process_stdio::execute_spec_process_stdio_bridge_blocks_when_command_not_allowlisted ... ok
test integration::spec_runtime_bridge::process_stdio::execute_spec_process_stdio_bridge_blocks_when_protocol_authorization_fails ... ok
test integration::spec_runtime_bridge::process_stdio::execute_spec_process_stdio_bridge_executes_when_enabled_and_allowed ... FAILED
test integration::spec_runtime_bridge::process_stdio::execute_spec_process_stdio_bridge_fails_on_invalid_json_line_response ... FAILED
test integration::status_cli::status_cli_prefers_live_gateway_operator_summary_for_matching_config ... ok
test integration::status_cli::doctor_cli_json_includes_schema_for_machine_readable_automation ... ok
test integration::tasks_cli::execute_tasks_command_cancel_dry_run_surfaces_cancel_action ... ok
test integration::status_cli::status_cli_json_rolls_up_gateway_acp_and_work_unit_sections ... ok
test integration::tasks_cli::render_tasks_events_text_escapes_control_characters ... ok
test integration::tasks_cli::render_tasks_status_text_escapes_control_characters ... ok
test integration::status_cli::status_cli_text_surfaces_section_summaries_and_recipes ... ok
test integration::tasks_cli::tasks_create_cli_parses_global_flags_after_subcommand ... ok
test integration::tasks_cli::tasks_wait_cli_parses_session_and_timeout_flags ... ok
test integration::tasks_cli::execute_tasks_command_create_latest_session_selector_resolves_newest_resumable_root ... ok
test integration::tasks_cli::execute_tasks_command_create_queues_background_task_and_surfaces_follow_up_recipes ... ok
test integration::tasks_cli::execute_tasks_command_create_returns_queued_outcome_when_task_hydration_fails ... ok
test integration::validate_config_root::resolve_validate_output_accepts_explicit_problem_json ... ok
test integration::validate_config_root::resolve_validate_output_defaults_to_text ... ok
test integration::validate_config_root::resolve_validate_output_rejects_conflicting_json_and_output_flags ... ok
test integration::validate_config_root::resolve_validate_output_uses_json_flag_legacy_alias ... ok
test integration::validate_config_root::validation_summary_counts_error_and_warning_diagnostics_separately ... ok
test integration::validate_config_root::validation_summary_treats_warning_only_diagnostics_as_valid ... ok
test integration::validation_summary_counts_error_and_warning_diagnostics_separately ... ok
test integration::validation_summary_treats_warning_only_diagnostics_as_valid ... ok
test integration::work_unit_cli::cli_work_unit_help_mentions_durable_runtime_commands ... ok
test integration::work_unit_cli::cli_work_unit_parse_accepts_full_complete_command_shape ... ok
test integration::work_unit_cli::cli_work_unit_parse_accepts_update_command_shape ... ok
test integration::tasks_cli::execute_tasks_command_events_and_wait_surface_incremental_payloads ... ok
test integration::tasks_cli::execute_tasks_command_latest_session_selector_rejects_missing_resumable_root ... ok
test integration::tasks_cli::execute_tasks_command_list_counts_background_tasks_beyond_session_tool_limit ... ok
test integration::tasks_cli::execute_tasks_command_list_latest_session_selector_uses_selected_root_scope ... ok
test integration::tasks_cli::execute_tasks_command_list_returns_visible_background_tasks ... ok
test integration::tasks_cli::execute_tasks_command_recover_dry_run_surfaces_non_recoverable_result ... ok
test integration::tasks_cli::tasks_cli_environment_guard_clears_tracked_env_vars_before_applying_overrides ... ok
test integration::tasks_cli::execute_tasks_command_status_surfaces_approval_and_tool_policy ... ok
test integration::trajectory_export_cli::collect_trajectory_export_artifact_includes_turns_and_events ... ok
test integration::trajectory_export_cli::load_trajectory_export_artifact_rejects_wrong_schema_surface ... ok
test integration::trajectory_export_cli::load_trajectory_export_artifact_round_trips_written_json ... ok
test integration::work_unit_cli::work_unit_cli_create_claim_complete_and_archive_round_trip ... ok
test integration::work_unit_cli::work_unit_cli_update_text_output_uses_snake_case_status_labels ... ok

failures:

---- integration::cli_tests::grouped_channels_serve_bridge_surfaces_fail_with_managed_runtime_errors stdout ----

thread 'integration::cli_tests::grouped_channels_serve_bridge_surfaces_fail_with_managed_runtime_errors' (21204) panicked at crates\daemon\tests\integration\cli_tests.rs:351:9:
`qqbot` serve should reach the managed bridge runtime gate, stderr="2026-04-24T07:09:20.117309Z ERROR loong.daemon: CLI command failed command_kind=channels error_code=unclassified\nerror: qqbot account `default` is disabled by configuration\n"
note: run with `RUST_BACKTRACE=1` environment variable to display a backtrace

---- integration::spec_runtime_bridge::process_stdio::execute_spec_process_stdio_bridge_executes_when_enabled_and_allowed stdout ----

thread 'integration::spec_runtime_bridge::process_stdio::execute_spec_process_stdio_bridge_executes_when_enabled_and_allowed' (25584) panicked at crates\daemon\tests\integration\spec_runtime_bridge\process_stdio.rs:117:5:
assertion `left == right` failed
  left: "blocked"
 right: "connector_legacy"

---- integration::spec_runtime_bridge::process_stdio::execute_spec_process_stdio_bridge_fails_on_invalid_json_line_response stdout ----

thread 'integration::spec_runtime_bridge::process_stdio::execute_spec_process_stdio_bridge_fails_on_invalid_json_line_response' (16208) panicked at crates\daemon\tests\integration\spec_runtime_bridge\process_stdio.rs:370:5:
unexpected failure reason: failed to spawn process command printf: program not found


failures:
    integration::cli_tests::grouped_channels_serve_bridge_surfaces_fail_with_managed_runtime_errors
    integration::spec_runtime_bridge::process_stdio::execute_spec_process_stdio_bridge_executes_when_enabled_and_allowed
    integration::spec_runtime_bridge::process_stdio::execute_spec_process_stdio_bridge_fails_on_invalid_json_line_response

test result: FAILED. 986 passed; 3 failed; 0 ignored; 0 measured; 0 filtered out; finished in 90.23s

error: test failed, to rerun pass `-p loong --test integration`
